

================================================================
== Vivado HLS Report for 'conv_2d_cl_array_array_ap_fixed_8u_config2_s'
================================================================
* Date:           Sun Nov 14 10:19:40 2021

* Version:        2019.1 (Build 2552052 on Fri May 24 15:28:33 MDT 2019)
* Project:        myproject_prj
* Solution:       solution1
* Product family: zynq
* Target device:  xc7z020-clg400-1


================================================================
== Performance Estimates
================================================================
+ Timing (ns): 
    * Summary: 
    +--------+-------+----------+------------+
    |  Clock | Target| Estimated| Uncertainty|
    +--------+-------+----------+------------+
    |ap_clk  |   5.00|     5.723|        0.62|
    +--------+-------+----------+------------+

+ Latency (clock cycles): 
    * Summary: 
    +-------+--------+-------+--------+---------+
    |     Latency    |    Interval    | Pipeline|
    |  min  |   max  |  min  |   max  |   Type  |
    +-------+--------+-------+--------+---------+
    |  37008|  249804|  37008|  249804|   none  |
    +-------+--------+-------+--------+---------+

    + Detail: 
        * Instance: 
        N/A

        * Loop: 
        +----------------------------------+-------+--------+----------+-----------+-----------+------+----------+
        |                                  |     Latency    | Iteration|  Initiation Interval  | Trip |          |
        |             Loop Name            |  min  |   max  |  Latency |  achieved |   target  | Count| Pipelined|
        +----------------------------------+-------+--------+----------+-----------+-----------+------+----------+
        |- ReadInputHeight_ReadInputWidth  |  37007|  249803|  4 ~ 27  |          -|          -|  9252|    no    |
        | + ReuseLoop                      |     22|      22|         6|          1|          1|    18|    yes   |
        +----------------------------------+-------+--------+----------+-----------+-----------+------+----------+

============================================================
+ Verbose Summary: Synthesis Manager
============================================================
InlineROM: 1
ExposeGlobal: 0
============================================================
+ Verbose Summary: CDFG Model
============================================================
IsTopModel: 0
ResetActiveHigh: 1
IsCombinational: 2
IsDatapathOnly: 0
HasWiredReturn: 1
HasMFsm: 0
HasVarLatency: 1
IsPipeline: 0
IsRtlPipelined: 0
IsInstanceOverlapped: 0
IsDontTouch: 0
HasImplIP: 0
IsGatedGlobalClock: 0

+ Individual pipeline summary: 
  * Pipeline-0: initiation interval (II) = 1, depth = 6


============================================================
+ Verbose Summary: Schedule
============================================================
* Number of FSM states : 11
* Pipeline : 1
  Pipeline-0 : II = 1, D = 6, States = { 4 5 6 7 8 9 }
* Dataflow Pipeline: 0

* FSM state transitions: 
1 --> 2 
2 --> 3 
3 --> 10 4 
4 --> 5 
5 --> 6 
6 --> 7 
7 --> 8 
8 --> 9 
9 --> 10 4 
10 --> 11 
11 --> 2 

* FSM state operations: 

State 1 <SV = 0> <Delay = 1.76>
ST_1 : Operation 12 [1/1] (0.00ns)   --->   "call void (...)* @_ssdm_op_SpecInterface(i14* %res_V_data_7_V, [8 x i8]* @ap_fifo_str, i32 0, i32 0, [1 x i8]* @p_str, i32 0, i32 0, [1 x i8]* @p_str, [1 x i8]* @p_str, [1 x i8]* @p_str, i32 2, i32 2, i32 16, i32 16, [1 x i8]* @p_str, [1 x i8]* @p_str)"   --->   Operation 12 'specinterface' <Predicate = true> <Delay = 0.00>
ST_1 : Operation 13 [1/1] (0.00ns)   --->   "call void (...)* @_ssdm_op_SpecInterface(i14* %res_V_data_6_V, [8 x i8]* @ap_fifo_str, i32 0, i32 0, [1 x i8]* @p_str, i32 0, i32 0, [1 x i8]* @p_str, [1 x i8]* @p_str, [1 x i8]* @p_str, i32 2, i32 2, i32 16, i32 16, [1 x i8]* @p_str, [1 x i8]* @p_str)"   --->   Operation 13 'specinterface' <Predicate = true> <Delay = 0.00>
ST_1 : Operation 14 [1/1] (0.00ns)   --->   "call void (...)* @_ssdm_op_SpecInterface(i14* %res_V_data_5_V, [8 x i8]* @ap_fifo_str, i32 0, i32 0, [1 x i8]* @p_str, i32 0, i32 0, [1 x i8]* @p_str, [1 x i8]* @p_str, [1 x i8]* @p_str, i32 2, i32 2, i32 16, i32 16, [1 x i8]* @p_str, [1 x i8]* @p_str)"   --->   Operation 14 'specinterface' <Predicate = true> <Delay = 0.00>
ST_1 : Operation 15 [1/1] (0.00ns)   --->   "call void (...)* @_ssdm_op_SpecInterface(i14* %res_V_data_4_V, [8 x i8]* @ap_fifo_str, i32 0, i32 0, [1 x i8]* @p_str, i32 0, i32 0, [1 x i8]* @p_str, [1 x i8]* @p_str, [1 x i8]* @p_str, i32 2, i32 2, i32 16, i32 16, [1 x i8]* @p_str, [1 x i8]* @p_str)"   --->   Operation 15 'specinterface' <Predicate = true> <Delay = 0.00>
ST_1 : Operation 16 [1/1] (0.00ns)   --->   "call void (...)* @_ssdm_op_SpecInterface(i14* %res_V_data_3_V, [8 x i8]* @ap_fifo_str, i32 0, i32 0, [1 x i8]* @p_str, i32 0, i32 0, [1 x i8]* @p_str, [1 x i8]* @p_str, [1 x i8]* @p_str, i32 2, i32 2, i32 16, i32 16, [1 x i8]* @p_str, [1 x i8]* @p_str)"   --->   Operation 16 'specinterface' <Predicate = true> <Delay = 0.00>
ST_1 : Operation 17 [1/1] (0.00ns)   --->   "call void (...)* @_ssdm_op_SpecInterface(i14* %res_V_data_2_V, [8 x i8]* @ap_fifo_str, i32 0, i32 0, [1 x i8]* @p_str, i32 0, i32 0, [1 x i8]* @p_str, [1 x i8]* @p_str, [1 x i8]* @p_str, i32 2, i32 2, i32 16, i32 16, [1 x i8]* @p_str, [1 x i8]* @p_str)"   --->   Operation 17 'specinterface' <Predicate = true> <Delay = 0.00>
ST_1 : Operation 18 [1/1] (0.00ns)   --->   "call void (...)* @_ssdm_op_SpecInterface(i14* %res_V_data_1_V, [8 x i8]* @ap_fifo_str, i32 0, i32 0, [1 x i8]* @p_str, i32 0, i32 0, [1 x i8]* @p_str, [1 x i8]* @p_str, [1 x i8]* @p_str, i32 2, i32 2, i32 16, i32 16, [1 x i8]* @p_str, [1 x i8]* @p_str)"   --->   Operation 18 'specinterface' <Predicate = true> <Delay = 0.00>
ST_1 : Operation 19 [1/1] (0.00ns)   --->   "call void (...)* @_ssdm_op_SpecInterface(i14* %res_V_data_0_V, [8 x i8]* @ap_fifo_str, i32 0, i32 0, [1 x i8]* @p_str, i32 0, i32 0, [1 x i8]* @p_str, [1 x i8]* @p_str, [1 x i8]* @p_str, i32 2, i32 2, i32 16, i32 16, [1 x i8]* @p_str, [1 x i8]* @p_str)"   --->   Operation 19 'specinterface' <Predicate = true> <Delay = 0.00>
ST_1 : Operation 20 [1/1] (0.00ns)   --->   "call void (...)* @_ssdm_op_SpecInterface(i16* %data_V_data_V, [8 x i8]* @ap_fifo_str, i32 0, i32 0, [1 x i8]* @p_str, i32 0, i32 0, [1 x i8]* @p_str, [1 x i8]* @p_str, [1 x i8]* @p_str, i32 2, i32 2, i32 16, i32 16, [1 x i8]* @p_str, [1 x i8]* @p_str)"   --->   Operation 20 'specinterface' <Predicate = true> <Delay = 0.00>
ST_1 : Operation 21 [1/1] (1.76ns)   --->   "br label %.reset"   --->   Operation 21 'br' <Predicate = true> <Delay = 1.76>

State 2 <SV = 1> <Delay = 2.18>
ST_2 : Operation 22 [1/1] (2.18ns)   --->   "%tmp_data_0_V = call i16 @_ssdm_op_Read.ap_fifo.volatile.i16P(i16* %data_V_data_V)" [firmware/nnet_utils/nnet_conv2d_stream.h:85->firmware/nnet_utils/nnet_conv2d_stream.h:103]   --->   Operation 22 'read' 'tmp_data_0_V' <Predicate = true> <Delay = 2.18> <Core = "FIFO">   --->   Core 32 'FIFO' <Latency = 0> <II = 1> <Delay = 3.63> <Storage> <Opcode : 'read' 'write' 'nbread' 'nbwrite'> <Ports = 0> <Width = 14> <Depth = 3> <FIFO>

State 3 <SV = 2> <Delay = 4.42>
ST_3 : Operation 23 [1/1] (0.00ns)   --->   "%indvar_flatten36 = phi i14 [ 0, %codeRepl ], [ %add_ln78, %"compute_output_buffer_2d<array<ap_fixed<16, 6, 5, 3, 0>, 1u>, array<ap_fixed<14, 6, 5, 3, 0>, 8u>, config2>.exit.i" ]" [firmware/nnet_utils/nnet_conv2d_stream.h:78->firmware/nnet_utils/nnet_conv2d_stream.h:103]   --->   Operation 23 'phi' 'indvar_flatten36' <Predicate = true> <Delay = 0.00>
ST_3 : Operation 24 [1/1] (0.00ns)   --->   "call void (...)* @_ssdm_op_SpecLoopName([31 x i8]* @ReadInputHeight_ReadInputWidth_str)"   --->   Operation 24 'specloopname' <Predicate = true> <Delay = 0.00>
ST_3 : Operation 25 [1/1] (0.00ns)   --->   "%empty_692 = call i32 (...)* @_ssdm_op_SpecLoopTripCount(i64 9252, i64 9252, i64 9252)"   --->   Operation 25 'speclooptripcount' 'empty_692' <Predicate = true> <Delay = 0.00>
ST_3 : Operation 26 [1/1] (0.00ns)   --->   "call void (...)* @_ssdm_op_SpecLoopName([15 x i8]* @p_str81) nounwind" [firmware/nnet_utils/nnet_conv2d_stream.h:79->firmware/nnet_utils/nnet_conv2d_stream.h:103]   --->   Operation 26 'specloopname' <Predicate = true> <Delay = 0.00>
ST_3 : Operation 27 [1/1] (0.00ns)   --->   "%kernel_data_V_1_1_load = load i16* @kernel_data_V_1_1, align 2" [firmware/nnet_utils/nnet_conv_stream.h:268->firmware/nnet_utils/nnet_conv2d_stream.h:85->firmware/nnet_utils/nnet_conv2d_stream.h:103]   --->   Operation 27 'load' 'kernel_data_V_1_1_load' <Predicate = true> <Delay = 0.00>
ST_3 : Operation 28 [1/1] (0.00ns)   --->   "%kernel_data_V_1_2_load = load i16* @kernel_data_V_1_2, align 2" [firmware/nnet_utils/nnet_conv_stream.h:268->firmware/nnet_utils/nnet_conv2d_stream.h:85->firmware/nnet_utils/nnet_conv2d_stream.h:103]   --->   Operation 28 'load' 'kernel_data_V_1_2_load' <Predicate = true> <Delay = 0.00>
ST_3 : Operation 29 [1/1] (0.00ns)   --->   "%kernel_data_V_1_4_load = load i16* @kernel_data_V_1_4, align 2" [firmware/nnet_utils/nnet_conv_stream.h:268->firmware/nnet_utils/nnet_conv2d_stream.h:85->firmware/nnet_utils/nnet_conv2d_stream.h:103]   --->   Operation 29 'load' 'kernel_data_V_1_4_load' <Predicate = true> <Delay = 0.00>
ST_3 : Operation 30 [1/1] (0.00ns)   --->   "%kernel_data_V_1_5_load = load i16* @kernel_data_V_1_5, align 2" [firmware/nnet_utils/nnet_conv_stream.h:268->firmware/nnet_utils/nnet_conv2d_stream.h:85->firmware/nnet_utils/nnet_conv2d_stream.h:103]   --->   Operation 30 'load' 'kernel_data_V_1_5_load' <Predicate = true> <Delay = 0.00>
ST_3 : Operation 31 [1/1] (0.00ns)   --->   "%kernel_data_V_1_7_load = load i16* @kernel_data_V_1_7, align 2" [firmware/nnet_utils/nnet_conv_stream.h:268->firmware/nnet_utils/nnet_conv2d_stream.h:85->firmware/nnet_utils/nnet_conv2d_stream.h:103]   --->   Operation 31 'load' 'kernel_data_V_1_7_load' <Predicate = true> <Delay = 0.00>
ST_3 : Operation 32 [1/1] (0.00ns)   --->   "%kernel_data_V_1_8_load = load i16* @kernel_data_V_1_8, align 2" [firmware/nnet_utils/nnet_conv_stream.h:268->firmware/nnet_utils/nnet_conv2d_stream.h:85->firmware/nnet_utils/nnet_conv2d_stream.h:103]   --->   Operation 32 'load' 'kernel_data_V_1_8_load' <Predicate = true> <Delay = 0.00>
ST_3 : Operation 33 [1/1] (3.24ns)   --->   "%call_ret = call fastcc { i16, i16, i16, i16, i16, i16, i16, i16, i16 } @"shift_line_buffer<array<ap_fixed,1u>,config2>"(i16 %tmp_data_0_V, i16 %kernel_data_V_1_1_load, i16 %kernel_data_V_1_2_load, i16 %kernel_data_V_1_4_load, i16 %kernel_data_V_1_5_load, i16 %kernel_data_V_1_7_load, i16 %kernel_data_V_1_8_load)" [firmware/nnet_utils/nnet_conv_stream.h:268->firmware/nnet_utils/nnet_conv2d_stream.h:85->firmware/nnet_utils/nnet_conv2d_stream.h:103]   --->   Operation 33 'call' 'call_ret' <Predicate = true> <Delay = 3.24> <CoreType = "Generic">   --->   Core 0 '' <Latency = 0> <II = 1> <Delay = 1.00> <Generic> <Opcode : >
ST_3 : Operation 34 [1/1] (0.00ns)   --->   "%kernel_data_V_1_6_ret = extractvalue { i16, i16, i16, i16, i16, i16, i16, i16, i16 } %call_ret, 2" [firmware/nnet_utils/nnet_conv_stream.h:268->firmware/nnet_utils/nnet_conv2d_stream.h:85->firmware/nnet_utils/nnet_conv2d_stream.h:103]   --->   Operation 34 'extractvalue' 'kernel_data_V_1_6_ret' <Predicate = true> <Delay = 0.00>
ST_3 : Operation 35 [1/1] (0.00ns)   --->   "%kernel_data_V_1_3_ret = extractvalue { i16, i16, i16, i16, i16, i16, i16, i16, i16 } %call_ret, 1" [firmware/nnet_utils/nnet_conv_stream.h:268->firmware/nnet_utils/nnet_conv2d_stream.h:85->firmware/nnet_utils/nnet_conv2d_stream.h:103]   --->   Operation 35 'extractvalue' 'kernel_data_V_1_3_ret' <Predicate = true> <Delay = 0.00>
ST_3 : Operation 36 [1/1] (0.00ns)   --->   "%kernel_data_V_1_0_ret = extractvalue { i16, i16, i16, i16, i16, i16, i16, i16, i16 } %call_ret, 0" [firmware/nnet_utils/nnet_conv_stream.h:268->firmware/nnet_utils/nnet_conv2d_stream.h:85->firmware/nnet_utils/nnet_conv2d_stream.h:103]   --->   Operation 36 'extractvalue' 'kernel_data_V_1_0_ret' <Predicate = true> <Delay = 0.00>
ST_3 : Operation 37 [1/1] (0.00ns)   --->   "%kernel_data_V_1_1_ret = extractvalue { i16, i16, i16, i16, i16, i16, i16, i16, i16 } %call_ret, 3" [firmware/nnet_utils/nnet_conv_stream.h:268->firmware/nnet_utils/nnet_conv2d_stream.h:85->firmware/nnet_utils/nnet_conv2d_stream.h:103]   --->   Operation 37 'extractvalue' 'kernel_data_V_1_1_ret' <Predicate = true> <Delay = 0.00>
ST_3 : Operation 38 [1/1] (0.00ns)   --->   "store i16 %kernel_data_V_1_1_ret, i16* @kernel_data_V_1_1, align 2" [firmware/nnet_utils/nnet_conv_stream.h:268->firmware/nnet_utils/nnet_conv2d_stream.h:85->firmware/nnet_utils/nnet_conv2d_stream.h:103]   --->   Operation 38 'store' <Predicate = true> <Delay = 0.00>
ST_3 : Operation 39 [1/1] (0.00ns)   --->   "%kernel_data_V_1_2_ret = extractvalue { i16, i16, i16, i16, i16, i16, i16, i16, i16 } %call_ret, 4" [firmware/nnet_utils/nnet_conv_stream.h:268->firmware/nnet_utils/nnet_conv2d_stream.h:85->firmware/nnet_utils/nnet_conv2d_stream.h:103]   --->   Operation 39 'extractvalue' 'kernel_data_V_1_2_ret' <Predicate = true> <Delay = 0.00>
ST_3 : Operation 40 [1/1] (0.00ns)   --->   "store i16 %kernel_data_V_1_2_ret, i16* @kernel_data_V_1_2, align 2" [firmware/nnet_utils/nnet_conv_stream.h:268->firmware/nnet_utils/nnet_conv2d_stream.h:85->firmware/nnet_utils/nnet_conv2d_stream.h:103]   --->   Operation 40 'store' <Predicate = true> <Delay = 0.00>
ST_3 : Operation 41 [1/1] (0.00ns)   --->   "%kernel_data_V_1_4_ret = extractvalue { i16, i16, i16, i16, i16, i16, i16, i16, i16 } %call_ret, 5" [firmware/nnet_utils/nnet_conv_stream.h:268->firmware/nnet_utils/nnet_conv2d_stream.h:85->firmware/nnet_utils/nnet_conv2d_stream.h:103]   --->   Operation 41 'extractvalue' 'kernel_data_V_1_4_ret' <Predicate = true> <Delay = 0.00>
ST_3 : Operation 42 [1/1] (0.00ns)   --->   "store i16 %kernel_data_V_1_4_ret, i16* @kernel_data_V_1_4, align 2" [firmware/nnet_utils/nnet_conv_stream.h:268->firmware/nnet_utils/nnet_conv2d_stream.h:85->firmware/nnet_utils/nnet_conv2d_stream.h:103]   --->   Operation 42 'store' <Predicate = true> <Delay = 0.00>
ST_3 : Operation 43 [1/1] (0.00ns)   --->   "%kernel_data_V_1_5_ret = extractvalue { i16, i16, i16, i16, i16, i16, i16, i16, i16 } %call_ret, 6" [firmware/nnet_utils/nnet_conv_stream.h:268->firmware/nnet_utils/nnet_conv2d_stream.h:85->firmware/nnet_utils/nnet_conv2d_stream.h:103]   --->   Operation 43 'extractvalue' 'kernel_data_V_1_5_ret' <Predicate = true> <Delay = 0.00>
ST_3 : Operation 44 [1/1] (0.00ns)   --->   "store i16 %kernel_data_V_1_5_ret, i16* @kernel_data_V_1_5, align 2" [firmware/nnet_utils/nnet_conv_stream.h:268->firmware/nnet_utils/nnet_conv2d_stream.h:85->firmware/nnet_utils/nnet_conv2d_stream.h:103]   --->   Operation 44 'store' <Predicate = true> <Delay = 0.00>
ST_3 : Operation 45 [1/1] (0.00ns)   --->   "%kernel_data_V_1_7_ret = extractvalue { i16, i16, i16, i16, i16, i16, i16, i16, i16 } %call_ret, 7" [firmware/nnet_utils/nnet_conv_stream.h:268->firmware/nnet_utils/nnet_conv2d_stream.h:85->firmware/nnet_utils/nnet_conv2d_stream.h:103]   --->   Operation 45 'extractvalue' 'kernel_data_V_1_7_ret' <Predicate = true> <Delay = 0.00>
ST_3 : Operation 46 [1/1] (0.00ns)   --->   "store i16 %kernel_data_V_1_7_ret, i16* @kernel_data_V_1_7, align 2" [firmware/nnet_utils/nnet_conv_stream.h:268->firmware/nnet_utils/nnet_conv2d_stream.h:85->firmware/nnet_utils/nnet_conv2d_stream.h:103]   --->   Operation 46 'store' <Predicate = true> <Delay = 0.00>
ST_3 : Operation 47 [1/1] (0.00ns)   --->   "%kernel_data_V_1_8_ret = extractvalue { i16, i16, i16, i16, i16, i16, i16, i16, i16 } %call_ret, 8" [firmware/nnet_utils/nnet_conv_stream.h:268->firmware/nnet_utils/nnet_conv2d_stream.h:85->firmware/nnet_utils/nnet_conv2d_stream.h:103]   --->   Operation 47 'extractvalue' 'kernel_data_V_1_8_ret' <Predicate = true> <Delay = 0.00>
ST_3 : Operation 48 [1/1] (0.00ns)   --->   "store i16 %kernel_data_V_1_8_ret, i16* @kernel_data_V_1_8, align 2" [firmware/nnet_utils/nnet_conv_stream.h:268->firmware/nnet_utils/nnet_conv2d_stream.h:85->firmware/nnet_utils/nnet_conv2d_stream.h:103]   --->   Operation 48 'store' <Predicate = true> <Delay = 0.00>
ST_3 : Operation 49 [1/1] (0.00ns)   --->   "store i16 %kernel_data_V_1_0_ret, i16* @kernel_data_V_1_0, align 2" [firmware/nnet_utils/nnet_conv_stream.h:268->firmware/nnet_utils/nnet_conv2d_stream.h:85->firmware/nnet_utils/nnet_conv2d_stream.h:103]   --->   Operation 49 'store' <Predicate = true> <Delay = 0.00>
ST_3 : Operation 50 [1/1] (0.00ns)   --->   "store i16 %kernel_data_V_1_3_ret, i16* @kernel_data_V_1_3, align 2" [firmware/nnet_utils/nnet_conv_stream.h:268->firmware/nnet_utils/nnet_conv2d_stream.h:85->firmware/nnet_utils/nnet_conv2d_stream.h:103]   --->   Operation 50 'store' <Predicate = true> <Delay = 0.00>
ST_3 : Operation 51 [1/1] (0.00ns)   --->   "store i16 %kernel_data_V_1_6_ret, i16* @kernel_data_V_1_6, align 2" [firmware/nnet_utils/nnet_conv_stream.h:268->firmware/nnet_utils/nnet_conv2d_stream.h:85->firmware/nnet_utils/nnet_conv2d_stream.h:103]   --->   Operation 51 'store' <Predicate = true> <Delay = 0.00>
ST_3 : Operation 52 [1/1] (0.00ns)   --->   "%sX_5_load = load i32* @sX_5, align 4" [firmware/nnet_utils/nnet_conv_stream.h:271->firmware/nnet_utils/nnet_conv2d_stream.h:85->firmware/nnet_utils/nnet_conv2d_stream.h:103]   --->   Operation 52 'load' 'sX_5_load' <Predicate = true> <Delay = 0.00>
ST_3 : Operation 53 [1/1] (2.47ns)   --->   "%icmp_ln271 = icmp eq i32 %sX_5_load, 2" [firmware/nnet_utils/nnet_conv_stream.h:271->firmware/nnet_utils/nnet_conv2d_stream.h:85->firmware/nnet_utils/nnet_conv2d_stream.h:103]   --->   Operation 53 'icmp' 'icmp_ln271' <Predicate = true> <Delay = 2.47> <Core = "Cmp">   --->   Core 25 'Cmp' <Latency = 0> <II = 1> <Delay = 2.20> <FuncUnit> <Opcode : 'icmp'> <InPorts = 2> <OutPorts = 1>
ST_3 : Operation 54 [1/1] (0.00ns)   --->   "%sY_5_load = load i32* @sY_5, align 4" [firmware/nnet_utils/nnet_conv_stream.h:271->firmware/nnet_utils/nnet_conv2d_stream.h:85->firmware/nnet_utils/nnet_conv2d_stream.h:103]   --->   Operation 54 'load' 'sY_5_load' <Predicate = true> <Delay = 0.00>
ST_3 : Operation 55 [1/1] (2.47ns)   --->   "%icmp_ln271_1 = icmp eq i32 %sY_5_load, 2" [firmware/nnet_utils/nnet_conv_stream.h:271->firmware/nnet_utils/nnet_conv2d_stream.h:85->firmware/nnet_utils/nnet_conv2d_stream.h:103]   --->   Operation 55 'icmp' 'icmp_ln271_1' <Predicate = true> <Delay = 2.47> <Core = "Cmp">   --->   Core 25 'Cmp' <Latency = 0> <II = 1> <Delay = 2.20> <FuncUnit> <Opcode : 'icmp'> <InPorts = 2> <OutPorts = 1>
ST_3 : Operation 56 [1/1] (0.00ns)   --->   "%pY_5_load = load i32* @pY_5, align 4" [firmware/nnet_utils/nnet_conv_stream.h:271->firmware/nnet_utils/nnet_conv2d_stream.h:85->firmware/nnet_utils/nnet_conv2d_stream.h:103]   --->   Operation 56 'load' 'pY_5_load' <Predicate = true> <Delay = 0.00>
ST_3 : Operation 57 [1/1] (0.00ns)   --->   "%tmp = call i31 @_ssdm_op_PartSelect.i31.i32.i32.i32(i32 %pY_5_load, i32 1, i32 31)" [firmware/nnet_utils/nnet_conv_stream.h:271->firmware/nnet_utils/nnet_conv2d_stream.h:85->firmware/nnet_utils/nnet_conv2d_stream.h:103]   --->   Operation 57 'partselect' 'tmp' <Predicate = true> <Delay = 0.00>
ST_3 : Operation 58 [1/1] (2.47ns)   --->   "%icmp_ln271_2 = icmp sgt i31 %tmp, 0" [firmware/nnet_utils/nnet_conv_stream.h:271->firmware/nnet_utils/nnet_conv2d_stream.h:85->firmware/nnet_utils/nnet_conv2d_stream.h:103]   --->   Operation 58 'icmp' 'icmp_ln271_2' <Predicate = true> <Delay = 2.47> <Core = "Cmp">   --->   Core 25 'Cmp' <Latency = 0> <II = 1> <Delay = 2.20> <FuncUnit> <Opcode : 'icmp'> <InPorts = 2> <OutPorts = 1>
ST_3 : Operation 59 [1/1] (0.00ns)   --->   "%pX_5_load = load i32* @pX_5, align 4" [firmware/nnet_utils/nnet_conv_stream.h:271->firmware/nnet_utils/nnet_conv2d_stream.h:85->firmware/nnet_utils/nnet_conv2d_stream.h:103]   --->   Operation 59 'load' 'pX_5_load' <Predicate = true> <Delay = 0.00>
ST_3 : Operation 60 [1/1] (0.00ns)   --->   "%tmp_249 = call i31 @_ssdm_op_PartSelect.i31.i32.i32.i32(i32 %pX_5_load, i32 1, i32 31)" [firmware/nnet_utils/nnet_conv_stream.h:271->firmware/nnet_utils/nnet_conv2d_stream.h:85->firmware/nnet_utils/nnet_conv2d_stream.h:103]   --->   Operation 60 'partselect' 'tmp_249' <Predicate = true> <Delay = 0.00>
ST_3 : Operation 61 [1/1] (2.47ns)   --->   "%icmp_ln271_3 = icmp sgt i31 %tmp_249, 0" [firmware/nnet_utils/nnet_conv_stream.h:271->firmware/nnet_utils/nnet_conv2d_stream.h:85->firmware/nnet_utils/nnet_conv2d_stream.h:103]   --->   Operation 61 'icmp' 'icmp_ln271_3' <Predicate = true> <Delay = 2.47> <Core = "Cmp">   --->   Core 25 'Cmp' <Latency = 0> <II = 1> <Delay = 2.20> <FuncUnit> <Opcode : 'icmp'> <InPorts = 2> <OutPorts = 1>
ST_3 : Operation 62 [1/1] (0.00ns) (grouped into LUT with out node and_ln271_2)   --->   "%and_ln271 = and i1 %icmp_ln271, %icmp_ln271_1" [firmware/nnet_utils/nnet_conv_stream.h:271->firmware/nnet_utils/nnet_conv2d_stream.h:85->firmware/nnet_utils/nnet_conv2d_stream.h:103]   --->   Operation 62 'and' 'and_ln271' <Predicate = true> <Delay = 0.00> <Core = "LogicGate">   --->   Core 27 'LogicGate' <Latency = 0> <II = 1> <Delay = 0.97> <FuncUnit> <Opcode : 'and' 'or' 'xor'> <InPorts = 2> <OutPorts = 1>
ST_3 : Operation 63 [1/1] (0.00ns) (grouped into LUT with out node and_ln271_2)   --->   "%and_ln271_1 = and i1 %icmp_ln271_2, %icmp_ln271_3" [firmware/nnet_utils/nnet_conv_stream.h:271->firmware/nnet_utils/nnet_conv2d_stream.h:85->firmware/nnet_utils/nnet_conv2d_stream.h:103]   --->   Operation 63 'and' 'and_ln271_1' <Predicate = true> <Delay = 0.00> <Core = "LogicGate">   --->   Core 27 'LogicGate' <Latency = 0> <II = 1> <Delay = 0.97> <FuncUnit> <Opcode : 'and' 'or' 'xor'> <InPorts = 2> <OutPorts = 1>
ST_3 : Operation 64 [1/1] (0.97ns) (out node of the LUT)   --->   "%and_ln271_2 = and i1 %and_ln271_1, %and_ln271" [firmware/nnet_utils/nnet_conv_stream.h:271->firmware/nnet_utils/nnet_conv2d_stream.h:85->firmware/nnet_utils/nnet_conv2d_stream.h:103]   --->   Operation 64 'and' 'and_ln271_2' <Predicate = true> <Delay = 0.97> <Core = "LogicGate">   --->   Core 27 'LogicGate' <Latency = 0> <II = 1> <Delay = 0.97> <FuncUnit> <Opcode : 'and' 'or' 'xor'> <InPorts = 2> <OutPorts = 1>
ST_3 : Operation 65 [1/1] (1.81ns)   --->   "%add_ln78 = add i14 %indvar_flatten36, 1" [firmware/nnet_utils/nnet_conv2d_stream.h:78->firmware/nnet_utils/nnet_conv2d_stream.h:103]   --->   Operation 65 'add' 'add_ln78' <Predicate = true> <Delay = 1.81> <Core = "AddSub">   --->   Core 14 'AddSub' <Latency = 0> <II = 1> <Delay = 2.55> <FuncUnit> <Opcode : 'add' 'sub'> <InPorts = 2> <OutPorts = 1>
ST_3 : Operation 66 [1/1] (0.00ns)   --->   "br i1 %and_ln271_2, label %"nnet::dense_resource<ap_fixed<16, 6, (ap_q_mode)5, (ap_o_mode)3, 0>, ap_fixed<14, 6, (ap_q_mode)5, (ap_o_mode)3, 0>, config2_mult>.region_begin", label %._crit_edge22.i.i" [firmware/nnet_utils/nnet_conv_stream.h:271->firmware/nnet_utils/nnet_conv2d_stream.h:85->firmware/nnet_utils/nnet_conv2d_stream.h:103]   --->   Operation 66 'br' <Predicate = true> <Delay = 0.00>
ST_3 : Operation 67 [1/1] (0.00ns)   --->   "%rbegin25_i_i = call i32 (...)* @_ssdm_op_SpecRegionBegin([138 x i8]* @nnet_KD_KD_dense_resource_MD_ap_fixed_MD_16_MC_AC_6_MC_AC_1) nounwind" [firmware/nnet_utils/nnet_conv_stream.h:278->firmware/nnet_utils/nnet_conv2d_stream.h:85->firmware/nnet_utils/nnet_conv2d_stream.h:103]   --->   Operation 67 'specregionbegin' 'rbegin25_i_i' <Predicate = (and_ln271_2)> <Delay = 0.00>
ST_3 : Operation 68 [1/1] (1.76ns)   --->   "br label %ReuseLoop" [firmware/nnet_utils/nnet_dense_resource.h:151->firmware/nnet_utils/nnet_dense_resource.h:276->firmware/nnet_utils/nnet_conv_stream.h:278->firmware/nnet_utils/nnet_conv2d_stream.h:85->firmware/nnet_utils/nnet_conv2d_stream.h:103]   --->   Operation 68 'br' <Predicate = (and_ln271_2)> <Delay = 1.76>

State 4 <SV = 3> <Delay = 5.02>
ST_4 : Operation 69 [1/1] (0.00ns)   --->   "%in_index_0_i_i_i_i35 = phi i32 [ 0, %"nnet::dense_resource<ap_fixed<16, 6, (ap_q_mode)5, (ap_o_mode)3, 0>, ap_fixed<14, 6, (ap_q_mode)5, (ap_o_mode)3, 0>, config2_mult>.region_begin" ], [ %select_ln168, %ReuseLoop ]" [firmware/nnet_utils/nnet_dense_resource.h:168->firmware/nnet_utils/nnet_dense_resource.h:276->firmware/nnet_utils/nnet_conv_stream.h:278->firmware/nnet_utils/nnet_conv2d_stream.h:85->firmware/nnet_utils/nnet_conv2d_stream.h:103]   --->   Operation 69 'phi' 'in_index_0_i_i_i_i35' <Predicate = true> <Delay = 0.00>
ST_4 : Operation 70 [1/1] (0.00ns)   --->   "%w_index34 = phi i5 [ 0, %"nnet::dense_resource<ap_fixed<16, 6, (ap_q_mode)5, (ap_o_mode)3, 0>, ap_fixed<14, 6, (ap_q_mode)5, (ap_o_mode)3, 0>, config2_mult>.region_begin" ], [ %w_index, %ReuseLoop ]"   --->   Operation 70 'phi' 'w_index34' <Predicate = true> <Delay = 0.00>
ST_4 : Operation 71 [1/1] (0.00ns)   --->   "%zext_ln155 = zext i5 %w_index34 to i64" [firmware/nnet_utils/nnet_dense_resource.h:155->firmware/nnet_utils/nnet_dense_resource.h:276->firmware/nnet_utils/nnet_conv_stream.h:278->firmware/nnet_utils/nnet_conv2d_stream.h:85->firmware/nnet_utils/nnet_conv2d_stream.h:103]   --->   Operation 71 'zext' 'zext_ln155' <Predicate = true> <Delay = 0.00>
ST_4 : Operation 72 [1/1] (0.00ns)   --->   "%outidx9_addr = getelementptr [18 x i1]* @outidx9, i64 0, i64 %zext_ln155" [firmware/nnet_utils/nnet_dense_resource.h:155->firmware/nnet_utils/nnet_dense_resource.h:276->firmware/nnet_utils/nnet_conv_stream.h:278->firmware/nnet_utils/nnet_conv2d_stream.h:85->firmware/nnet_utils/nnet_conv2d_stream.h:103]   --->   Operation 72 'getelementptr' 'outidx9_addr' <Predicate = true> <Delay = 0.00>
ST_4 : Operation 73 [2/2] (3.25ns)   --->   "%out_index = load i1* %outidx9_addr, align 1" [firmware/nnet_utils/nnet_dense_resource.h:155->firmware/nnet_utils/nnet_dense_resource.h:276->firmware/nnet_utils/nnet_conv_stream.h:278->firmware/nnet_utils/nnet_conv2d_stream.h:85->firmware/nnet_utils/nnet_conv2d_stream.h:103]   --->   Operation 73 'load' 'out_index' <Predicate = true> <Delay = 3.25> <Core = "ROM_nP">   --->   Core 52 'ROM_nP' <Latency = 1> <II = 1> <Delay = 3.25> <Storage> <Opcode : 'load'> <Ports = 0> <Width = 24> <Depth = 18> <ROM>
ST_4 : Operation 74 [1/1] (0.00ns)   --->   "%w2_V_addr = getelementptr [18 x i24]* @w2_V, i64 0, i64 %zext_ln155" [firmware/nnet_utils/nnet_dense_resource.h:160->firmware/nnet_utils/nnet_dense_resource.h:276->firmware/nnet_utils/nnet_conv_stream.h:278->firmware/nnet_utils/nnet_conv2d_stream.h:85->firmware/nnet_utils/nnet_conv2d_stream.h:103]   --->   Operation 74 'getelementptr' 'w2_V_addr' <Predicate = true> <Delay = 0.00>
ST_4 : Operation 75 [2/2] (3.25ns)   --->   "%w2_V_load = load i24* %w2_V_addr, align 4" [firmware/nnet_utils/nnet_dense_resource.h:160->firmware/nnet_utils/nnet_dense_resource.h:276->firmware/nnet_utils/nnet_conv_stream.h:278->firmware/nnet_utils/nnet_conv2d_stream.h:85->firmware/nnet_utils/nnet_conv2d_stream.h:103]   --->   Operation 75 'load' 'w2_V_load' <Predicate = true> <Delay = 3.25> <Core = "ROM_nP">   --->   Core 52 'ROM_nP' <Latency = 1> <II = 1> <Delay = 3.25> <Storage> <Opcode : 'load'> <Ports = 0> <Width = 24> <Depth = 18> <ROM>
ST_4 : Operation 76 [1/1] (2.55ns)   --->   "%in_index = add nsw i32 1, %in_index_0_i_i_i_i35" [firmware/nnet_utils/nnet_dense_resource.h:167->firmware/nnet_utils/nnet_dense_resource.h:276->firmware/nnet_utils/nnet_conv_stream.h:278->firmware/nnet_utils/nnet_conv2d_stream.h:85->firmware/nnet_utils/nnet_conv2d_stream.h:103]   --->   Operation 76 'add' 'in_index' <Predicate = true> <Delay = 2.55> <Core = "AddSub">   --->   Core 14 'AddSub' <Latency = 0> <II = 1> <Delay = 2.55> <FuncUnit> <Opcode : 'add' 'sub'> <InPorts = 2> <OutPorts = 1>
ST_4 : Operation 77 [1/1] (2.47ns)   --->   "%icmp_ln168 = icmp sgt i32 %in_index, 8" [firmware/nnet_utils/nnet_dense_resource.h:168->firmware/nnet_utils/nnet_dense_resource.h:276->firmware/nnet_utils/nnet_conv_stream.h:278->firmware/nnet_utils/nnet_conv2d_stream.h:85->firmware/nnet_utils/nnet_conv2d_stream.h:103]   --->   Operation 77 'icmp' 'icmp_ln168' <Predicate = true> <Delay = 2.47> <Core = "Cmp">   --->   Core 25 'Cmp' <Latency = 0> <II = 1> <Delay = 2.20> <FuncUnit> <Opcode : 'icmp'> <InPorts = 2> <OutPorts = 1>
ST_4 : Operation 78 [1/1] (1.78ns)   --->   "%w_index = add i5 1, %w_index34" [firmware/nnet_utils/nnet_dense_resource.h:151->firmware/nnet_utils/nnet_dense_resource.h:276->firmware/nnet_utils/nnet_conv_stream.h:278->firmware/nnet_utils/nnet_conv2d_stream.h:85->firmware/nnet_utils/nnet_conv2d_stream.h:103]   --->   Operation 78 'add' 'w_index' <Predicate = true> <Delay = 1.78> <Core = "AddSub">   --->   Core 14 'AddSub' <Latency = 0> <II = 1> <Delay = 2.55> <FuncUnit> <Opcode : 'add' 'sub'> <InPorts = 2> <OutPorts = 1>
ST_4 : Operation 79 [1/1] (1.36ns)   --->   "%icmp_ln151 = icmp eq i5 %w_index34, -15" [firmware/nnet_utils/nnet_dense_resource.h:151->firmware/nnet_utils/nnet_dense_resource.h:276->firmware/nnet_utils/nnet_conv_stream.h:278->firmware/nnet_utils/nnet_conv2d_stream.h:85->firmware/nnet_utils/nnet_conv2d_stream.h:103]   --->   Operation 79 'icmp' 'icmp_ln151' <Predicate = true> <Delay = 1.36> <Core = "Cmp">   --->   Core 25 'Cmp' <Latency = 0> <II = 1> <Delay = 2.20> <FuncUnit> <Opcode : 'icmp'> <InPorts = 2> <OutPorts = 1>
ST_4 : Operation 80 [1/1] (0.00ns)   --->   "br i1 %icmp_ln151, label %"nnet::dense_resource<ap_fixed<16, 6, (ap_q_mode)5, (ap_o_mode)3, 0>, ap_fixed<14, 6, (ap_q_mode)5, (ap_o_mode)3, 0>, config2_mult>.region_end", label %ReuseLoop" [firmware/nnet_utils/nnet_dense_resource.h:151->firmware/nnet_utils/nnet_dense_resource.h:276->firmware/nnet_utils/nnet_conv_stream.h:278->firmware/nnet_utils/nnet_conv2d_stream.h:85->firmware/nnet_utils/nnet_conv2d_stream.h:103]   --->   Operation 80 'br' <Predicate = true> <Delay = 0.00>

State 5 <SV = 4> <Delay = 5.72>
ST_5 : Operation 81 [1/2] (3.25ns)   --->   "%out_index = load i1* %outidx9_addr, align 1" [firmware/nnet_utils/nnet_dense_resource.h:155->firmware/nnet_utils/nnet_dense_resource.h:276->firmware/nnet_utils/nnet_conv_stream.h:278->firmware/nnet_utils/nnet_conv2d_stream.h:85->firmware/nnet_utils/nnet_conv2d_stream.h:103]   --->   Operation 81 'load' 'out_index' <Predicate = true> <Delay = 3.25> <Core = "ROM_nP">   --->   Core 52 'ROM_nP' <Latency = 1> <II = 1> <Delay = 3.25> <Storage> <Opcode : 'load'> <Ports = 0> <Width = 24> <Depth = 18> <ROM>
ST_5 : Operation 82 [1/1] (0.00ns)   --->   "%trunc_ln160 = trunc i32 %in_index_0_i_i_i_i35 to i4" [firmware/nnet_utils/nnet_dense_resource.h:160->firmware/nnet_utils/nnet_dense_resource.h:276->firmware/nnet_utils/nnet_conv_stream.h:278->firmware/nnet_utils/nnet_conv2d_stream.h:85->firmware/nnet_utils/nnet_conv2d_stream.h:103]   --->   Operation 82 'trunc' 'trunc_ln160' <Predicate = true> <Delay = 0.00>
ST_5 : Operation 83 [1/1] (0.00ns)   --->   "%kernel_data_V_1_0_load = load i16* @kernel_data_V_1_0, align 2" [aesl_mux_load.9i16P.i4:1->firmware/nnet_utils/nnet_dense_resource.h:160->firmware/nnet_utils/nnet_dense_resource.h:276->firmware/nnet_utils/nnet_conv_stream.h:278->firmware/nnet_utils/nnet_conv2d_stream.h:85->firmware/nnet_utils/nnet_conv2d_stream.h:103]   --->   Operation 83 'load' 'kernel_data_V_1_0_load' <Predicate = true> <Delay = 0.00>
ST_5 : Operation 84 [1/1] (0.00ns)   --->   "%kernel_data_V_1_1_load_1 = load i16* @kernel_data_V_1_1, align 2" [aesl_mux_load.9i16P.i4:3->firmware/nnet_utils/nnet_dense_resource.h:160->firmware/nnet_utils/nnet_dense_resource.h:276->firmware/nnet_utils/nnet_conv_stream.h:278->firmware/nnet_utils/nnet_conv2d_stream.h:85->firmware/nnet_utils/nnet_conv2d_stream.h:103]   --->   Operation 84 'load' 'kernel_data_V_1_1_load_1' <Predicate = true> <Delay = 0.00>
ST_5 : Operation 85 [1/1] (0.00ns)   --->   "%kernel_data_V_1_2_load_1 = load i16* @kernel_data_V_1_2, align 2" [aesl_mux_load.9i16P.i4:5->firmware/nnet_utils/nnet_dense_resource.h:160->firmware/nnet_utils/nnet_dense_resource.h:276->firmware/nnet_utils/nnet_conv_stream.h:278->firmware/nnet_utils/nnet_conv2d_stream.h:85->firmware/nnet_utils/nnet_conv2d_stream.h:103]   --->   Operation 85 'load' 'kernel_data_V_1_2_load_1' <Predicate = true> <Delay = 0.00>
ST_5 : Operation 86 [1/1] (0.00ns)   --->   "%kernel_data_V_1_3_load = load i16* @kernel_data_V_1_3, align 2" [aesl_mux_load.9i16P.i4:7->firmware/nnet_utils/nnet_dense_resource.h:160->firmware/nnet_utils/nnet_dense_resource.h:276->firmware/nnet_utils/nnet_conv_stream.h:278->firmware/nnet_utils/nnet_conv2d_stream.h:85->firmware/nnet_utils/nnet_conv2d_stream.h:103]   --->   Operation 86 'load' 'kernel_data_V_1_3_load' <Predicate = true> <Delay = 0.00>
ST_5 : Operation 87 [1/1] (0.00ns)   --->   "%kernel_data_V_1_4_load_1 = load i16* @kernel_data_V_1_4, align 2" [aesl_mux_load.9i16P.i4:9->firmware/nnet_utils/nnet_dense_resource.h:160->firmware/nnet_utils/nnet_dense_resource.h:276->firmware/nnet_utils/nnet_conv_stream.h:278->firmware/nnet_utils/nnet_conv2d_stream.h:85->firmware/nnet_utils/nnet_conv2d_stream.h:103]   --->   Operation 87 'load' 'kernel_data_V_1_4_load_1' <Predicate = true> <Delay = 0.00>
ST_5 : Operation 88 [1/1] (0.00ns)   --->   "%kernel_data_V_1_5_load_1 = load i16* @kernel_data_V_1_5, align 2" [aesl_mux_load.9i16P.i4:11->firmware/nnet_utils/nnet_dense_resource.h:160->firmware/nnet_utils/nnet_dense_resource.h:276->firmware/nnet_utils/nnet_conv_stream.h:278->firmware/nnet_utils/nnet_conv2d_stream.h:85->firmware/nnet_utils/nnet_conv2d_stream.h:103]   --->   Operation 88 'load' 'kernel_data_V_1_5_load_1' <Predicate = true> <Delay = 0.00>
ST_5 : Operation 89 [1/1] (0.00ns)   --->   "%kernel_data_V_1_6_load = load i16* @kernel_data_V_1_6, align 2" [aesl_mux_load.9i16P.i4:13->firmware/nnet_utils/nnet_dense_resource.h:160->firmware/nnet_utils/nnet_dense_resource.h:276->firmware/nnet_utils/nnet_conv_stream.h:278->firmware/nnet_utils/nnet_conv2d_stream.h:85->firmware/nnet_utils/nnet_conv2d_stream.h:103]   --->   Operation 89 'load' 'kernel_data_V_1_6_load' <Predicate = true> <Delay = 0.00>
ST_5 : Operation 90 [1/1] (0.00ns)   --->   "%kernel_data_V_1_7_load_1 = load i16* @kernel_data_V_1_7, align 2" [aesl_mux_load.9i16P.i4:15->firmware/nnet_utils/nnet_dense_resource.h:160->firmware/nnet_utils/nnet_dense_resource.h:276->firmware/nnet_utils/nnet_conv_stream.h:278->firmware/nnet_utils/nnet_conv2d_stream.h:85->firmware/nnet_utils/nnet_conv2d_stream.h:103]   --->   Operation 90 'load' 'kernel_data_V_1_7_load_1' <Predicate = true> <Delay = 0.00>
ST_5 : Operation 91 [1/1] (1.30ns)   --->   "%icmp_ln19 = icmp eq i4 %trunc_ln160, 0" [aesl_mux_load.9i16P.i4:19->firmware/nnet_utils/nnet_dense_resource.h:160->firmware/nnet_utils/nnet_dense_resource.h:276->firmware/nnet_utils/nnet_conv_stream.h:278->firmware/nnet_utils/nnet_conv2d_stream.h:85->firmware/nnet_utils/nnet_conv2d_stream.h:103]   --->   Operation 91 'icmp' 'icmp_ln19' <Predicate = true> <Delay = 1.30> <Core = "Cmp">   --->   Core 25 'Cmp' <Latency = 0> <II = 1> <Delay = 2.20> <FuncUnit> <Opcode : 'icmp'> <InPorts = 2> <OutPorts = 1>
ST_5 : Operation 92 [1/1] (1.30ns)   --->   "%icmp_ln19_1 = icmp eq i4 %trunc_ln160, 1" [aesl_mux_load.9i16P.i4:19->firmware/nnet_utils/nnet_dense_resource.h:160->firmware/nnet_utils/nnet_dense_resource.h:276->firmware/nnet_utils/nnet_conv_stream.h:278->firmware/nnet_utils/nnet_conv2d_stream.h:85->firmware/nnet_utils/nnet_conv2d_stream.h:103]   --->   Operation 92 'icmp' 'icmp_ln19_1' <Predicate = true> <Delay = 1.30> <Core = "Cmp">   --->   Core 25 'Cmp' <Latency = 0> <II = 1> <Delay = 2.20> <FuncUnit> <Opcode : 'icmp'> <InPorts = 2> <OutPorts = 1>
ST_5 : Operation 93 [1/1] (1.30ns)   --->   "%icmp_ln19_2 = icmp eq i4 %trunc_ln160, 2" [aesl_mux_load.9i16P.i4:19->firmware/nnet_utils/nnet_dense_resource.h:160->firmware/nnet_utils/nnet_dense_resource.h:276->firmware/nnet_utils/nnet_conv_stream.h:278->firmware/nnet_utils/nnet_conv2d_stream.h:85->firmware/nnet_utils/nnet_conv2d_stream.h:103]   --->   Operation 93 'icmp' 'icmp_ln19_2' <Predicate = true> <Delay = 1.30> <Core = "Cmp">   --->   Core 25 'Cmp' <Latency = 0> <II = 1> <Delay = 2.20> <FuncUnit> <Opcode : 'icmp'> <InPorts = 2> <OutPorts = 1>
ST_5 : Operation 94 [1/1] (1.30ns)   --->   "%icmp_ln19_3 = icmp eq i4 %trunc_ln160, 3" [aesl_mux_load.9i16P.i4:19->firmware/nnet_utils/nnet_dense_resource.h:160->firmware/nnet_utils/nnet_dense_resource.h:276->firmware/nnet_utils/nnet_conv_stream.h:278->firmware/nnet_utils/nnet_conv2d_stream.h:85->firmware/nnet_utils/nnet_conv2d_stream.h:103]   --->   Operation 94 'icmp' 'icmp_ln19_3' <Predicate = true> <Delay = 1.30> <Core = "Cmp">   --->   Core 25 'Cmp' <Latency = 0> <II = 1> <Delay = 2.20> <FuncUnit> <Opcode : 'icmp'> <InPorts = 2> <OutPorts = 1>
ST_5 : Operation 95 [1/1] (1.30ns)   --->   "%icmp_ln19_4 = icmp eq i4 %trunc_ln160, 4" [aesl_mux_load.9i16P.i4:19->firmware/nnet_utils/nnet_dense_resource.h:160->firmware/nnet_utils/nnet_dense_resource.h:276->firmware/nnet_utils/nnet_conv_stream.h:278->firmware/nnet_utils/nnet_conv2d_stream.h:85->firmware/nnet_utils/nnet_conv2d_stream.h:103]   --->   Operation 95 'icmp' 'icmp_ln19_4' <Predicate = true> <Delay = 1.30> <Core = "Cmp">   --->   Core 25 'Cmp' <Latency = 0> <II = 1> <Delay = 2.20> <FuncUnit> <Opcode : 'icmp'> <InPorts = 2> <OutPorts = 1>
ST_5 : Operation 96 [1/1] (1.30ns)   --->   "%icmp_ln19_5 = icmp eq i4 %trunc_ln160, 5" [aesl_mux_load.9i16P.i4:19->firmware/nnet_utils/nnet_dense_resource.h:160->firmware/nnet_utils/nnet_dense_resource.h:276->firmware/nnet_utils/nnet_conv_stream.h:278->firmware/nnet_utils/nnet_conv2d_stream.h:85->firmware/nnet_utils/nnet_conv2d_stream.h:103]   --->   Operation 96 'icmp' 'icmp_ln19_5' <Predicate = true> <Delay = 1.30> <Core = "Cmp">   --->   Core 25 'Cmp' <Latency = 0> <II = 1> <Delay = 2.20> <FuncUnit> <Opcode : 'icmp'> <InPorts = 2> <OutPorts = 1>
ST_5 : Operation 97 [1/1] (1.30ns)   --->   "%icmp_ln19_6 = icmp eq i4 %trunc_ln160, 6" [aesl_mux_load.9i16P.i4:19->firmware/nnet_utils/nnet_dense_resource.h:160->firmware/nnet_utils/nnet_dense_resource.h:276->firmware/nnet_utils/nnet_conv_stream.h:278->firmware/nnet_utils/nnet_conv2d_stream.h:85->firmware/nnet_utils/nnet_conv2d_stream.h:103]   --->   Operation 97 'icmp' 'icmp_ln19_6' <Predicate = true> <Delay = 1.30> <Core = "Cmp">   --->   Core 25 'Cmp' <Latency = 0> <II = 1> <Delay = 2.20> <FuncUnit> <Opcode : 'icmp'> <InPorts = 2> <OutPorts = 1>
ST_5 : Operation 98 [1/1] (1.30ns)   --->   "%icmp_ln19_7 = icmp eq i4 %trunc_ln160, 7" [aesl_mux_load.9i16P.i4:19->firmware/nnet_utils/nnet_dense_resource.h:160->firmware/nnet_utils/nnet_dense_resource.h:276->firmware/nnet_utils/nnet_conv_stream.h:278->firmware/nnet_utils/nnet_conv2d_stream.h:85->firmware/nnet_utils/nnet_conv2d_stream.h:103]   --->   Operation 98 'icmp' 'icmp_ln19_7' <Predicate = true> <Delay = 1.30> <Core = "Cmp">   --->   Core 25 'Cmp' <Latency = 0> <II = 1> <Delay = 2.20> <FuncUnit> <Opcode : 'icmp'> <InPorts = 2> <OutPorts = 1>
ST_5 : Operation 99 [1/1] (0.00ns) (grouped into LUT with out node select_ln19_4)   --->   "%select_ln19 = select i1 %icmp_ln19_7, i16 %kernel_data_V_1_7_load_1, i16 %kernel_data_V_1_6_load" [aesl_mux_load.9i16P.i4:19->firmware/nnet_utils/nnet_dense_resource.h:160->firmware/nnet_utils/nnet_dense_resource.h:276->firmware/nnet_utils/nnet_conv_stream.h:278->firmware/nnet_utils/nnet_conv2d_stream.h:85->firmware/nnet_utils/nnet_conv2d_stream.h:103]   --->   Operation 99 'select' 'select_ln19' <Predicate = true> <Delay = 0.00> <Core = "Sel">   --->   Core 26 'Sel' <Latency = 0> <II = 1> <Delay = 0.69> <FuncUnit> <Opcode : 'select'> <InPorts = 3> <OutPorts = 1>
ST_5 : Operation 100 [1/1] (0.97ns)   --->   "%or_ln19 = or i1 %icmp_ln19_7, %icmp_ln19_6" [aesl_mux_load.9i16P.i4:19->firmware/nnet_utils/nnet_dense_resource.h:160->firmware/nnet_utils/nnet_dense_resource.h:276->firmware/nnet_utils/nnet_conv_stream.h:278->firmware/nnet_utils/nnet_conv2d_stream.h:85->firmware/nnet_utils/nnet_conv2d_stream.h:103]   --->   Operation 100 'or' 'or_ln19' <Predicate = true> <Delay = 0.97> <Core = "LogicGate">   --->   Core 27 'LogicGate' <Latency = 0> <II = 1> <Delay = 0.97> <FuncUnit> <Opcode : 'and' 'or' 'xor'> <InPorts = 2> <OutPorts = 1>
ST_5 : Operation 101 [1/1] (0.80ns) (out node of the LUT)   --->   "%select_ln19_1 = select i1 %icmp_ln19_5, i16 %kernel_data_V_1_5_load_1, i16 %kernel_data_V_1_4_load_1" [aesl_mux_load.9i16P.i4:19->firmware/nnet_utils/nnet_dense_resource.h:160->firmware/nnet_utils/nnet_dense_resource.h:276->firmware/nnet_utils/nnet_conv_stream.h:278->firmware/nnet_utils/nnet_conv2d_stream.h:85->firmware/nnet_utils/nnet_conv2d_stream.h:103]   --->   Operation 101 'select' 'select_ln19_1' <Predicate = true> <Delay = 0.80> <Core = "Sel">   --->   Core 26 'Sel' <Latency = 0> <II = 1> <Delay = 0.69> <FuncUnit> <Opcode : 'select'> <InPorts = 3> <OutPorts = 1>
ST_5 : Operation 102 [1/1] (0.00ns) (grouped into LUT with out node or_ln19_4)   --->   "%or_ln19_1 = or i1 %icmp_ln19_5, %icmp_ln19_4" [aesl_mux_load.9i16P.i4:19->firmware/nnet_utils/nnet_dense_resource.h:160->firmware/nnet_utils/nnet_dense_resource.h:276->firmware/nnet_utils/nnet_conv_stream.h:278->firmware/nnet_utils/nnet_conv2d_stream.h:85->firmware/nnet_utils/nnet_conv2d_stream.h:103]   --->   Operation 102 'or' 'or_ln19_1' <Predicate = true> <Delay = 0.00> <Core = "LogicGate">   --->   Core 27 'LogicGate' <Latency = 0> <II = 1> <Delay = 0.97> <FuncUnit> <Opcode : 'and' 'or' 'xor'> <InPorts = 2> <OutPorts = 1>
ST_5 : Operation 103 [1/1] (0.00ns) (grouped into LUT with out node select_ln19_5)   --->   "%select_ln19_2 = select i1 %icmp_ln19_3, i16 %kernel_data_V_1_3_load, i16 %kernel_data_V_1_2_load_1" [aesl_mux_load.9i16P.i4:19->firmware/nnet_utils/nnet_dense_resource.h:160->firmware/nnet_utils/nnet_dense_resource.h:276->firmware/nnet_utils/nnet_conv_stream.h:278->firmware/nnet_utils/nnet_conv2d_stream.h:85->firmware/nnet_utils/nnet_conv2d_stream.h:103]   --->   Operation 103 'select' 'select_ln19_2' <Predicate = true> <Delay = 0.00> <Core = "Sel">   --->   Core 26 'Sel' <Latency = 0> <II = 1> <Delay = 0.69> <FuncUnit> <Opcode : 'select'> <InPorts = 3> <OutPorts = 1>
ST_5 : Operation 104 [1/1] (0.97ns)   --->   "%or_ln19_2 = or i1 %icmp_ln19_3, %icmp_ln19_2" [aesl_mux_load.9i16P.i4:19->firmware/nnet_utils/nnet_dense_resource.h:160->firmware/nnet_utils/nnet_dense_resource.h:276->firmware/nnet_utils/nnet_conv_stream.h:278->firmware/nnet_utils/nnet_conv2d_stream.h:85->firmware/nnet_utils/nnet_conv2d_stream.h:103]   --->   Operation 104 'or' 'or_ln19_2' <Predicate = true> <Delay = 0.97> <Core = "LogicGate">   --->   Core 27 'LogicGate' <Latency = 0> <II = 1> <Delay = 0.97> <FuncUnit> <Opcode : 'and' 'or' 'xor'> <InPorts = 2> <OutPorts = 1>
ST_5 : Operation 105 [1/1] (0.80ns) (out node of the LUT)   --->   "%select_ln19_3 = select i1 %icmp_ln19_1, i16 %kernel_data_V_1_1_load_1, i16 %kernel_data_V_1_0_load" [aesl_mux_load.9i16P.i4:19->firmware/nnet_utils/nnet_dense_resource.h:160->firmware/nnet_utils/nnet_dense_resource.h:276->firmware/nnet_utils/nnet_conv_stream.h:278->firmware/nnet_utils/nnet_conv2d_stream.h:85->firmware/nnet_utils/nnet_conv2d_stream.h:103]   --->   Operation 105 'select' 'select_ln19_3' <Predicate = true> <Delay = 0.80> <Core = "Sel">   --->   Core 26 'Sel' <Latency = 0> <II = 1> <Delay = 0.69> <FuncUnit> <Opcode : 'select'> <InPorts = 3> <OutPorts = 1>
ST_5 : Operation 106 [1/1] (0.80ns) (out node of the LUT)   --->   "%select_ln19_4 = select i1 %or_ln19, i16 %select_ln19, i16 %select_ln19_1" [aesl_mux_load.9i16P.i4:19->firmware/nnet_utils/nnet_dense_resource.h:160->firmware/nnet_utils/nnet_dense_resource.h:276->firmware/nnet_utils/nnet_conv_stream.h:278->firmware/nnet_utils/nnet_conv2d_stream.h:85->firmware/nnet_utils/nnet_conv2d_stream.h:103]   --->   Operation 106 'select' 'select_ln19_4' <Predicate = true> <Delay = 0.80> <Core = "Sel">   --->   Core 26 'Sel' <Latency = 0> <II = 1> <Delay = 0.69> <FuncUnit> <Opcode : 'select'> <InPorts = 3> <OutPorts = 1>
ST_5 : Operation 107 [1/1] (0.97ns) (out node of the LUT)   --->   "%or_ln19_4 = or i1 %or_ln19, %or_ln19_1" [aesl_mux_load.9i16P.i4:19->firmware/nnet_utils/nnet_dense_resource.h:160->firmware/nnet_utils/nnet_dense_resource.h:276->firmware/nnet_utils/nnet_conv_stream.h:278->firmware/nnet_utils/nnet_conv2d_stream.h:85->firmware/nnet_utils/nnet_conv2d_stream.h:103]   --->   Operation 107 'or' 'or_ln19_4' <Predicate = true> <Delay = 0.97> <Core = "LogicGate">   --->   Core 27 'LogicGate' <Latency = 0> <II = 1> <Delay = 0.97> <FuncUnit> <Opcode : 'and' 'or' 'xor'> <InPorts = 2> <OutPorts = 1>
ST_5 : Operation 108 [1/1] (0.80ns) (out node of the LUT)   --->   "%select_ln19_5 = select i1 %or_ln19_2, i16 %select_ln19_2, i16 %select_ln19_3" [aesl_mux_load.9i16P.i4:19->firmware/nnet_utils/nnet_dense_resource.h:160->firmware/nnet_utils/nnet_dense_resource.h:276->firmware/nnet_utils/nnet_conv_stream.h:278->firmware/nnet_utils/nnet_conv2d_stream.h:85->firmware/nnet_utils/nnet_conv2d_stream.h:103]   --->   Operation 108 'select' 'select_ln19_5' <Predicate = true> <Delay = 0.80> <Core = "Sel">   --->   Core 26 'Sel' <Latency = 0> <II = 1> <Delay = 0.69> <FuncUnit> <Opcode : 'select'> <InPorts = 3> <OutPorts = 1>
ST_5 : Operation 109 [1/1] (0.80ns) (out node of the LUT)   --->   "%select_ln19_6 = select i1 %or_ln19_4, i16 %select_ln19_4, i16 %select_ln19_5" [aesl_mux_load.9i16P.i4:19->firmware/nnet_utils/nnet_dense_resource.h:160->firmware/nnet_utils/nnet_dense_resource.h:276->firmware/nnet_utils/nnet_conv_stream.h:278->firmware/nnet_utils/nnet_conv2d_stream.h:85->firmware/nnet_utils/nnet_conv2d_stream.h:103]   --->   Operation 109 'select' 'select_ln19_6' <Predicate = true> <Delay = 0.80> <Core = "Sel">   --->   Core 26 'Sel' <Latency = 0> <II = 1> <Delay = 0.69> <FuncUnit> <Opcode : 'select'> <InPorts = 3> <OutPorts = 1>
ST_5 : Operation 110 [1/2] (3.25ns)   --->   "%w2_V_load = load i24* %w2_V_addr, align 4" [firmware/nnet_utils/nnet_dense_resource.h:160->firmware/nnet_utils/nnet_dense_resource.h:276->firmware/nnet_utils/nnet_conv_stream.h:278->firmware/nnet_utils/nnet_conv2d_stream.h:85->firmware/nnet_utils/nnet_conv2d_stream.h:103]   --->   Operation 110 'load' 'w2_V_load' <Predicate = true> <Delay = 3.25> <Core = "ROM_nP">   --->   Core 52 'ROM_nP' <Latency = 1> <II = 1> <Delay = 3.25> <Storage> <Opcode : 'load'> <Ports = 0> <Width = 24> <Depth = 18> <ROM>
ST_5 : Operation 111 [1/1] (0.00ns)   --->   "%trunc_ln160_2 = trunc i24 %w2_V_load to i6" [firmware/nnet_utils/nnet_dense_resource.h:160->firmware/nnet_utils/nnet_dense_resource.h:276->firmware/nnet_utils/nnet_conv_stream.h:278->firmware/nnet_utils/nnet_conv2d_stream.h:85->firmware/nnet_utils/nnet_conv2d_stream.h:103]   --->   Operation 111 'trunc' 'trunc_ln160_2' <Predicate = true> <Delay = 0.00>
ST_5 : Operation 112 [1/1] (0.00ns)   --->   "%tmp_119 = call i6 @_ssdm_op_PartSelect.i6.i24.i32.i32(i24 %w2_V_load, i32 6, i32 11)" [firmware/nnet_utils/nnet_dense_resource.h:160->firmware/nnet_utils/nnet_dense_resource.h:276->firmware/nnet_utils/nnet_conv_stream.h:278->firmware/nnet_utils/nnet_conv2d_stream.h:85->firmware/nnet_utils/nnet_conv2d_stream.h:103]   --->   Operation 112 'partselect' 'tmp_119' <Predicate = true> <Delay = 0.00>
ST_5 : Operation 113 [1/1] (0.00ns)   --->   "%tmp_120 = call i6 @_ssdm_op_PartSelect.i6.i24.i32.i32(i24 %w2_V_load, i32 12, i32 17)" [firmware/nnet_utils/nnet_dense_resource.h:160->firmware/nnet_utils/nnet_dense_resource.h:276->firmware/nnet_utils/nnet_conv_stream.h:278->firmware/nnet_utils/nnet_conv2d_stream.h:85->firmware/nnet_utils/nnet_conv2d_stream.h:103]   --->   Operation 113 'partselect' 'tmp_120' <Predicate = true> <Delay = 0.00>
ST_5 : Operation 114 [1/1] (0.00ns)   --->   "%tmp_121 = call i6 @_ssdm_op_PartSelect.i6.i24.i32.i32(i24 %w2_V_load, i32 18, i32 23)" [firmware/nnet_utils/nnet_dense_resource.h:160->firmware/nnet_utils/nnet_dense_resource.h:276->firmware/nnet_utils/nnet_conv_stream.h:278->firmware/nnet_utils/nnet_conv2d_stream.h:85->firmware/nnet_utils/nnet_conv2d_stream.h:103]   --->   Operation 114 'partselect' 'tmp_121' <Predicate = true> <Delay = 0.00>
ST_5 : Operation 115 [1/1] (0.69ns)   --->   "%select_ln168 = select i1 %icmp_ln168, i32 0, i32 %in_index" [firmware/nnet_utils/nnet_dense_resource.h:168->firmware/nnet_utils/nnet_dense_resource.h:276->firmware/nnet_utils/nnet_conv_stream.h:278->firmware/nnet_utils/nnet_conv2d_stream.h:85->firmware/nnet_utils/nnet_conv2d_stream.h:103]   --->   Operation 115 'select' 'select_ln168' <Predicate = true> <Delay = 0.69> <Core = "Sel">   --->   Core 26 'Sel' <Latency = 0> <II = 1> <Delay = 0.69> <FuncUnit> <Opcode : 'select'> <InPorts = 3> <OutPorts = 1>

State 6 <SV = 5> <Delay = 4.86>
ST_6 : Operation 116 [1/1] (0.00ns)   --->   "%kernel_data_V_1_8_load_1 = load i16* @kernel_data_V_1_8, align 2" [aesl_mux_load.9i16P.i4:17->firmware/nnet_utils/nnet_dense_resource.h:160->firmware/nnet_utils/nnet_dense_resource.h:276->firmware/nnet_utils/nnet_conv_stream.h:278->firmware/nnet_utils/nnet_conv2d_stream.h:85->firmware/nnet_utils/nnet_conv2d_stream.h:103]   --->   Operation 116 'load' 'kernel_data_V_1_8_load_1' <Predicate = true> <Delay = 0.00>
ST_6 : Operation 117 [1/1] (0.00ns) (grouped into LUT with out node select_ln19_7)   --->   "%or_ln19_3 = or i1 %icmp_ln19_1, %icmp_ln19" [aesl_mux_load.9i16P.i4:19->firmware/nnet_utils/nnet_dense_resource.h:160->firmware/nnet_utils/nnet_dense_resource.h:276->firmware/nnet_utils/nnet_conv_stream.h:278->firmware/nnet_utils/nnet_conv2d_stream.h:85->firmware/nnet_utils/nnet_conv2d_stream.h:103]   --->   Operation 117 'or' 'or_ln19_3' <Predicate = true> <Delay = 0.00> <Core = "LogicGate">   --->   Core 27 'LogicGate' <Latency = 0> <II = 1> <Delay = 0.97> <FuncUnit> <Opcode : 'and' 'or' 'xor'> <InPorts = 2> <OutPorts = 1>
ST_6 : Operation 118 [1/1] (0.00ns) (grouped into LUT with out node select_ln19_7)   --->   "%or_ln19_5 = or i1 %or_ln19_2, %or_ln19_3" [aesl_mux_load.9i16P.i4:19->firmware/nnet_utils/nnet_dense_resource.h:160->firmware/nnet_utils/nnet_dense_resource.h:276->firmware/nnet_utils/nnet_conv_stream.h:278->firmware/nnet_utils/nnet_conv2d_stream.h:85->firmware/nnet_utils/nnet_conv2d_stream.h:103]   --->   Operation 118 'or' 'or_ln19_5' <Predicate = true> <Delay = 0.00> <Core = "LogicGate">   --->   Core 27 'LogicGate' <Latency = 0> <II = 1> <Delay = 0.97> <FuncUnit> <Opcode : 'and' 'or' 'xor'> <InPorts = 2> <OutPorts = 1>
ST_6 : Operation 119 [1/1] (0.00ns) (grouped into LUT with out node select_ln19_7)   --->   "%or_ln19_6 = or i1 %or_ln19_4, %or_ln19_5" [aesl_mux_load.9i16P.i4:19->firmware/nnet_utils/nnet_dense_resource.h:160->firmware/nnet_utils/nnet_dense_resource.h:276->firmware/nnet_utils/nnet_conv_stream.h:278->firmware/nnet_utils/nnet_conv2d_stream.h:85->firmware/nnet_utils/nnet_conv2d_stream.h:103]   --->   Operation 119 'or' 'or_ln19_6' <Predicate = true> <Delay = 0.00> <Core = "LogicGate">   --->   Core 27 'LogicGate' <Latency = 0> <II = 1> <Delay = 0.97> <FuncUnit> <Opcode : 'and' 'or' 'xor'> <InPorts = 2> <OutPorts = 1>
ST_6 : Operation 120 [1/1] (0.97ns) (out node of the LUT)   --->   "%select_ln19_7 = select i1 %or_ln19_6, i16 %select_ln19_6, i16 %kernel_data_V_1_8_load_1" [aesl_mux_load.9i16P.i4:19->firmware/nnet_utils/nnet_dense_resource.h:160->firmware/nnet_utils/nnet_dense_resource.h:276->firmware/nnet_utils/nnet_conv_stream.h:278->firmware/nnet_utils/nnet_conv2d_stream.h:85->firmware/nnet_utils/nnet_conv2d_stream.h:103]   --->   Operation 120 'select' 'select_ln19_7' <Predicate = true> <Delay = 0.97> <Core = "Sel">   --->   Core 26 'Sel' <Latency = 0> <II = 1> <Delay = 0.69> <FuncUnit> <Opcode : 'select'> <InPorts = 3> <OutPorts = 1>
ST_6 : Operation 121 [1/1] (0.00ns)   --->   "%sext_ln1116 = sext i16 %select_ln19_7 to i22" [firmware/nnet_utils/nnet_mult.h:67->firmware/nnet_utils/nnet_dense_resource.h:160->firmware/nnet_utils/nnet_dense_resource.h:276->firmware/nnet_utils/nnet_conv_stream.h:278->firmware/nnet_utils/nnet_conv2d_stream.h:85->firmware/nnet_utils/nnet_conv2d_stream.h:103]   --->   Operation 121 'sext' 'sext_ln1116' <Predicate = true> <Delay = 0.00>
ST_6 : Operation 122 [1/1] (0.00ns)   --->   "%sext_ln1118 = sext i6 %trunc_ln160_2 to i22" [firmware/nnet_utils/nnet_mult.h:67->firmware/nnet_utils/nnet_dense_resource.h:160->firmware/nnet_utils/nnet_dense_resource.h:276->firmware/nnet_utils/nnet_conv_stream.h:278->firmware/nnet_utils/nnet_conv2d_stream.h:85->firmware/nnet_utils/nnet_conv2d_stream.h:103]   --->   Operation 122 'sext' 'sext_ln1118' <Predicate = true> <Delay = 0.00>
ST_6 : Operation 123 [3/3] (3.89ns) (root node of the DSP)   --->   "%mul_ln1118 = mul i22 %sext_ln1118, %sext_ln1116" [firmware/nnet_utils/nnet_mult.h:67->firmware/nnet_utils/nnet_dense_resource.h:160->firmware/nnet_utils/nnet_dense_resource.h:276->firmware/nnet_utils/nnet_conv_stream.h:278->firmware/nnet_utils/nnet_conv2d_stream.h:85->firmware/nnet_utils/nnet_conv2d_stream.h:103]   --->   Operation 123 'mul' 'mul_ln1118' <Predicate = true> <Delay = 3.89> <Core = "DSP48">   --->   Core 88 'DSP48' <Latency = 2> <II = 1> <Delay = 3.89> <IPBlock> <Opcode : 'mul' 'add' 'sub' 'select'> <InPorts = 0> <OutPorts = 1> <Sync> <CReg>
ST_6 : Operation 124 [1/1] (0.00ns)   --->   "%sext_ln1118_1 = sext i6 %tmp_119 to i22" [firmware/nnet_utils/nnet_mult.h:67->firmware/nnet_utils/nnet_dense_resource.h:160->firmware/nnet_utils/nnet_dense_resource.h:276->firmware/nnet_utils/nnet_conv_stream.h:278->firmware/nnet_utils/nnet_conv2d_stream.h:85->firmware/nnet_utils/nnet_conv2d_stream.h:103]   --->   Operation 124 'sext' 'sext_ln1118_1' <Predicate = true> <Delay = 0.00>
ST_6 : Operation 125 [3/3] (3.89ns) (root node of the DSP)   --->   "%mul_ln1118_146 = mul i22 %sext_ln1118_1, %sext_ln1116" [firmware/nnet_utils/nnet_mult.h:67->firmware/nnet_utils/nnet_dense_resource.h:160->firmware/nnet_utils/nnet_dense_resource.h:276->firmware/nnet_utils/nnet_conv_stream.h:278->firmware/nnet_utils/nnet_conv2d_stream.h:85->firmware/nnet_utils/nnet_conv2d_stream.h:103]   --->   Operation 125 'mul' 'mul_ln1118_146' <Predicate = true> <Delay = 3.89> <Core = "DSP48">   --->   Core 88 'DSP48' <Latency = 2> <II = 1> <Delay = 3.89> <IPBlock> <Opcode : 'mul' 'add' 'sub' 'select'> <InPorts = 0> <OutPorts = 1> <Sync> <CReg>
ST_6 : Operation 126 [1/1] (0.00ns)   --->   "%sext_ln1118_2 = sext i6 %tmp_120 to i22" [firmware/nnet_utils/nnet_mult.h:67->firmware/nnet_utils/nnet_dense_resource.h:160->firmware/nnet_utils/nnet_dense_resource.h:276->firmware/nnet_utils/nnet_conv_stream.h:278->firmware/nnet_utils/nnet_conv2d_stream.h:85->firmware/nnet_utils/nnet_conv2d_stream.h:103]   --->   Operation 126 'sext' 'sext_ln1118_2' <Predicate = true> <Delay = 0.00>
ST_6 : Operation 127 [3/3] (3.89ns) (root node of the DSP)   --->   "%mul_ln1118_147 = mul i22 %sext_ln1118_2, %sext_ln1116" [firmware/nnet_utils/nnet_mult.h:67->firmware/nnet_utils/nnet_dense_resource.h:160->firmware/nnet_utils/nnet_dense_resource.h:276->firmware/nnet_utils/nnet_conv_stream.h:278->firmware/nnet_utils/nnet_conv2d_stream.h:85->firmware/nnet_utils/nnet_conv2d_stream.h:103]   --->   Operation 127 'mul' 'mul_ln1118_147' <Predicate = true> <Delay = 3.89> <Core = "DSP48">   --->   Core 88 'DSP48' <Latency = 2> <II = 1> <Delay = 3.89> <IPBlock> <Opcode : 'mul' 'add' 'sub' 'select'> <InPorts = 0> <OutPorts = 1> <Sync> <CReg>
ST_6 : Operation 128 [1/1] (0.00ns)   --->   "%sext_ln1118_3 = sext i6 %tmp_121 to i22" [firmware/nnet_utils/nnet_mult.h:67->firmware/nnet_utils/nnet_dense_resource.h:160->firmware/nnet_utils/nnet_dense_resource.h:276->firmware/nnet_utils/nnet_conv_stream.h:278->firmware/nnet_utils/nnet_conv2d_stream.h:85->firmware/nnet_utils/nnet_conv2d_stream.h:103]   --->   Operation 128 'sext' 'sext_ln1118_3' <Predicate = true> <Delay = 0.00>
ST_6 : Operation 129 [3/3] (3.89ns) (root node of the DSP)   --->   "%mul_ln1118_148 = mul i22 %sext_ln1118_3, %sext_ln1116" [firmware/nnet_utils/nnet_mult.h:67->firmware/nnet_utils/nnet_dense_resource.h:160->firmware/nnet_utils/nnet_dense_resource.h:276->firmware/nnet_utils/nnet_conv_stream.h:278->firmware/nnet_utils/nnet_conv2d_stream.h:85->firmware/nnet_utils/nnet_conv2d_stream.h:103]   --->   Operation 129 'mul' 'mul_ln1118_148' <Predicate = true> <Delay = 3.89> <Core = "DSP48">   --->   Core 88 'DSP48' <Latency = 2> <II = 1> <Delay = 3.89> <IPBlock> <Opcode : 'mul' 'add' 'sub' 'select'> <InPorts = 0> <OutPorts = 1> <Sync> <CReg>

State 7 <SV = 6> <Delay = 3.89>
ST_7 : Operation 130 [2/3] (3.89ns) (root node of the DSP)   --->   "%mul_ln1118 = mul i22 %sext_ln1118, %sext_ln1116" [firmware/nnet_utils/nnet_mult.h:67->firmware/nnet_utils/nnet_dense_resource.h:160->firmware/nnet_utils/nnet_dense_resource.h:276->firmware/nnet_utils/nnet_conv_stream.h:278->firmware/nnet_utils/nnet_conv2d_stream.h:85->firmware/nnet_utils/nnet_conv2d_stream.h:103]   --->   Operation 130 'mul' 'mul_ln1118' <Predicate = true> <Delay = 3.89> <Core = "DSP48">   --->   Core 88 'DSP48' <Latency = 2> <II = 1> <Delay = 3.89> <IPBlock> <Opcode : 'mul' 'add' 'sub' 'select'> <InPorts = 0> <OutPorts = 1> <Sync> <CReg>
ST_7 : Operation 131 [2/3] (3.89ns) (root node of the DSP)   --->   "%mul_ln1118_146 = mul i22 %sext_ln1118_1, %sext_ln1116" [firmware/nnet_utils/nnet_mult.h:67->firmware/nnet_utils/nnet_dense_resource.h:160->firmware/nnet_utils/nnet_dense_resource.h:276->firmware/nnet_utils/nnet_conv_stream.h:278->firmware/nnet_utils/nnet_conv2d_stream.h:85->firmware/nnet_utils/nnet_conv2d_stream.h:103]   --->   Operation 131 'mul' 'mul_ln1118_146' <Predicate = true> <Delay = 3.89> <Core = "DSP48">   --->   Core 88 'DSP48' <Latency = 2> <II = 1> <Delay = 3.89> <IPBlock> <Opcode : 'mul' 'add' 'sub' 'select'> <InPorts = 0> <OutPorts = 1> <Sync> <CReg>
ST_7 : Operation 132 [2/3] (3.89ns) (root node of the DSP)   --->   "%mul_ln1118_147 = mul i22 %sext_ln1118_2, %sext_ln1116" [firmware/nnet_utils/nnet_mult.h:67->firmware/nnet_utils/nnet_dense_resource.h:160->firmware/nnet_utils/nnet_dense_resource.h:276->firmware/nnet_utils/nnet_conv_stream.h:278->firmware/nnet_utils/nnet_conv2d_stream.h:85->firmware/nnet_utils/nnet_conv2d_stream.h:103]   --->   Operation 132 'mul' 'mul_ln1118_147' <Predicate = true> <Delay = 3.89> <Core = "DSP48">   --->   Core 88 'DSP48' <Latency = 2> <II = 1> <Delay = 3.89> <IPBlock> <Opcode : 'mul' 'add' 'sub' 'select'> <InPorts = 0> <OutPorts = 1> <Sync> <CReg>
ST_7 : Operation 133 [2/3] (3.89ns) (root node of the DSP)   --->   "%mul_ln1118_148 = mul i22 %sext_ln1118_3, %sext_ln1116" [firmware/nnet_utils/nnet_mult.h:67->firmware/nnet_utils/nnet_dense_resource.h:160->firmware/nnet_utils/nnet_dense_resource.h:276->firmware/nnet_utils/nnet_conv_stream.h:278->firmware/nnet_utils/nnet_conv2d_stream.h:85->firmware/nnet_utils/nnet_conv2d_stream.h:103]   --->   Operation 133 'mul' 'mul_ln1118_148' <Predicate = true> <Delay = 3.89> <Core = "DSP48">   --->   Core 88 'DSP48' <Latency = 2> <II = 1> <Delay = 3.89> <IPBlock> <Opcode : 'mul' 'add' 'sub' 'select'> <InPorts = 0> <OutPorts = 1> <Sync> <CReg>

State 8 <SV = 7> <Delay = 0.00>
ST_8 : Operation 134 [1/3] (0.00ns) (root node of the DSP)   --->   "%mul_ln1118 = mul i22 %sext_ln1118, %sext_ln1116" [firmware/nnet_utils/nnet_mult.h:67->firmware/nnet_utils/nnet_dense_resource.h:160->firmware/nnet_utils/nnet_dense_resource.h:276->firmware/nnet_utils/nnet_conv_stream.h:278->firmware/nnet_utils/nnet_conv2d_stream.h:85->firmware/nnet_utils/nnet_conv2d_stream.h:103]   --->   Operation 134 'mul' 'mul_ln1118' <Predicate = true> <Delay = 0.00> <Core = "DSP48">   --->   Core 88 'DSP48' <Latency = 2> <II = 1> <Delay = 3.89> <IPBlock> <Opcode : 'mul' 'add' 'sub' 'select'> <InPorts = 0> <OutPorts = 1> <Sync> <CReg>
ST_8 : Operation 135 [1/3] (0.00ns) (root node of the DSP)   --->   "%mul_ln1118_146 = mul i22 %sext_ln1118_1, %sext_ln1116" [firmware/nnet_utils/nnet_mult.h:67->firmware/nnet_utils/nnet_dense_resource.h:160->firmware/nnet_utils/nnet_dense_resource.h:276->firmware/nnet_utils/nnet_conv_stream.h:278->firmware/nnet_utils/nnet_conv2d_stream.h:85->firmware/nnet_utils/nnet_conv2d_stream.h:103]   --->   Operation 135 'mul' 'mul_ln1118_146' <Predicate = true> <Delay = 0.00> <Core = "DSP48">   --->   Core 88 'DSP48' <Latency = 2> <II = 1> <Delay = 3.89> <IPBlock> <Opcode : 'mul' 'add' 'sub' 'select'> <InPorts = 0> <OutPorts = 1> <Sync> <CReg>
ST_8 : Operation 136 [1/3] (0.00ns) (root node of the DSP)   --->   "%mul_ln1118_147 = mul i22 %sext_ln1118_2, %sext_ln1116" [firmware/nnet_utils/nnet_mult.h:67->firmware/nnet_utils/nnet_dense_resource.h:160->firmware/nnet_utils/nnet_dense_resource.h:276->firmware/nnet_utils/nnet_conv_stream.h:278->firmware/nnet_utils/nnet_conv2d_stream.h:85->firmware/nnet_utils/nnet_conv2d_stream.h:103]   --->   Operation 136 'mul' 'mul_ln1118_147' <Predicate = true> <Delay = 0.00> <Core = "DSP48">   --->   Core 88 'DSP48' <Latency = 2> <II = 1> <Delay = 3.89> <IPBlock> <Opcode : 'mul' 'add' 'sub' 'select'> <InPorts = 0> <OutPorts = 1> <Sync> <CReg>
ST_8 : Operation 137 [1/3] (0.00ns) (root node of the DSP)   --->   "%mul_ln1118_148 = mul i22 %sext_ln1118_3, %sext_ln1116" [firmware/nnet_utils/nnet_mult.h:67->firmware/nnet_utils/nnet_dense_resource.h:160->firmware/nnet_utils/nnet_dense_resource.h:276->firmware/nnet_utils/nnet_conv_stream.h:278->firmware/nnet_utils/nnet_conv2d_stream.h:85->firmware/nnet_utils/nnet_conv2d_stream.h:103]   --->   Operation 137 'mul' 'mul_ln1118_148' <Predicate = true> <Delay = 0.00> <Core = "DSP48">   --->   Core 88 'DSP48' <Latency = 2> <II = 1> <Delay = 3.89> <IPBlock> <Opcode : 'mul' 'add' 'sub' 'select'> <InPorts = 0> <OutPorts = 1> <Sync> <CReg>

State 9 <SV = 8> <Delay = 2.51>
ST_9 : Operation 138 [1/1] (0.00ns)   --->   "%tmp_data_0_V_3933 = phi i14 [ 16, %"nnet::dense_resource<ap_fixed<16, 6, (ap_q_mode)5, (ap_o_mode)3, 0>, ap_fixed<14, 6, (ap_q_mode)5, (ap_o_mode)3, 0>, config2_mult>.region_begin" ], [ %acc_1_V_3, %ReuseLoop ]"   --->   Operation 138 'phi' 'tmp_data_0_V_3933' <Predicate = true> <Delay = 0.00>
ST_9 : Operation 139 [1/1] (0.00ns)   --->   "%tmp_data_1_V_3231 = phi i14 [ 16, %"nnet::dense_resource<ap_fixed<16, 6, (ap_q_mode)5, (ap_o_mode)3, 0>, ap_fixed<14, 6, (ap_q_mode)5, (ap_o_mode)3, 0>, config2_mult>.region_begin" ], [ %acc_1_V, %ReuseLoop ]"   --->   Operation 139 'phi' 'tmp_data_1_V_3231' <Predicate = true> <Delay = 0.00>
ST_9 : Operation 140 [1/1] (0.00ns)   --->   "%tmp_data_2_V_3229 = phi i14 [ 8, %"nnet::dense_resource<ap_fixed<16, 6, (ap_q_mode)5, (ap_o_mode)3, 0>, ap_fixed<14, 6, (ap_q_mode)5, (ap_o_mode)3, 0>, config2_mult>.region_begin" ], [ %acc_3_V_3, %ReuseLoop ]"   --->   Operation 140 'phi' 'tmp_data_2_V_3229' <Predicate = true> <Delay = 0.00>
ST_9 : Operation 141 [1/1] (0.00ns)   --->   "%tmp_data_3_V_2927 = phi i14 [ 0, %"nnet::dense_resource<ap_fixed<16, 6, (ap_q_mode)5, (ap_o_mode)3, 0>, ap_fixed<14, 6, (ap_q_mode)5, (ap_o_mode)3, 0>, config2_mult>.region_begin" ], [ %acc_3_V, %ReuseLoop ]"   --->   Operation 141 'phi' 'tmp_data_3_V_2927' <Predicate = true> <Delay = 0.00>
ST_9 : Operation 142 [1/1] (0.00ns)   --->   "%tmp_data_4_V_2925 = phi i14 [ 16, %"nnet::dense_resource<ap_fixed<16, 6, (ap_q_mode)5, (ap_o_mode)3, 0>, ap_fixed<14, 6, (ap_q_mode)5, (ap_o_mode)3, 0>, config2_mult>.region_begin" ], [ %acc_5_V_3, %ReuseLoop ]"   --->   Operation 142 'phi' 'tmp_data_4_V_2925' <Predicate = true> <Delay = 0.00>
ST_9 : Operation 143 [1/1] (0.00ns)   --->   "%tmp_data_5_V_2623 = phi i14 [ 8, %"nnet::dense_resource<ap_fixed<16, 6, (ap_q_mode)5, (ap_o_mode)3, 0>, ap_fixed<14, 6, (ap_q_mode)5, (ap_o_mode)3, 0>, config2_mult>.region_begin" ], [ %acc_5_V, %ReuseLoop ]"   --->   Operation 143 'phi' 'tmp_data_5_V_2623' <Predicate = true> <Delay = 0.00>
ST_9 : Operation 144 [1/1] (0.00ns)   --->   "%tmp_data_6_V_2621 = phi i14 [ 0, %"nnet::dense_resource<ap_fixed<16, 6, (ap_q_mode)5, (ap_o_mode)3, 0>, ap_fixed<14, 6, (ap_q_mode)5, (ap_o_mode)3, 0>, config2_mult>.region_begin" ], [ %acc_7_V_3, %ReuseLoop ]"   --->   Operation 144 'phi' 'tmp_data_6_V_2621' <Predicate = true> <Delay = 0.00>
ST_9 : Operation 145 [1/1] (0.00ns)   --->   "%tmp_data_7_V_2619 = phi i14 [ -32, %"nnet::dense_resource<ap_fixed<16, 6, (ap_q_mode)5, (ap_o_mode)3, 0>, ap_fixed<14, 6, (ap_q_mode)5, (ap_o_mode)3, 0>, config2_mult>.region_begin" ], [ %acc_7_V, %ReuseLoop ]"   --->   Operation 145 'phi' 'tmp_data_7_V_2619' <Predicate = true> <Delay = 0.00>
ST_9 : Operation 146 [1/1] (0.00ns)   --->   "call void (...)* @_ssdm_op_SpecLoopName([10 x i8]* @p_str64) nounwind" [firmware/nnet_utils/nnet_dense_resource.h:151->firmware/nnet_utils/nnet_dense_resource.h:276->firmware/nnet_utils/nnet_conv_stream.h:278->firmware/nnet_utils/nnet_conv2d_stream.h:85->firmware/nnet_utils/nnet_conv2d_stream.h:103]   --->   Operation 146 'specloopname' <Predicate = true> <Delay = 0.00>
ST_9 : Operation 147 [1/1] (0.00ns)   --->   "%tmp_s = call i32 (...)* @_ssdm_op_SpecRegionBegin([10 x i8]* @p_str64)" [firmware/nnet_utils/nnet_dense_resource.h:151->firmware/nnet_utils/nnet_dense_resource.h:276->firmware/nnet_utils/nnet_conv_stream.h:278->firmware/nnet_utils/nnet_conv2d_stream.h:85->firmware/nnet_utils/nnet_conv2d_stream.h:103]   --->   Operation 147 'specregionbegin' 'tmp_s' <Predicate = true> <Delay = 0.00>
ST_9 : Operation 148 [1/1] (0.00ns)   --->   "call void (...)* @_ssdm_op_SpecPipeline(i32 1, i32 1, i32 1, i32 0, [1 x i8]* @p_str24) nounwind" [firmware/nnet_utils/nnet_dense_resource.h:152->firmware/nnet_utils/nnet_dense_resource.h:276->firmware/nnet_utils/nnet_conv_stream.h:278->firmware/nnet_utils/nnet_conv2d_stream.h:85->firmware/nnet_utils/nnet_conv2d_stream.h:103]   --->   Operation 148 'specpipeline' <Predicate = true> <Delay = 0.00>
ST_9 : Operation 149 [1/1] (0.00ns) (grouped into LUT with out node acc_0_V)   --->   "%trunc_ln = call i14 @_ssdm_op_PartSelect.i14.i22.i32.i32(i22 %mul_ln1118, i32 7, i32 20)" [firmware/nnet_utils/nnet_mult.h:67->firmware/nnet_utils/nnet_dense_resource.h:160->firmware/nnet_utils/nnet_dense_resource.h:276->firmware/nnet_utils/nnet_conv_stream.h:278->firmware/nnet_utils/nnet_conv2d_stream.h:85->firmware/nnet_utils/nnet_conv2d_stream.h:103]   --->   Operation 149 'partselect' 'trunc_ln' <Predicate = true> <Delay = 0.00>
ST_9 : Operation 150 [1/1] (0.00ns) (grouped into LUT with out node acc_0_V)   --->   "%select_ln1265 = select i1 %out_index, i14 %tmp_data_1_V_3231, i14 %tmp_data_0_V_3933" [firmware/nnet_utils/nnet_dense_resource.h:160->firmware/nnet_utils/nnet_dense_resource.h:276->firmware/nnet_utils/nnet_conv_stream.h:278->firmware/nnet_utils/nnet_conv2d_stream.h:85->firmware/nnet_utils/nnet_conv2d_stream.h:103]   --->   Operation 150 'select' 'select_ln1265' <Predicate = true> <Delay = 0.00> <Core = "Sel">   --->   Core 26 'Sel' <Latency = 0> <II = 1> <Delay = 0.69> <FuncUnit> <Opcode : 'select'> <InPorts = 3> <OutPorts = 1>
ST_9 : Operation 151 [1/1] (1.81ns) (out node of the LUT)   --->   "%acc_0_V = add i14 %trunc_ln, %select_ln1265" [firmware/nnet_utils/nnet_dense_resource.h:160->firmware/nnet_utils/nnet_dense_resource.h:276->firmware/nnet_utils/nnet_conv_stream.h:278->firmware/nnet_utils/nnet_conv2d_stream.h:85->firmware/nnet_utils/nnet_conv2d_stream.h:103]   --->   Operation 151 'add' 'acc_0_V' <Predicate = true> <Delay = 1.81> <Core = "AddSub">   --->   Core 14 'AddSub' <Latency = 0> <II = 1> <Delay = 2.55> <FuncUnit> <Opcode : 'add' 'sub'> <InPorts = 2> <OutPorts = 1>
ST_9 : Operation 152 [1/1] (0.70ns)   --->   "%acc_1_V = select i1 %out_index, i14 %acc_0_V, i14 %tmp_data_1_V_3231" [firmware/nnet_utils/nnet_dense_resource.h:160->firmware/nnet_utils/nnet_dense_resource.h:276->firmware/nnet_utils/nnet_conv_stream.h:278->firmware/nnet_utils/nnet_conv2d_stream.h:85->firmware/nnet_utils/nnet_conv2d_stream.h:103]   --->   Operation 152 'select' 'acc_1_V' <Predicate = true> <Delay = 0.70> <Core = "Sel">   --->   Core 26 'Sel' <Latency = 0> <II = 1> <Delay = 0.69> <FuncUnit> <Opcode : 'select'> <InPorts = 3> <OutPorts = 1>
ST_9 : Operation 153 [1/1] (0.70ns)   --->   "%acc_1_V_3 = select i1 %out_index, i14 %tmp_data_0_V_3933, i14 %acc_0_V" [firmware/nnet_utils/nnet_dense_resource.h:160->firmware/nnet_utils/nnet_dense_resource.h:276->firmware/nnet_utils/nnet_conv_stream.h:278->firmware/nnet_utils/nnet_conv2d_stream.h:85->firmware/nnet_utils/nnet_conv2d_stream.h:103]   --->   Operation 153 'select' 'acc_1_V_3' <Predicate = true> <Delay = 0.70> <Core = "Sel">   --->   Core 26 'Sel' <Latency = 0> <II = 1> <Delay = 0.69> <FuncUnit> <Opcode : 'select'> <InPorts = 3> <OutPorts = 1>
ST_9 : Operation 154 [1/1] (0.00ns) (grouped into LUT with out node acc_2_V)   --->   "%trunc_ln708_s = call i14 @_ssdm_op_PartSelect.i14.i22.i32.i32(i22 %mul_ln1118_146, i32 7, i32 20)" [firmware/nnet_utils/nnet_mult.h:67->firmware/nnet_utils/nnet_dense_resource.h:160->firmware/nnet_utils/nnet_dense_resource.h:276->firmware/nnet_utils/nnet_conv_stream.h:278->firmware/nnet_utils/nnet_conv2d_stream.h:85->firmware/nnet_utils/nnet_conv2d_stream.h:103]   --->   Operation 154 'partselect' 'trunc_ln708_s' <Predicate = true> <Delay = 0.00>
ST_9 : Operation 155 [1/1] (0.00ns) (grouped into LUT with out node acc_2_V)   --->   "%select_ln1265_1 = select i1 %out_index, i14 %tmp_data_3_V_2927, i14 %tmp_data_2_V_3229" [firmware/nnet_utils/nnet_dense_resource.h:160->firmware/nnet_utils/nnet_dense_resource.h:276->firmware/nnet_utils/nnet_conv_stream.h:278->firmware/nnet_utils/nnet_conv2d_stream.h:85->firmware/nnet_utils/nnet_conv2d_stream.h:103]   --->   Operation 155 'select' 'select_ln1265_1' <Predicate = true> <Delay = 0.00> <Core = "Sel">   --->   Core 26 'Sel' <Latency = 0> <II = 1> <Delay = 0.69> <FuncUnit> <Opcode : 'select'> <InPorts = 3> <OutPorts = 1>
ST_9 : Operation 156 [1/1] (1.81ns) (out node of the LUT)   --->   "%acc_2_V = add i14 %trunc_ln708_s, %select_ln1265_1" [firmware/nnet_utils/nnet_dense_resource.h:160->firmware/nnet_utils/nnet_dense_resource.h:276->firmware/nnet_utils/nnet_conv_stream.h:278->firmware/nnet_utils/nnet_conv2d_stream.h:85->firmware/nnet_utils/nnet_conv2d_stream.h:103]   --->   Operation 156 'add' 'acc_2_V' <Predicate = true> <Delay = 1.81> <Core = "AddSub">   --->   Core 14 'AddSub' <Latency = 0> <II = 1> <Delay = 2.55> <FuncUnit> <Opcode : 'add' 'sub'> <InPorts = 2> <OutPorts = 1>
ST_9 : Operation 157 [1/1] (0.70ns)   --->   "%acc_3_V = select i1 %out_index, i14 %acc_2_V, i14 %tmp_data_3_V_2927" [firmware/nnet_utils/nnet_dense_resource.h:160->firmware/nnet_utils/nnet_dense_resource.h:276->firmware/nnet_utils/nnet_conv_stream.h:278->firmware/nnet_utils/nnet_conv2d_stream.h:85->firmware/nnet_utils/nnet_conv2d_stream.h:103]   --->   Operation 157 'select' 'acc_3_V' <Predicate = true> <Delay = 0.70> <Core = "Sel">   --->   Core 26 'Sel' <Latency = 0> <II = 1> <Delay = 0.69> <FuncUnit> <Opcode : 'select'> <InPorts = 3> <OutPorts = 1>
ST_9 : Operation 158 [1/1] (0.70ns)   --->   "%acc_3_V_3 = select i1 %out_index, i14 %tmp_data_2_V_3229, i14 %acc_2_V" [firmware/nnet_utils/nnet_dense_resource.h:160->firmware/nnet_utils/nnet_dense_resource.h:276->firmware/nnet_utils/nnet_conv_stream.h:278->firmware/nnet_utils/nnet_conv2d_stream.h:85->firmware/nnet_utils/nnet_conv2d_stream.h:103]   --->   Operation 158 'select' 'acc_3_V_3' <Predicate = true> <Delay = 0.70> <Core = "Sel">   --->   Core 26 'Sel' <Latency = 0> <II = 1> <Delay = 0.69> <FuncUnit> <Opcode : 'select'> <InPorts = 3> <OutPorts = 1>
ST_9 : Operation 159 [1/1] (0.00ns) (grouped into LUT with out node acc_4_V)   --->   "%trunc_ln708_181 = call i14 @_ssdm_op_PartSelect.i14.i22.i32.i32(i22 %mul_ln1118_147, i32 7, i32 20)" [firmware/nnet_utils/nnet_mult.h:67->firmware/nnet_utils/nnet_dense_resource.h:160->firmware/nnet_utils/nnet_dense_resource.h:276->firmware/nnet_utils/nnet_conv_stream.h:278->firmware/nnet_utils/nnet_conv2d_stream.h:85->firmware/nnet_utils/nnet_conv2d_stream.h:103]   --->   Operation 159 'partselect' 'trunc_ln708_181' <Predicate = true> <Delay = 0.00>
ST_9 : Operation 160 [1/1] (0.00ns) (grouped into LUT with out node acc_4_V)   --->   "%select_ln1265_2 = select i1 %out_index, i14 %tmp_data_5_V_2623, i14 %tmp_data_4_V_2925" [firmware/nnet_utils/nnet_dense_resource.h:160->firmware/nnet_utils/nnet_dense_resource.h:276->firmware/nnet_utils/nnet_conv_stream.h:278->firmware/nnet_utils/nnet_conv2d_stream.h:85->firmware/nnet_utils/nnet_conv2d_stream.h:103]   --->   Operation 160 'select' 'select_ln1265_2' <Predicate = true> <Delay = 0.00> <Core = "Sel">   --->   Core 26 'Sel' <Latency = 0> <II = 1> <Delay = 0.69> <FuncUnit> <Opcode : 'select'> <InPorts = 3> <OutPorts = 1>
ST_9 : Operation 161 [1/1] (1.81ns) (out node of the LUT)   --->   "%acc_4_V = add i14 %trunc_ln708_181, %select_ln1265_2" [firmware/nnet_utils/nnet_dense_resource.h:160->firmware/nnet_utils/nnet_dense_resource.h:276->firmware/nnet_utils/nnet_conv_stream.h:278->firmware/nnet_utils/nnet_conv2d_stream.h:85->firmware/nnet_utils/nnet_conv2d_stream.h:103]   --->   Operation 161 'add' 'acc_4_V' <Predicate = true> <Delay = 1.81> <Core = "AddSub">   --->   Core 14 'AddSub' <Latency = 0> <II = 1> <Delay = 2.55> <FuncUnit> <Opcode : 'add' 'sub'> <InPorts = 2> <OutPorts = 1>
ST_9 : Operation 162 [1/1] (0.70ns)   --->   "%acc_5_V = select i1 %out_index, i14 %acc_4_V, i14 %tmp_data_5_V_2623" [firmware/nnet_utils/nnet_dense_resource.h:160->firmware/nnet_utils/nnet_dense_resource.h:276->firmware/nnet_utils/nnet_conv_stream.h:278->firmware/nnet_utils/nnet_conv2d_stream.h:85->firmware/nnet_utils/nnet_conv2d_stream.h:103]   --->   Operation 162 'select' 'acc_5_V' <Predicate = true> <Delay = 0.70> <Core = "Sel">   --->   Core 26 'Sel' <Latency = 0> <II = 1> <Delay = 0.69> <FuncUnit> <Opcode : 'select'> <InPorts = 3> <OutPorts = 1>
ST_9 : Operation 163 [1/1] (0.70ns)   --->   "%acc_5_V_3 = select i1 %out_index, i14 %tmp_data_4_V_2925, i14 %acc_4_V" [firmware/nnet_utils/nnet_dense_resource.h:160->firmware/nnet_utils/nnet_dense_resource.h:276->firmware/nnet_utils/nnet_conv_stream.h:278->firmware/nnet_utils/nnet_conv2d_stream.h:85->firmware/nnet_utils/nnet_conv2d_stream.h:103]   --->   Operation 163 'select' 'acc_5_V_3' <Predicate = true> <Delay = 0.70> <Core = "Sel">   --->   Core 26 'Sel' <Latency = 0> <II = 1> <Delay = 0.69> <FuncUnit> <Opcode : 'select'> <InPorts = 3> <OutPorts = 1>
ST_9 : Operation 164 [1/1] (0.00ns) (grouped into LUT with out node acc_6_V)   --->   "%trunc_ln708_182 = call i14 @_ssdm_op_PartSelect.i14.i22.i32.i32(i22 %mul_ln1118_148, i32 7, i32 20)" [firmware/nnet_utils/nnet_mult.h:67->firmware/nnet_utils/nnet_dense_resource.h:160->firmware/nnet_utils/nnet_dense_resource.h:276->firmware/nnet_utils/nnet_conv_stream.h:278->firmware/nnet_utils/nnet_conv2d_stream.h:85->firmware/nnet_utils/nnet_conv2d_stream.h:103]   --->   Operation 164 'partselect' 'trunc_ln708_182' <Predicate = true> <Delay = 0.00>
ST_9 : Operation 165 [1/1] (0.00ns) (grouped into LUT with out node acc_6_V)   --->   "%select_ln1265_3 = select i1 %out_index, i14 %tmp_data_7_V_2619, i14 %tmp_data_6_V_2621" [firmware/nnet_utils/nnet_dense_resource.h:160->firmware/nnet_utils/nnet_dense_resource.h:276->firmware/nnet_utils/nnet_conv_stream.h:278->firmware/nnet_utils/nnet_conv2d_stream.h:85->firmware/nnet_utils/nnet_conv2d_stream.h:103]   --->   Operation 165 'select' 'select_ln1265_3' <Predicate = true> <Delay = 0.00> <Core = "Sel">   --->   Core 26 'Sel' <Latency = 0> <II = 1> <Delay = 0.69> <FuncUnit> <Opcode : 'select'> <InPorts = 3> <OutPorts = 1>
ST_9 : Operation 166 [1/1] (1.81ns) (out node of the LUT)   --->   "%acc_6_V = add i14 %trunc_ln708_182, %select_ln1265_3" [firmware/nnet_utils/nnet_dense_resource.h:160->firmware/nnet_utils/nnet_dense_resource.h:276->firmware/nnet_utils/nnet_conv_stream.h:278->firmware/nnet_utils/nnet_conv2d_stream.h:85->firmware/nnet_utils/nnet_conv2d_stream.h:103]   --->   Operation 166 'add' 'acc_6_V' <Predicate = true> <Delay = 1.81> <Core = "AddSub">   --->   Core 14 'AddSub' <Latency = 0> <II = 1> <Delay = 2.55> <FuncUnit> <Opcode : 'add' 'sub'> <InPorts = 2> <OutPorts = 1>
ST_9 : Operation 167 [1/1] (0.70ns)   --->   "%acc_7_V = select i1 %out_index, i14 %acc_6_V, i14 %tmp_data_7_V_2619" [firmware/nnet_utils/nnet_dense_resource.h:160->firmware/nnet_utils/nnet_dense_resource.h:276->firmware/nnet_utils/nnet_conv_stream.h:278->firmware/nnet_utils/nnet_conv2d_stream.h:85->firmware/nnet_utils/nnet_conv2d_stream.h:103]   --->   Operation 167 'select' 'acc_7_V' <Predicate = true> <Delay = 0.70> <Core = "Sel">   --->   Core 26 'Sel' <Latency = 0> <II = 1> <Delay = 0.69> <FuncUnit> <Opcode : 'select'> <InPorts = 3> <OutPorts = 1>
ST_9 : Operation 168 [1/1] (0.70ns)   --->   "%acc_7_V_3 = select i1 %out_index, i14 %tmp_data_6_V_2621, i14 %acc_6_V" [firmware/nnet_utils/nnet_dense_resource.h:160->firmware/nnet_utils/nnet_dense_resource.h:276->firmware/nnet_utils/nnet_conv_stream.h:278->firmware/nnet_utils/nnet_conv2d_stream.h:85->firmware/nnet_utils/nnet_conv2d_stream.h:103]   --->   Operation 168 'select' 'acc_7_V_3' <Predicate = true> <Delay = 0.70> <Core = "Sel">   --->   Core 26 'Sel' <Latency = 0> <II = 1> <Delay = 0.69> <FuncUnit> <Opcode : 'select'> <InPorts = 3> <OutPorts = 1>
ST_9 : Operation 169 [1/1] (0.00ns)   --->   "%empty = call i32 (...)* @_ssdm_op_SpecRegionEnd([10 x i8]* @p_str64, i32 %tmp_s)" [firmware/nnet_utils/nnet_dense_resource.h:172->firmware/nnet_utils/nnet_dense_resource.h:276->firmware/nnet_utils/nnet_conv_stream.h:278->firmware/nnet_utils/nnet_conv2d_stream.h:85->firmware/nnet_utils/nnet_conv2d_stream.h:103]   --->   Operation 169 'specregionend' 'empty' <Predicate = true> <Delay = 0.00>
ST_9 : Operation 170 [1/1] (0.00ns)   --->   "%empty_691 = call i32 (...)* @_ssdm_op_SpecLoopTripCount(i64 18, i64 18, i64 18)"   --->   Operation 170 'speclooptripcount' 'empty_691' <Predicate = true> <Delay = 0.00>

State 10 <SV = 9> <Delay = 4.42>
ST_10 : Operation 171 [1/1] (0.00ns)   --->   "%rend26_i_i = call i32 (...)* @_ssdm_op_SpecRegionEnd([138 x i8]* @nnet_KD_KD_dense_resource_MD_ap_fixed_MD_16_MC_AC_6_MC_AC_1, i32 %rbegin25_i_i) nounwind" [firmware/nnet_utils/nnet_conv_stream.h:282->firmware/nnet_utils/nnet_conv2d_stream.h:85->firmware/nnet_utils/nnet_conv2d_stream.h:103]   --->   Operation 171 'specregionend' 'rend26_i_i' <Predicate = (and_ln271_2)> <Delay = 0.00>
ST_10 : Operation 172 [1/1] (2.18ns)   --->   "call void @_ssdm_op_Write.ap_fifo.volatile.i14P.i14P.i14P.i14P.i14P.i14P.i14P.i14P(i14* %res_V_data_0_V, i14* %res_V_data_1_V, i14* %res_V_data_2_V, i14* %res_V_data_3_V, i14* %res_V_data_4_V, i14* %res_V_data_5_V, i14* %res_V_data_6_V, i14* %res_V_data_7_V, i14 %acc_1_V_3, i14 %acc_1_V, i14 %acc_3_V_3, i14 %acc_3_V, i14 %acc_5_V_3, i14 %acc_5_V, i14 %acc_7_V_3, i14 %acc_7_V)" [firmware/nnet_utils/nnet_conv_stream.h:288->firmware/nnet_utils/nnet_conv2d_stream.h:85->firmware/nnet_utils/nnet_conv2d_stream.h:103]   --->   Operation 172 'write' <Predicate = (and_ln271_2)> <Delay = 2.18> <Core = "FIFO">   --->   Core 32 'FIFO' <Latency = 0> <II = 1> <Delay = 3.63> <Storage> <Opcode : 'read' 'write' 'nbread' 'nbwrite'> <Ports = 0> <Width = 14> <Depth = 3> <FIFO>
ST_10 : Operation 173 [1/1] (0.00ns)   --->   "br label %._crit_edge22.i.i" [firmware/nnet_utils/nnet_conv_stream.h:289->firmware/nnet_utils/nnet_conv2d_stream.h:85->firmware/nnet_utils/nnet_conv2d_stream.h:103]   --->   Operation 173 'br' <Predicate = (and_ln271_2)> <Delay = 0.00>
ST_10 : Operation 174 [1/1] (2.47ns)   --->   "%icmp_ln292 = icmp eq i32 %pX_5_load, 17" [firmware/nnet_utils/nnet_conv_stream.h:292->firmware/nnet_utils/nnet_conv2d_stream.h:85->firmware/nnet_utils/nnet_conv2d_stream.h:103]   --->   Operation 174 'icmp' 'icmp_ln292' <Predicate = true> <Delay = 2.47> <Core = "Cmp">   --->   Core 25 'Cmp' <Latency = 0> <II = 1> <Delay = 2.20> <FuncUnit> <Opcode : 'icmp'> <InPorts = 2> <OutPorts = 1>
ST_10 : Operation 175 [1/1] (0.00ns)   --->   "br i1 %icmp_ln292, label %0, label %4" [firmware/nnet_utils/nnet_conv_stream.h:292->firmware/nnet_utils/nnet_conv2d_stream.h:85->firmware/nnet_utils/nnet_conv2d_stream.h:103]   --->   Operation 175 'br' <Predicate = true> <Delay = 0.00>
ST_10 : Operation 176 [1/1] (2.55ns)   --->   "%add_ln305 = add nsw i32 %pX_5_load, 1" [firmware/nnet_utils/nnet_conv_stream.h:305->firmware/nnet_utils/nnet_conv2d_stream.h:85->firmware/nnet_utils/nnet_conv2d_stream.h:103]   --->   Operation 176 'add' 'add_ln305' <Predicate = (!icmp_ln292)> <Delay = 2.55> <Core = "AddSub">   --->   Core 14 'AddSub' <Latency = 0> <II = 1> <Delay = 2.55> <FuncUnit> <Opcode : 'add' 'sub'> <InPorts = 2> <OutPorts = 1>
ST_10 : Operation 177 [1/1] (1.76ns)   --->   "store i32 %add_ln305, i32* @pX_5, align 4" [firmware/nnet_utils/nnet_conv_stream.h:305->firmware/nnet_utils/nnet_conv2d_stream.h:85->firmware/nnet_utils/nnet_conv2d_stream.h:103]   --->   Operation 177 'store' <Predicate = (!icmp_ln292)> <Delay = 1.76>
ST_10 : Operation 178 [1/1] (2.55ns)   --->   "%add_ln307 = add i32 %sX_5_load, 1" [firmware/nnet_utils/nnet_conv_stream.h:307->firmware/nnet_utils/nnet_conv2d_stream.h:85->firmware/nnet_utils/nnet_conv2d_stream.h:103]   --->   Operation 178 'add' 'add_ln307' <Predicate = (!icmp_ln292 & !icmp_ln271)> <Delay = 2.55> <Core = "AddSub">   --->   Core 14 'AddSub' <Latency = 0> <II = 1> <Delay = 2.55> <FuncUnit> <Opcode : 'add' 'sub'> <InPorts = 2> <OutPorts = 1>
ST_10 : Operation 179 [1/1] (0.69ns)   --->   "%select_ln307 = select i1 %icmp_ln271, i32 2, i32 %add_ln307" [firmware/nnet_utils/nnet_conv_stream.h:307->firmware/nnet_utils/nnet_conv2d_stream.h:85->firmware/nnet_utils/nnet_conv2d_stream.h:103]   --->   Operation 179 'select' 'select_ln307' <Predicate = (!icmp_ln292)> <Delay = 0.69> <Core = "Sel">   --->   Core 26 'Sel' <Latency = 0> <II = 1> <Delay = 0.69> <FuncUnit> <Opcode : 'select'> <InPorts = 3> <OutPorts = 1>
ST_10 : Operation 180 [1/1] (1.76ns)   --->   "store i32 0, i32* @pX_5, align 4" [firmware/nnet_utils/nnet_conv_stream.h:294->firmware/nnet_utils/nnet_conv2d_stream.h:85->firmware/nnet_utils/nnet_conv2d_stream.h:103]   --->   Operation 180 'store' <Predicate = (icmp_ln292)> <Delay = 1.76>
ST_10 : Operation 181 [1/1] (1.76ns)   --->   "store i32 0, i32* @sX_5, align 4" [firmware/nnet_utils/nnet_conv_stream.h:295->firmware/nnet_utils/nnet_conv2d_stream.h:85->firmware/nnet_utils/nnet_conv2d_stream.h:103]   --->   Operation 181 'store' <Predicate = (icmp_ln292)> <Delay = 1.76>
ST_10 : Operation 182 [1/1] (2.47ns)   --->   "%icmp_ln296 = icmp eq i32 %pY_5_load, 513" [firmware/nnet_utils/nnet_conv_stream.h:296->firmware/nnet_utils/nnet_conv2d_stream.h:85->firmware/nnet_utils/nnet_conv2d_stream.h:103]   --->   Operation 182 'icmp' 'icmp_ln296' <Predicate = (icmp_ln292)> <Delay = 2.47> <Core = "Cmp">   --->   Core 25 'Cmp' <Latency = 0> <II = 1> <Delay = 2.20> <FuncUnit> <Opcode : 'icmp'> <InPorts = 2> <OutPorts = 1>
ST_10 : Operation 183 [1/1] (0.00ns)   --->   "br i1 %icmp_ln296, label %1, label %2" [firmware/nnet_utils/nnet_conv_stream.h:296->firmware/nnet_utils/nnet_conv2d_stream.h:85->firmware/nnet_utils/nnet_conv2d_stream.h:103]   --->   Operation 183 'br' <Predicate = (icmp_ln292)> <Delay = 0.00>
ST_10 : Operation 184 [1/1] (2.55ns)   --->   "%add_ln300 = add nsw i32 %pY_5_load, 1" [firmware/nnet_utils/nnet_conv_stream.h:300->firmware/nnet_utils/nnet_conv2d_stream.h:85->firmware/nnet_utils/nnet_conv2d_stream.h:103]   --->   Operation 184 'add' 'add_ln300' <Predicate = (icmp_ln292 & !icmp_ln296)> <Delay = 2.55> <Core = "AddSub">   --->   Core 14 'AddSub' <Latency = 0> <II = 1> <Delay = 2.55> <FuncUnit> <Opcode : 'add' 'sub'> <InPorts = 2> <OutPorts = 1>
ST_10 : Operation 185 [1/1] (1.76ns)   --->   "store i32 %add_ln300, i32* @pY_5, align 4" [firmware/nnet_utils/nnet_conv_stream.h:300->firmware/nnet_utils/nnet_conv2d_stream.h:85->firmware/nnet_utils/nnet_conv2d_stream.h:103]   --->   Operation 185 'store' <Predicate = (icmp_ln292 & !icmp_ln296)> <Delay = 1.76>
ST_10 : Operation 186 [1/1] (2.55ns)   --->   "%add_ln302 = add i32 %sY_5_load, 1" [firmware/nnet_utils/nnet_conv_stream.h:302->firmware/nnet_utils/nnet_conv2d_stream.h:85->firmware/nnet_utils/nnet_conv2d_stream.h:103]   --->   Operation 186 'add' 'add_ln302' <Predicate = (icmp_ln292 & !icmp_ln296 & !icmp_ln271_1)> <Delay = 2.55> <Core = "AddSub">   --->   Core 14 'AddSub' <Latency = 0> <II = 1> <Delay = 2.55> <FuncUnit> <Opcode : 'add' 'sub'> <InPorts = 2> <OutPorts = 1>
ST_10 : Operation 187 [1/1] (0.69ns)   --->   "%select_ln302 = select i1 %icmp_ln271_1, i32 2, i32 %add_ln302" [firmware/nnet_utils/nnet_conv_stream.h:302->firmware/nnet_utils/nnet_conv2d_stream.h:85->firmware/nnet_utils/nnet_conv2d_stream.h:103]   --->   Operation 187 'select' 'select_ln302' <Predicate = (icmp_ln292 & !icmp_ln296)> <Delay = 0.69> <Core = "Sel">   --->   Core 26 'Sel' <Latency = 0> <II = 1> <Delay = 0.69> <FuncUnit> <Opcode : 'select'> <InPorts = 3> <OutPorts = 1>
ST_10 : Operation 188 [1/1] (1.76ns)   --->   "store i32 0, i32* @pY_5, align 4" [firmware/nnet_utils/nnet_conv_stream.h:297->firmware/nnet_utils/nnet_conv2d_stream.h:85->firmware/nnet_utils/nnet_conv2d_stream.h:103]   --->   Operation 188 'store' <Predicate = (icmp_ln292 & icmp_ln296)> <Delay = 1.76>
ST_10 : Operation 189 [1/1] (1.76ns)   --->   "br label %3" [firmware/nnet_utils/nnet_conv_stream.h:299->firmware/nnet_utils/nnet_conv2d_stream.h:85->firmware/nnet_utils/nnet_conv2d_stream.h:103]   --->   Operation 189 'br' <Predicate = (icmp_ln292 & icmp_ln296)> <Delay = 1.76>

State 11 <SV = 10> <Delay = 2.20>
ST_11 : Operation 190 [1/1] (1.76ns)   --->   "store i32 %select_ln307, i32* @sX_5, align 4" [firmware/nnet_utils/nnet_conv_stream.h:307->firmware/nnet_utils/nnet_conv2d_stream.h:85->firmware/nnet_utils/nnet_conv2d_stream.h:103]   --->   Operation 190 'store' <Predicate = (!icmp_ln292)> <Delay = 1.76>
ST_11 : Operation 191 [1/1] (0.00ns)   --->   "br label %"compute_output_buffer_2d<array<ap_fixed<16, 6, 5, 3, 0>, 1u>, array<ap_fixed<14, 6, 5, 3, 0>, 8u>, config2>.exit.i""   --->   Operation 191 'br' <Predicate = (!icmp_ln292)> <Delay = 0.00>
ST_11 : Operation 192 [1/1] (1.76ns)   --->   "br label %3"   --->   Operation 192 'br' <Predicate = (icmp_ln292 & !icmp_ln296)> <Delay = 1.76>
ST_11 : Operation 193 [1/1] (0.00ns)   --->   "%storemerge_i_i = phi i32 [ %select_ln302, %2 ], [ 0, %1 ]" [firmware/nnet_utils/nnet_conv_stream.h:302->firmware/nnet_utils/nnet_conv2d_stream.h:85->firmware/nnet_utils/nnet_conv2d_stream.h:103]   --->   Operation 193 'phi' 'storemerge_i_i' <Predicate = (icmp_ln292)> <Delay = 0.00>
ST_11 : Operation 194 [1/1] (0.00ns)   --->   "store i32 %storemerge_i_i, i32* @sY_5, align 4" [firmware/nnet_utils/nnet_conv_stream.h:298->firmware/nnet_utils/nnet_conv2d_stream.h:85->firmware/nnet_utils/nnet_conv2d_stream.h:103]   --->   Operation 194 'store' <Predicate = (icmp_ln292)> <Delay = 0.00>
ST_11 : Operation 195 [1/1] (0.00ns)   --->   "br label %"compute_output_buffer_2d<array<ap_fixed<16, 6, 5, 3, 0>, 1u>, array<ap_fixed<14, 6, 5, 3, 0>, 8u>, config2>.exit.i"" [firmware/nnet_utils/nnet_conv_stream.h:304->firmware/nnet_utils/nnet_conv2d_stream.h:85->firmware/nnet_utils/nnet_conv2d_stream.h:103]   --->   Operation 195 'br' <Predicate = (icmp_ln292)> <Delay = 0.00>
ST_11 : Operation 196 [1/1] (2.20ns)   --->   "%icmp_ln78 = icmp eq i14 %indvar_flatten36, -7133" [firmware/nnet_utils/nnet_conv2d_stream.h:78->firmware/nnet_utils/nnet_conv2d_stream.h:103]   --->   Operation 196 'icmp' 'icmp_ln78' <Predicate = true> <Delay = 2.20> <Core = "Cmp">   --->   Core 25 'Cmp' <Latency = 0> <II = 1> <Delay = 2.20> <FuncUnit> <Opcode : 'icmp'> <InPorts = 2> <OutPorts = 1>
ST_11 : Operation 197 [1/1] (0.00ns)   --->   "br i1 %icmp_ln78, label %"conv_2d_buffer_cl<array<ap_fixed<16, 6, 5, 3, 0>, 1u>, array<ap_fixed<14, 6, 5, 3, 0>, 8u>, config2>.exit", label %.reset" [firmware/nnet_utils/nnet_conv2d_stream.h:78->firmware/nnet_utils/nnet_conv2d_stream.h:103]   --->   Operation 197 'br' <Predicate = true> <Delay = 0.00>
ST_11 : Operation 198 [1/1] (0.00ns)   --->   "ret void" [firmware/nnet_utils/nnet_conv2d_stream.h:109]   --->   Operation 198 'ret' <Predicate = (icmp_ln78)> <Delay = 0.00>


============================================================
+ Verbose Summary: Timing violations
============================================================
Target clock period: 5ns, clock uncertainty: 0.625ns.

 <State 1>: 1.77ns
The critical path consists of the following:
	multiplexor before 'phi' operation ('indvar_flatten36', firmware/nnet_utils/nnet_conv2d_stream.h:78->firmware/nnet_utils/nnet_conv2d_stream.h:103) with incoming values : ('add_ln78', firmware/nnet_utils/nnet_conv2d_stream.h:78->firmware/nnet_utils/nnet_conv2d_stream.h:103) [38]  (1.77 ns)

 <State 2>: 2.19ns
The critical path consists of the following:
	fifo read on port 'data_V_data_V' (firmware/nnet_utils/nnet_conv2d_stream.h:85->firmware/nnet_utils/nnet_conv2d_stream.h:103) [42]  (2.19 ns)

 <State 3>: 4.43ns
The critical path consists of the following:
	'load' operation ('sX_5_load', firmware/nnet_utils/nnet_conv_stream.h:271->firmware/nnet_utils/nnet_conv2d_stream.h:85->firmware/nnet_utils/nnet_conv2d_stream.h:103) on static variable 'sX_5' [68]  (0 ns)
	'icmp' operation ('icmp_ln271', firmware/nnet_utils/nnet_conv_stream.h:271->firmware/nnet_utils/nnet_conv2d_stream.h:85->firmware/nnet_utils/nnet_conv2d_stream.h:103) [69]  (2.47 ns)
	'and' operation ('and_ln271', firmware/nnet_utils/nnet_conv_stream.h:271->firmware/nnet_utils/nnet_conv2d_stream.h:85->firmware/nnet_utils/nnet_conv2d_stream.h:103) [78]  (0 ns)
	'and' operation ('and_ln271_2', firmware/nnet_utils/nnet_conv_stream.h:271->firmware/nnet_utils/nnet_conv2d_stream.h:85->firmware/nnet_utils/nnet_conv2d_stream.h:103) [80]  (0.978 ns)
	blocking operation 0.978 ns on control path)

 <State 4>: 5.03ns
The critical path consists of the following:
	'phi' operation ('in_index_0_i_i_i_i35', firmware/nnet_utils/nnet_dense_resource.h:168->firmware/nnet_utils/nnet_dense_resource.h:276->firmware/nnet_utils/nnet_conv_stream.h:278->firmware/nnet_utils/nnet_conv2d_stream.h:85->firmware/nnet_utils/nnet_conv2d_stream.h:103) with incoming values : ('select_ln168', firmware/nnet_utils/nnet_dense_resource.h:168->firmware/nnet_utils/nnet_dense_resource.h:276->firmware/nnet_utils/nnet_conv_stream.h:278->firmware/nnet_utils/nnet_conv2d_stream.h:85->firmware/nnet_utils/nnet_conv2d_stream.h:103) [87]  (0 ns)
	'add' operation ('in_index', firmware/nnet_utils/nnet_dense_resource.h:167->firmware/nnet_utils/nnet_dense_resource.h:276->firmware/nnet_utils/nnet_conv_stream.h:278->firmware/nnet_utils/nnet_conv2d_stream.h:85->firmware/nnet_utils/nnet_conv2d_stream.h:103) [171]  (2.55 ns)
	'icmp' operation ('icmp_ln168', firmware/nnet_utils/nnet_dense_resource.h:168->firmware/nnet_utils/nnet_dense_resource.h:276->firmware/nnet_utils/nnet_conv_stream.h:278->firmware/nnet_utils/nnet_conv2d_stream.h:85->firmware/nnet_utils/nnet_conv2d_stream.h:103) [172]  (2.47 ns)

 <State 5>: 5.72ns
The critical path consists of the following:
	'select' operation ('select_ln168', firmware/nnet_utils/nnet_dense_resource.h:168->firmware/nnet_utils/nnet_dense_resource.h:276->firmware/nnet_utils/nnet_conv_stream.h:278->firmware/nnet_utils/nnet_conv2d_stream.h:85->firmware/nnet_utils/nnet_conv2d_stream.h:103) [173]  (0.698 ns)
	'phi' operation ('in_index_0_i_i_i_i35', firmware/nnet_utils/nnet_dense_resource.h:168->firmware/nnet_utils/nnet_dense_resource.h:276->firmware/nnet_utils/nnet_conv_stream.h:278->firmware/nnet_utils/nnet_conv2d_stream.h:85->firmware/nnet_utils/nnet_conv2d_stream.h:103) with incoming values : ('select_ln168', firmware/nnet_utils/nnet_dense_resource.h:168->firmware/nnet_utils/nnet_dense_resource.h:276->firmware/nnet_utils/nnet_conv_stream.h:278->firmware/nnet_utils/nnet_conv2d_stream.h:85->firmware/nnet_utils/nnet_conv2d_stream.h:103) [87]  (0 ns)
	'add' operation ('in_index', firmware/nnet_utils/nnet_dense_resource.h:167->firmware/nnet_utils/nnet_dense_resource.h:276->firmware/nnet_utils/nnet_conv_stream.h:278->firmware/nnet_utils/nnet_conv2d_stream.h:85->firmware/nnet_utils/nnet_conv2d_stream.h:103) [171]  (2.55 ns)
	'icmp' operation ('icmp_ln168', firmware/nnet_utils/nnet_dense_resource.h:168->firmware/nnet_utils/nnet_dense_resource.h:276->firmware/nnet_utils/nnet_conv_stream.h:278->firmware/nnet_utils/nnet_conv2d_stream.h:85->firmware/nnet_utils/nnet_conv2d_stream.h:103) [172]  (2.47 ns)

 <State 6>: 4.87ns
The critical path consists of the following:
	'load' operation ('kernel_data_V_1_8_load_1', aesl_mux_load.9i16P.i4:17->firmware/nnet_utils/nnet_dense_resource.h:160->firmware/nnet_utils/nnet_dense_resource.h:276->firmware/nnet_utils/nnet_conv_stream.h:278->firmware/nnet_utils/nnet_conv2d_stream.h:85->firmware/nnet_utils/nnet_conv2d_stream.h:103) on static variable 'kernel_data_V_1_8' [104]  (0 ns)
	'select' operation ('select_ln19_7', aesl_mux_load.9i16P.i4:19->firmware/nnet_utils/nnet_dense_resource.h:160->firmware/nnet_utils/nnet_dense_resource.h:276->firmware/nnet_utils/nnet_conv_stream.h:278->firmware/nnet_utils/nnet_conv2d_stream.h:85->firmware/nnet_utils/nnet_conv2d_stream.h:103) [135]  (0.978 ns)
	'mul' operation of DSP[141] ('mul_ln1118', firmware/nnet_utils/nnet_mult.h:67->firmware/nnet_utils/nnet_dense_resource.h:160->firmware/nnet_utils/nnet_dense_resource.h:276->firmware/nnet_utils/nnet_conv_stream.h:278->firmware/nnet_utils/nnet_conv2d_stream.h:85->firmware/nnet_utils/nnet_conv2d_stream.h:103) [141]  (3.89 ns)

 <State 7>: 3.89ns
The critical path consists of the following:
	'mul' operation of DSP[141] ('mul_ln1118', firmware/nnet_utils/nnet_mult.h:67->firmware/nnet_utils/nnet_dense_resource.h:160->firmware/nnet_utils/nnet_dense_resource.h:276->firmware/nnet_utils/nnet_conv_stream.h:278->firmware/nnet_utils/nnet_conv2d_stream.h:85->firmware/nnet_utils/nnet_conv2d_stream.h:103) [141]  (3.89 ns)

 <State 8>: 0ns
The critical path consists of the following:

 <State 9>: 2.51ns
The critical path consists of the following:
	'phi' operation ('acc[1].V') with incoming values : ('acc[1].V', firmware/nnet_utils/nnet_dense_resource.h:160->firmware/nnet_utils/nnet_dense_resource.h:276->firmware/nnet_utils/nnet_conv_stream.h:278->firmware/nnet_utils/nnet_conv2d_stream.h:85->firmware/nnet_utils/nnet_conv2d_stream.h:103) [89]  (0 ns)
	'select' operation ('select_ln1265', firmware/nnet_utils/nnet_dense_resource.h:160->firmware/nnet_utils/nnet_dense_resource.h:276->firmware/nnet_utils/nnet_conv_stream.h:278->firmware/nnet_utils/nnet_conv2d_stream.h:85->firmware/nnet_utils/nnet_conv2d_stream.h:103) [143]  (0 ns)
	'add' operation ('acc[0].V', firmware/nnet_utils/nnet_dense_resource.h:160->firmware/nnet_utils/nnet_dense_resource.h:276->firmware/nnet_utils/nnet_conv_stream.h:278->firmware/nnet_utils/nnet_conv2d_stream.h:85->firmware/nnet_utils/nnet_conv2d_stream.h:103) [144]  (1.81 ns)
	'select' operation ('acc[1].V', firmware/nnet_utils/nnet_dense_resource.h:160->firmware/nnet_utils/nnet_dense_resource.h:276->firmware/nnet_utils/nnet_conv_stream.h:278->firmware/nnet_utils/nnet_conv2d_stream.h:85->firmware/nnet_utils/nnet_conv2d_stream.h:103) [145]  (0.702 ns)

 <State 10>: 4.43ns
The critical path consists of the following:
	'icmp' operation ('icmp_ln292', firmware/nnet_utils/nnet_conv_stream.h:292->firmware/nnet_utils/nnet_conv2d_stream.h:85->firmware/nnet_utils/nnet_conv2d_stream.h:103) [184]  (2.47 ns)
	blocking operation 1.96 ns on control path)

 <State 11>: 2.21ns
The critical path consists of the following:
	'icmp' operation ('icmp_ln78', firmware/nnet_utils/nnet_conv2d_stream.h:78->firmware/nnet_utils/nnet_conv2d_stream.h:103) [212]  (2.21 ns)


============================================================
+ Verbose Summary: Binding
============================================================
N/A
* FSMD analyzer results:
  - Output states:
 - Input state : 
  - Chain level:
	State 1
	State 2
	State 3
	State 4
	State 5
	State 6
	State 7
	State 8
	State 9
	State 10
	State 11


============================================================
+ Verbose Summary: Datapath Resource usage 
============================================================
N/A
