

================================================================
== Vivado HLS Report for 'dense_wrapper_ap_fixed_ap_fixed_14_6_5_3_0_config22_s'
================================================================
* Date:           Sun Nov 14 10:23:19 2021

* Version:        2019.1 (Build 2552052 on Fri May 24 15:28:33 MDT 2019)
* Project:        myproject_prj
* Solution:       solution1
* Product family: zynq
* Target device:  xc7z020-clg400-1


================================================================
== Performance Estimates
================================================================
+ Timing (ns): 
    * Summary: 
    +--------+-------+----------+------------+
    |  Clock | Target| Estimated| Uncertainty|
    +--------+-------+----------+------------+
    |ap_clk  |   5.00|     5.723|        0.62|
    +--------+-------+----------+------------+

+ Latency (clock cycles): 
    * Summary: 
    +-----+-----+-----+-----+---------------------------------------------+
    |  Latency  |  Interval |                   Pipeline                  |
    | min | max | min | max |                     Type                    |
    +-----+-----+-----+-----+---------------------------------------------+
    |   22|   23|   20|   20| loop rewind(delay=0 initiation interval(s)) |
    +-----+-----+-----+-----+---------------------------------------------+

    + Detail: 
        * Instance: 
        N/A

        * Loop: 
        +-------------+-----+-----+----------+-----------+-----------+------+----------+
        |             |  Latency  | Iteration|  Initiation Interval  | Trip |          |
        |  Loop Name  | min | max |  Latency |  achieved |   target  | Count| Pipelined|
        +-------------+-----+-----+----------+-----------+-----------+------+----------+
        |- ReuseLoop  |   22|   22|         4|          1|          1|    20|    yes   |
        +-------------+-----+-----+----------+-----------+-----------+------+----------+

============================================================
+ Verbose Summary: Synthesis Manager
============================================================
InlineROM: 1
ExposeGlobal: 0
============================================================
+ Verbose Summary: CDFG Model
============================================================
IsTopModel: 0
ResetActiveHigh: 1
IsCombinational: 0
IsDatapathOnly: 0
HasWiredReturn: 1
HasMFsm: 0
HasVarLatency: 1
IsPipeline: 0
IsRtlPipelined: 0
IsInstanceOverlapped: 0
IsDontTouch: 0
HasImplIP: 0
IsGatedGlobalClock: 0

+ Individual pipeline summary: 
  * Pipeline-0: initiation interval (II) = 1, depth = 4


============================================================
+ Verbose Summary: Schedule
============================================================
* Number of FSM states : 5
* Pipeline : 1
  Pipeline-0 : II = 1, D = 4, States = { 2 3 4 5 }
* Dataflow Pipeline: 0

* FSM state transitions: 
1 --> 2 
2 --> 3 
3 --> 4 
4 --> 5 
5 --> 2 

* FSM state operations: 

State 1 <SV = 0> <Delay = 1.76>
ST_1 : Operation 6 [1/1] (0.00ns)   --->   "%rbegin = call i32 (...)* @_ssdm_op_SpecRegionBegin([133 x i8]* @nnet_KD_KD_dense_resource_MD_ap_fixed_MD_6_MC_AC_1_MC_AC_2) nounwind" [firmware/nnet_utils/nnet_dense_stream.h:24]   --->   Operation 6 'specregionbegin' 'rbegin' <Predicate = true> <Delay = 0.00>
ST_1 : Operation 7 [1/1] (1.76ns)   --->   "br label %rewind_header" [firmware/nnet_utils/nnet_dense_resource.h:151->firmware/nnet_utils/nnet_dense_resource.h:276->firmware/nnet_utils/nnet_dense_stream.h:24]   --->   Operation 7 'br' <Predicate = true> <Delay = 1.76>

State 2 <SV = 1> <Delay = 5.02>
ST_2 : Operation 8 [1/1] (0.00ns)   --->   "%do_init = phi i1 [ true, %"nnet::dense_resource<ap_fixed<6, 1, (ap_q_mode)0, (ap_o_mode)0, 0>, ap_fixed<14, 6, (ap_q_mode)5, (ap_o_mode)3, 0>, config22>.region_begin" ], [ false, %ReuseLoop_end ], [ true, %"nnet::dense_resource<ap_fixed<6, 1, (ap_q_mode)0, (ap_o_mode)0, 0>, ap_fixed<14, 6, (ap_q_mode)5, (ap_o_mode)3, 0>, config22>.region_end" ]"   --->   Operation 8 'phi' 'do_init' <Predicate = true> <Delay = 0.00>
ST_2 : Operation 9 [1/1] (0.00ns)   --->   "%in_index_0_i_i50 = phi i32 [ 0, %"nnet::dense_resource<ap_fixed<6, 1, (ap_q_mode)0, (ap_o_mode)0, 0>, ap_fixed<14, 6, (ap_q_mode)5, (ap_o_mode)3, 0>, config22>.region_begin" ], [ %select_ln168, %ReuseLoop_end ], [ 0, %"nnet::dense_resource<ap_fixed<6, 1, (ap_q_mode)0, (ap_o_mode)0, 0>, ap_fixed<14, 6, (ap_q_mode)5, (ap_o_mode)3, 0>, config22>.region_end" ]" [firmware/nnet_utils/nnet_dense_resource.h:168->firmware/nnet_utils/nnet_dense_resource.h:276->firmware/nnet_utils/nnet_dense_stream.h:24]   --->   Operation 9 'phi' 'in_index_0_i_i50' <Predicate = true> <Delay = 0.00>
ST_2 : Operation 10 [1/1] (0.00ns)   --->   "%w_index49 = phi i5 [ 0, %"nnet::dense_resource<ap_fixed<6, 1, (ap_q_mode)0, (ap_o_mode)0, 0>, ap_fixed<14, 6, (ap_q_mode)5, (ap_o_mode)3, 0>, config22>.region_begin" ], [ %w_index, %ReuseLoop_end ], [ 0, %"nnet::dense_resource<ap_fixed<6, 1, (ap_q_mode)0, (ap_o_mode)0, 0>, ap_fixed<14, 6, (ap_q_mode)5, (ap_o_mode)3, 0>, config22>.region_end" ]"   --->   Operation 10 'phi' 'w_index49' <Predicate = true> <Delay = 0.00>
ST_2 : Operation 11 [1/1] (0.00ns)   --->   "%data_4_V_read_2 = call i6 @_ssdm_op_Read.ap_auto.i6(i6 %data_4_V_read)" [firmware/nnet_utils/nnet_dense_stream.h:14]   --->   Operation 11 'read' 'data_4_V_read_2' <Predicate = (do_init)> <Delay = 0.00>
ST_2 : Operation 12 [1/1] (0.00ns)   --->   "%data_3_V_read_2 = call i6 @_ssdm_op_Read.ap_auto.i6(i6 %data_3_V_read)" [firmware/nnet_utils/nnet_dense_stream.h:14]   --->   Operation 12 'read' 'data_3_V_read_2' <Predicate = (do_init)> <Delay = 0.00>
ST_2 : Operation 13 [1/1] (0.00ns)   --->   "%data_2_V_read_2 = call i6 @_ssdm_op_Read.ap_auto.i6(i6 %data_2_V_read)" [firmware/nnet_utils/nnet_dense_stream.h:14]   --->   Operation 13 'read' 'data_2_V_read_2' <Predicate = (do_init)> <Delay = 0.00>
ST_2 : Operation 14 [1/1] (0.00ns)   --->   "%data_1_V_read_2 = call i6 @_ssdm_op_Read.ap_auto.i6(i6 %data_1_V_read)" [firmware/nnet_utils/nnet_dense_stream.h:14]   --->   Operation 14 'read' 'data_1_V_read_2' <Predicate = (do_init)> <Delay = 0.00>
ST_2 : Operation 15 [1/1] (0.00ns)   --->   "%data_0_V_read51 = call i6 @_ssdm_op_Read.ap_auto.i6(i6 %data_0_V_read)" [firmware/nnet_utils/nnet_dense_stream.h:14]   --->   Operation 15 'read' 'data_0_V_read51' <Predicate = (do_init)> <Delay = 0.00>
ST_2 : Operation 16 [1/1] (1.76ns)   --->   "br label %ReuseLoop_begin" [firmware/nnet_utils/nnet_dense_resource.h:151->firmware/nnet_utils/nnet_dense_resource.h:276->firmware/nnet_utils/nnet_dense_stream.h:24]   --->   Operation 16 'br' <Predicate = (do_init)> <Delay = 1.76>
ST_2 : Operation 17 [1/1] (0.00ns)   --->   "%zext_ln155 = zext i5 %w_index49 to i64" [firmware/nnet_utils/nnet_dense_resource.h:155->firmware/nnet_utils/nnet_dense_resource.h:276->firmware/nnet_utils/nnet_dense_stream.h:24]   --->   Operation 17 'zext' 'zext_ln155' <Predicate = true> <Delay = 0.00>
ST_2 : Operation 18 [1/1] (0.00ns)   --->   "%outidx_addr = getelementptr [20 x i2]* @outidx, i64 0, i64 %zext_ln155" [firmware/nnet_utils/nnet_dense_resource.h:155->firmware/nnet_utils/nnet_dense_resource.h:276->firmware/nnet_utils/nnet_dense_stream.h:24]   --->   Operation 18 'getelementptr' 'outidx_addr' <Predicate = true> <Delay = 0.00>
ST_2 : Operation 19 [2/2] (3.25ns)   --->   "%out_index = load i2* %outidx_addr, align 1" [firmware/nnet_utils/nnet_dense_resource.h:155->firmware/nnet_utils/nnet_dense_resource.h:276->firmware/nnet_utils/nnet_dense_stream.h:24]   --->   Operation 19 'load' 'out_index' <Predicate = true> <Delay = 3.25> <Core = "ROM_nP">   --->   Core 52 'ROM_nP' <Latency = 1> <II = 1> <Delay = 3.25> <Storage> <Opcode : 'load'> <Ports = 0> <Width = 24> <Depth = 20> <ROM>
ST_2 : Operation 20 [1/1] (0.00ns)   --->   "%w22_V_addr = getelementptr [20 x i24]* @w22_V, i64 0, i64 %zext_ln155" [firmware/nnet_utils/nnet_dense_resource.h:160->firmware/nnet_utils/nnet_dense_resource.h:276->firmware/nnet_utils/nnet_dense_stream.h:24]   --->   Operation 20 'getelementptr' 'w22_V_addr' <Predicate = true> <Delay = 0.00>
ST_2 : Operation 21 [2/2] (3.25ns)   --->   "%w22_V_load = load i24* %w22_V_addr, align 4" [firmware/nnet_utils/nnet_dense_resource.h:160->firmware/nnet_utils/nnet_dense_resource.h:276->firmware/nnet_utils/nnet_dense_stream.h:24]   --->   Operation 21 'load' 'w22_V_load' <Predicate = true> <Delay = 3.25> <Core = "ROM_nP">   --->   Core 52 'ROM_nP' <Latency = 1> <II = 1> <Delay = 3.25> <Storage> <Opcode : 'load'> <Ports = 0> <Width = 24> <Depth = 20> <ROM>
ST_2 : Operation 22 [1/1] (1.78ns)   --->   "%w_index = add i5 1, %w_index49" [firmware/nnet_utils/nnet_dense_resource.h:151->firmware/nnet_utils/nnet_dense_resource.h:276->firmware/nnet_utils/nnet_dense_stream.h:24]   --->   Operation 22 'add' 'w_index' <Predicate = true> <Delay = 1.78> <Core = "AddSub">   --->   Core 14 'AddSub' <Latency = 0> <II = 1> <Delay = 2.55> <FuncUnit> <Opcode : 'add' 'sub'> <InPorts = 2> <OutPorts = 1>
ST_2 : Operation 23 [1/1] (2.55ns)   --->   "%in_index = add nsw i32 %in_index_0_i_i50, 1" [firmware/nnet_utils/nnet_dense_resource.h:167->firmware/nnet_utils/nnet_dense_resource.h:276->firmware/nnet_utils/nnet_dense_stream.h:24]   --->   Operation 23 'add' 'in_index' <Predicate = true> <Delay = 2.55> <Core = "AddSub">   --->   Core 14 'AddSub' <Latency = 0> <II = 1> <Delay = 2.55> <FuncUnit> <Opcode : 'add' 'sub'> <InPorts = 2> <OutPorts = 1>
ST_2 : Operation 24 [1/1] (2.47ns)   --->   "%icmp_ln168 = icmp sgt i32 %in_index, 4" [firmware/nnet_utils/nnet_dense_resource.h:168->firmware/nnet_utils/nnet_dense_resource.h:276->firmware/nnet_utils/nnet_dense_stream.h:24]   --->   Operation 24 'icmp' 'icmp_ln168' <Predicate = true> <Delay = 2.47> <Core = "Cmp">   --->   Core 25 'Cmp' <Latency = 0> <II = 1> <Delay = 1.36> <FuncUnit> <Opcode : 'icmp'> <InPorts = 2> <OutPorts = 1>
ST_2 : Operation 25 [1/1] (1.36ns)   --->   "%icmp_ln151 = icmp eq i5 %w_index49, -13" [firmware/nnet_utils/nnet_dense_resource.h:151->firmware/nnet_utils/nnet_dense_resource.h:276->firmware/nnet_utils/nnet_dense_stream.h:24]   --->   Operation 25 'icmp' 'icmp_ln151' <Predicate = true> <Delay = 1.36> <Core = "Cmp">   --->   Core 25 'Cmp' <Latency = 0> <II = 1> <Delay = 1.36> <FuncUnit> <Opcode : 'icmp'> <InPorts = 2> <OutPorts = 1>
ST_2 : Operation 26 [1/1] (0.00ns)   --->   "br i1 %icmp_ln151, label %"nnet::dense_resource<ap_fixed<6, 1, (ap_q_mode)0, (ap_o_mode)0, 0>, ap_fixed<14, 6, (ap_q_mode)5, (ap_o_mode)3, 0>, config22>.region_end", label %rewind_header" [firmware/nnet_utils/nnet_dense_resource.h:151->firmware/nnet_utils/nnet_dense_resource.h:276->firmware/nnet_utils/nnet_dense_stream.h:24]   --->   Operation 26 'br' <Predicate = true> <Delay = 0.00>
ST_2 : Operation 27 [1/1] (0.00ns)   --->   "br label %rewind_header" [firmware/nnet_utils/nnet_dense_stream.h:26]   --->   Operation 27 'br' <Predicate = (icmp_ln151)> <Delay = 0.00>

State 3 <SV = 2> <Delay = 5.72>
ST_3 : Operation 28 [1/1] (0.00ns)   --->   "%data_0_V_read51_rewind = phi i6 [ undef, %"nnet::dense_resource<ap_fixed<6, 1, (ap_q_mode)0, (ap_o_mode)0, 0>, ap_fixed<14, 6, (ap_q_mode)5, (ap_o_mode)3, 0>, config22>.region_begin" ], [ %data_0_V_read51_phi, %ReuseLoop_end ], [ undef, %"nnet::dense_resource<ap_fixed<6, 1, (ap_q_mode)0, (ap_o_mode)0, 0>, ap_fixed<14, 6, (ap_q_mode)5, (ap_o_mode)3, 0>, config22>.region_end" ]" [firmware/nnet_utils/nnet_dense_stream.h:14]   --->   Operation 28 'phi' 'data_0_V_read51_rewind' <Predicate = true> <Delay = 0.00>
ST_3 : Operation 29 [1/1] (0.00ns)   --->   "%data_1_V_read52_rewind = phi i6 [ undef, %"nnet::dense_resource<ap_fixed<6, 1, (ap_q_mode)0, (ap_o_mode)0, 0>, ap_fixed<14, 6, (ap_q_mode)5, (ap_o_mode)3, 0>, config22>.region_begin" ], [ %data_1_V_read52_phi, %ReuseLoop_end ], [ undef, %"nnet::dense_resource<ap_fixed<6, 1, (ap_q_mode)0, (ap_o_mode)0, 0>, ap_fixed<14, 6, (ap_q_mode)5, (ap_o_mode)3, 0>, config22>.region_end" ]" [firmware/nnet_utils/nnet_dense_stream.h:14]   --->   Operation 29 'phi' 'data_1_V_read52_rewind' <Predicate = true> <Delay = 0.00>
ST_3 : Operation 30 [1/1] (0.00ns)   --->   "%data_2_V_read53_rewind = phi i6 [ undef, %"nnet::dense_resource<ap_fixed<6, 1, (ap_q_mode)0, (ap_o_mode)0, 0>, ap_fixed<14, 6, (ap_q_mode)5, (ap_o_mode)3, 0>, config22>.region_begin" ], [ %data_2_V_read53_phi, %ReuseLoop_end ], [ undef, %"nnet::dense_resource<ap_fixed<6, 1, (ap_q_mode)0, (ap_o_mode)0, 0>, ap_fixed<14, 6, (ap_q_mode)5, (ap_o_mode)3, 0>, config22>.region_end" ]" [firmware/nnet_utils/nnet_dense_stream.h:14]   --->   Operation 30 'phi' 'data_2_V_read53_rewind' <Predicate = true> <Delay = 0.00>
ST_3 : Operation 31 [1/1] (0.00ns)   --->   "%data_3_V_read54_rewind = phi i6 [ undef, %"nnet::dense_resource<ap_fixed<6, 1, (ap_q_mode)0, (ap_o_mode)0, 0>, ap_fixed<14, 6, (ap_q_mode)5, (ap_o_mode)3, 0>, config22>.region_begin" ], [ %data_3_V_read54_phi, %ReuseLoop_end ], [ undef, %"nnet::dense_resource<ap_fixed<6, 1, (ap_q_mode)0, (ap_o_mode)0, 0>, ap_fixed<14, 6, (ap_q_mode)5, (ap_o_mode)3, 0>, config22>.region_end" ]" [firmware/nnet_utils/nnet_dense_stream.h:14]   --->   Operation 31 'phi' 'data_3_V_read54_rewind' <Predicate = true> <Delay = 0.00>
ST_3 : Operation 32 [1/1] (0.00ns)   --->   "%data_4_V_read55_rewind = phi i6 [ undef, %"nnet::dense_resource<ap_fixed<6, 1, (ap_q_mode)0, (ap_o_mode)0, 0>, ap_fixed<14, 6, (ap_q_mode)5, (ap_o_mode)3, 0>, config22>.region_begin" ], [ %data_4_V_read55_phi, %ReuseLoop_end ], [ undef, %"nnet::dense_resource<ap_fixed<6, 1, (ap_q_mode)0, (ap_o_mode)0, 0>, ap_fixed<14, 6, (ap_q_mode)5, (ap_o_mode)3, 0>, config22>.region_end" ]" [firmware/nnet_utils/nnet_dense_stream.h:14]   --->   Operation 32 'phi' 'data_4_V_read55_rewind' <Predicate = true> <Delay = 0.00>
ST_3 : Operation 33 [1/1] (1.76ns)   --->   "br i1 %do_init, label %rewind_init, label %ReuseLoop_begin"   --->   Operation 33 'br' <Predicate = true> <Delay = 1.76>
ST_3 : Operation 34 [1/1] (0.00ns)   --->   "%data_0_V_read51_phi = phi i6 [ %data_0_V_read51, %rewind_init ], [ %data_0_V_read51_rewind, %rewind_header ]" [firmware/nnet_utils/nnet_dense_stream.h:14]   --->   Operation 34 'phi' 'data_0_V_read51_phi' <Predicate = true> <Delay = 0.00>
ST_3 : Operation 35 [1/1] (0.00ns)   --->   "%data_1_V_read52_phi = phi i6 [ %data_1_V_read_2, %rewind_init ], [ %data_1_V_read52_rewind, %rewind_header ]" [firmware/nnet_utils/nnet_dense_stream.h:14]   --->   Operation 35 'phi' 'data_1_V_read52_phi' <Predicate = true> <Delay = 0.00>
ST_3 : Operation 36 [1/1] (0.00ns)   --->   "%data_2_V_read53_phi = phi i6 [ %data_2_V_read_2, %rewind_init ], [ %data_2_V_read53_rewind, %rewind_header ]" [firmware/nnet_utils/nnet_dense_stream.h:14]   --->   Operation 36 'phi' 'data_2_V_read53_phi' <Predicate = true> <Delay = 0.00>
ST_3 : Operation 37 [1/1] (0.00ns)   --->   "%data_3_V_read54_phi = phi i6 [ %data_3_V_read_2, %rewind_init ], [ %data_3_V_read54_rewind, %rewind_header ]" [firmware/nnet_utils/nnet_dense_stream.h:14]   --->   Operation 37 'phi' 'data_3_V_read54_phi' <Predicate = true> <Delay = 0.00>
ST_3 : Operation 38 [1/1] (0.00ns)   --->   "%data_4_V_read55_phi = phi i6 [ %data_4_V_read_2, %rewind_init ], [ %data_4_V_read55_rewind, %rewind_header ]" [firmware/nnet_utils/nnet_dense_stream.h:14]   --->   Operation 38 'phi' 'data_4_V_read55_phi' <Predicate = true> <Delay = 0.00>
ST_3 : Operation 39 [1/2] (3.25ns)   --->   "%out_index = load i2* %outidx_addr, align 1" [firmware/nnet_utils/nnet_dense_resource.h:155->firmware/nnet_utils/nnet_dense_resource.h:276->firmware/nnet_utils/nnet_dense_stream.h:24]   --->   Operation 39 'load' 'out_index' <Predicate = true> <Delay = 3.25> <Core = "ROM_nP">   --->   Core 52 'ROM_nP' <Latency = 1> <II = 1> <Delay = 3.25> <Storage> <Opcode : 'load'> <Ports = 0> <Width = 24> <Depth = 20> <ROM>
ST_3 : Operation 40 [1/1] (0.00ns)   --->   "%trunc_ln160 = trunc i32 %in_index_0_i_i50 to i3" [firmware/nnet_utils/nnet_dense_resource.h:160->firmware/nnet_utils/nnet_dense_resource.h:276->firmware/nnet_utils/nnet_dense_stream.h:24]   --->   Operation 40 'trunc' 'trunc_ln160' <Predicate = true> <Delay = 0.00>
ST_3 : Operation 41 [1/1] (2.14ns)   --->   "%tmp_6 = call i6 @_ssdm_op_Mux.ap_auto.5i6.i3(i6 %data_0_V_read51_phi, i6 %data_1_V_read52_phi, i6 %data_2_V_read53_phi, i6 %data_3_V_read54_phi, i6 %data_4_V_read55_phi, i3 %trunc_ln160)" [firmware/nnet_utils/nnet_dense_resource.h:160->firmware/nnet_utils/nnet_dense_resource.h:276->firmware/nnet_utils/nnet_dense_stream.h:24]   --->   Operation 41 'mux' 'tmp_6' <Predicate = true> <Delay = 2.14> <Core = "MuxnS">   --->   Core 31 'MuxnS' <Latency = 0> <II = 1> <Delay = 2.06> <FuncUnit> <Opcode : 'mux'> <InPorts = 2> <OutPorts = 1>
ST_3 : Operation 42 [1/2] (3.25ns)   --->   "%w22_V_load = load i24* %w22_V_addr, align 4" [firmware/nnet_utils/nnet_dense_resource.h:160->firmware/nnet_utils/nnet_dense_resource.h:276->firmware/nnet_utils/nnet_dense_stream.h:24]   --->   Operation 42 'load' 'w22_V_load' <Predicate = true> <Delay = 3.25> <Core = "ROM_nP">   --->   Core 52 'ROM_nP' <Latency = 1> <II = 1> <Delay = 3.25> <Storage> <Opcode : 'load'> <Ports = 0> <Width = 24> <Depth = 20> <ROM>
ST_3 : Operation 43 [1/1] (0.00ns)   --->   "%trunc_ln160_1 = trunc i24 %w22_V_load to i6" [firmware/nnet_utils/nnet_dense_resource.h:160->firmware/nnet_utils/nnet_dense_resource.h:276->firmware/nnet_utils/nnet_dense_stream.h:24]   --->   Operation 43 'trunc' 'trunc_ln160_1' <Predicate = true> <Delay = 0.00>
ST_3 : Operation 44 [1/1] (0.00ns)   --->   "%tmp_2 = call i6 @_ssdm_op_PartSelect.i6.i24.i32.i32(i24 %w22_V_load, i32 6, i32 11)" [firmware/nnet_utils/nnet_dense_resource.h:160->firmware/nnet_utils/nnet_dense_resource.h:276->firmware/nnet_utils/nnet_dense_stream.h:24]   --->   Operation 44 'partselect' 'tmp_2' <Predicate = true> <Delay = 0.00>
ST_3 : Operation 45 [1/1] (0.00ns)   --->   "%tmp_3 = call i6 @_ssdm_op_PartSelect.i6.i24.i32.i32(i24 %w22_V_load, i32 12, i32 17)" [firmware/nnet_utils/nnet_dense_resource.h:160->firmware/nnet_utils/nnet_dense_resource.h:276->firmware/nnet_utils/nnet_dense_stream.h:24]   --->   Operation 45 'partselect' 'tmp_3' <Predicate = true> <Delay = 0.00>
ST_3 : Operation 46 [1/1] (0.00ns)   --->   "%tmp_4 = call i6 @_ssdm_op_PartSelect.i6.i24.i32.i32(i24 %w22_V_load, i32 18, i32 23)" [firmware/nnet_utils/nnet_dense_resource.h:160->firmware/nnet_utils/nnet_dense_resource.h:276->firmware/nnet_utils/nnet_dense_stream.h:24]   --->   Operation 46 'partselect' 'tmp_4' <Predicate = true> <Delay = 0.00>
ST_3 : Operation 47 [1/1] (0.69ns)   --->   "%select_ln168 = select i1 %icmp_ln168, i32 0, i32 %in_index" [firmware/nnet_utils/nnet_dense_resource.h:168->firmware/nnet_utils/nnet_dense_resource.h:276->firmware/nnet_utils/nnet_dense_stream.h:24]   --->   Operation 47 'select' 'select_ln168' <Predicate = true> <Delay = 0.69> <Core = "Sel">   --->   Core 26 'Sel' <Latency = 0> <II = 1> <Delay = 0.69> <FuncUnit> <Opcode : 'select'> <InPorts = 3> <OutPorts = 1>

State 4 <SV = 3> <Delay = 5.59>
ST_4 : Operation 48 [1/1] (0.00ns)   --->   "%res_15_V_write_assign48 = phi i14 [ 0, %"nnet::dense_resource<ap_fixed<6, 1, (ap_q_mode)0, (ap_o_mode)0, 0>, ap_fixed<14, 6, (ap_q_mode)5, (ap_o_mode)3, 0>, config22>.region_begin" ], [ %acc_V_15_1, %ReuseLoop_end ], [ 0, %"nnet::dense_resource<ap_fixed<6, 1, (ap_q_mode)0, (ap_o_mode)0, 0>, ap_fixed<14, 6, (ap_q_mode)5, (ap_o_mode)3, 0>, config22>.region_end" ]" [firmware/nnet_utils/nnet_dense_resource.h:160->firmware/nnet_utils/nnet_dense_resource.h:276->firmware/nnet_utils/nnet_dense_stream.h:24]   --->   Operation 48 'phi' 'res_15_V_write_assign48' <Predicate = true> <Delay = 0.00>
ST_4 : Operation 49 [1/1] (0.00ns)   --->   "%res_14_V_write_assign46 = phi i14 [ 0, %"nnet::dense_resource<ap_fixed<6, 1, (ap_q_mode)0, (ap_o_mode)0, 0>, ap_fixed<14, 6, (ap_q_mode)5, (ap_o_mode)3, 0>, config22>.region_begin" ], [ %acc_V_14_1, %ReuseLoop_end ], [ 0, %"nnet::dense_resource<ap_fixed<6, 1, (ap_q_mode)0, (ap_o_mode)0, 0>, ap_fixed<14, 6, (ap_q_mode)5, (ap_o_mode)3, 0>, config22>.region_end" ]" [firmware/nnet_utils/nnet_dense_resource.h:160->firmware/nnet_utils/nnet_dense_resource.h:276->firmware/nnet_utils/nnet_dense_stream.h:24]   --->   Operation 49 'phi' 'res_14_V_write_assign46' <Predicate = true> <Delay = 0.00>
ST_4 : Operation 50 [1/1] (0.00ns)   --->   "%res_13_V_write_assign44 = phi i14 [ 0, %"nnet::dense_resource<ap_fixed<6, 1, (ap_q_mode)0, (ap_o_mode)0, 0>, ap_fixed<14, 6, (ap_q_mode)5, (ap_o_mode)3, 0>, config22>.region_begin" ], [ %acc_V_13_1, %ReuseLoop_end ], [ 0, %"nnet::dense_resource<ap_fixed<6, 1, (ap_q_mode)0, (ap_o_mode)0, 0>, ap_fixed<14, 6, (ap_q_mode)5, (ap_o_mode)3, 0>, config22>.region_end" ]" [firmware/nnet_utils/nnet_dense_resource.h:160->firmware/nnet_utils/nnet_dense_resource.h:276->firmware/nnet_utils/nnet_dense_stream.h:24]   --->   Operation 50 'phi' 'res_13_V_write_assign44' <Predicate = true> <Delay = 0.00>
ST_4 : Operation 51 [1/1] (0.00ns)   --->   "%res_12_V_write_assign42 = phi i14 [ 0, %"nnet::dense_resource<ap_fixed<6, 1, (ap_q_mode)0, (ap_o_mode)0, 0>, ap_fixed<14, 6, (ap_q_mode)5, (ap_o_mode)3, 0>, config22>.region_begin" ], [ %acc_V_12_1, %ReuseLoop_end ], [ 0, %"nnet::dense_resource<ap_fixed<6, 1, (ap_q_mode)0, (ap_o_mode)0, 0>, ap_fixed<14, 6, (ap_q_mode)5, (ap_o_mode)3, 0>, config22>.region_end" ]" [firmware/nnet_utils/nnet_dense_resource.h:160->firmware/nnet_utils/nnet_dense_resource.h:276->firmware/nnet_utils/nnet_dense_stream.h:24]   --->   Operation 51 'phi' 'res_12_V_write_assign42' <Predicate = true> <Delay = 0.00>
ST_4 : Operation 52 [1/1] (0.00ns)   --->   "%res_11_V_write_assign40 = phi i14 [ 0, %"nnet::dense_resource<ap_fixed<6, 1, (ap_q_mode)0, (ap_o_mode)0, 0>, ap_fixed<14, 6, (ap_q_mode)5, (ap_o_mode)3, 0>, config22>.region_begin" ], [ %acc_V_11_1, %ReuseLoop_end ], [ 0, %"nnet::dense_resource<ap_fixed<6, 1, (ap_q_mode)0, (ap_o_mode)0, 0>, ap_fixed<14, 6, (ap_q_mode)5, (ap_o_mode)3, 0>, config22>.region_end" ]" [firmware/nnet_utils/nnet_dense_resource.h:160->firmware/nnet_utils/nnet_dense_resource.h:276->firmware/nnet_utils/nnet_dense_stream.h:24]   --->   Operation 52 'phi' 'res_11_V_write_assign40' <Predicate = true> <Delay = 0.00>
ST_4 : Operation 53 [1/1] (0.00ns)   --->   "%res_10_V_write_assign38 = phi i14 [ 0, %"nnet::dense_resource<ap_fixed<6, 1, (ap_q_mode)0, (ap_o_mode)0, 0>, ap_fixed<14, 6, (ap_q_mode)5, (ap_o_mode)3, 0>, config22>.region_begin" ], [ %acc_V_10_1, %ReuseLoop_end ], [ 0, %"nnet::dense_resource<ap_fixed<6, 1, (ap_q_mode)0, (ap_o_mode)0, 0>, ap_fixed<14, 6, (ap_q_mode)5, (ap_o_mode)3, 0>, config22>.region_end" ]" [firmware/nnet_utils/nnet_dense_resource.h:160->firmware/nnet_utils/nnet_dense_resource.h:276->firmware/nnet_utils/nnet_dense_stream.h:24]   --->   Operation 53 'phi' 'res_10_V_write_assign38' <Predicate = true> <Delay = 0.00>
ST_4 : Operation 54 [1/1] (0.00ns)   --->   "%res_9_V_write_assign36 = phi i14 [ 0, %"nnet::dense_resource<ap_fixed<6, 1, (ap_q_mode)0, (ap_o_mode)0, 0>, ap_fixed<14, 6, (ap_q_mode)5, (ap_o_mode)3, 0>, config22>.region_begin" ], [ %acc_V_9_1, %ReuseLoop_end ], [ 0, %"nnet::dense_resource<ap_fixed<6, 1, (ap_q_mode)0, (ap_o_mode)0, 0>, ap_fixed<14, 6, (ap_q_mode)5, (ap_o_mode)3, 0>, config22>.region_end" ]" [firmware/nnet_utils/nnet_dense_resource.h:160->firmware/nnet_utils/nnet_dense_resource.h:276->firmware/nnet_utils/nnet_dense_stream.h:24]   --->   Operation 54 'phi' 'res_9_V_write_assign36' <Predicate = true> <Delay = 0.00>
ST_4 : Operation 55 [1/1] (0.00ns)   --->   "%res_8_V_write_assign34 = phi i14 [ 0, %"nnet::dense_resource<ap_fixed<6, 1, (ap_q_mode)0, (ap_o_mode)0, 0>, ap_fixed<14, 6, (ap_q_mode)5, (ap_o_mode)3, 0>, config22>.region_begin" ], [ %acc_V_8_1, %ReuseLoop_end ], [ 0, %"nnet::dense_resource<ap_fixed<6, 1, (ap_q_mode)0, (ap_o_mode)0, 0>, ap_fixed<14, 6, (ap_q_mode)5, (ap_o_mode)3, 0>, config22>.region_end" ]" [firmware/nnet_utils/nnet_dense_resource.h:160->firmware/nnet_utils/nnet_dense_resource.h:276->firmware/nnet_utils/nnet_dense_stream.h:24]   --->   Operation 55 'phi' 'res_8_V_write_assign34' <Predicate = true> <Delay = 0.00>
ST_4 : Operation 56 [1/1] (0.00ns)   --->   "%res_7_V_write_assign32 = phi i14 [ 0, %"nnet::dense_resource<ap_fixed<6, 1, (ap_q_mode)0, (ap_o_mode)0, 0>, ap_fixed<14, 6, (ap_q_mode)5, (ap_o_mode)3, 0>, config22>.region_begin" ], [ %acc_V_7_1, %ReuseLoop_end ], [ 0, %"nnet::dense_resource<ap_fixed<6, 1, (ap_q_mode)0, (ap_o_mode)0, 0>, ap_fixed<14, 6, (ap_q_mode)5, (ap_o_mode)3, 0>, config22>.region_end" ]" [firmware/nnet_utils/nnet_dense_resource.h:160->firmware/nnet_utils/nnet_dense_resource.h:276->firmware/nnet_utils/nnet_dense_stream.h:24]   --->   Operation 56 'phi' 'res_7_V_write_assign32' <Predicate = true> <Delay = 0.00>
ST_4 : Operation 57 [1/1] (0.00ns)   --->   "%res_6_V_write_assign30 = phi i14 [ 0, %"nnet::dense_resource<ap_fixed<6, 1, (ap_q_mode)0, (ap_o_mode)0, 0>, ap_fixed<14, 6, (ap_q_mode)5, (ap_o_mode)3, 0>, config22>.region_begin" ], [ %acc_V_6_1, %ReuseLoop_end ], [ 0, %"nnet::dense_resource<ap_fixed<6, 1, (ap_q_mode)0, (ap_o_mode)0, 0>, ap_fixed<14, 6, (ap_q_mode)5, (ap_o_mode)3, 0>, config22>.region_end" ]" [firmware/nnet_utils/nnet_dense_resource.h:160->firmware/nnet_utils/nnet_dense_resource.h:276->firmware/nnet_utils/nnet_dense_stream.h:24]   --->   Operation 57 'phi' 'res_6_V_write_assign30' <Predicate = true> <Delay = 0.00>
ST_4 : Operation 58 [1/1] (0.00ns)   --->   "%res_5_V_write_assign28 = phi i14 [ 0, %"nnet::dense_resource<ap_fixed<6, 1, (ap_q_mode)0, (ap_o_mode)0, 0>, ap_fixed<14, 6, (ap_q_mode)5, (ap_o_mode)3, 0>, config22>.region_begin" ], [ %acc_V_5_1, %ReuseLoop_end ], [ 0, %"nnet::dense_resource<ap_fixed<6, 1, (ap_q_mode)0, (ap_o_mode)0, 0>, ap_fixed<14, 6, (ap_q_mode)5, (ap_o_mode)3, 0>, config22>.region_end" ]" [firmware/nnet_utils/nnet_dense_resource.h:160->firmware/nnet_utils/nnet_dense_resource.h:276->firmware/nnet_utils/nnet_dense_stream.h:24]   --->   Operation 58 'phi' 'res_5_V_write_assign28' <Predicate = true> <Delay = 0.00>
ST_4 : Operation 59 [1/1] (0.00ns)   --->   "%res_4_V_write_assign26 = phi i14 [ 0, %"nnet::dense_resource<ap_fixed<6, 1, (ap_q_mode)0, (ap_o_mode)0, 0>, ap_fixed<14, 6, (ap_q_mode)5, (ap_o_mode)3, 0>, config22>.region_begin" ], [ %acc_V_4_1, %ReuseLoop_end ], [ 0, %"nnet::dense_resource<ap_fixed<6, 1, (ap_q_mode)0, (ap_o_mode)0, 0>, ap_fixed<14, 6, (ap_q_mode)5, (ap_o_mode)3, 0>, config22>.region_end" ]" [firmware/nnet_utils/nnet_dense_resource.h:160->firmware/nnet_utils/nnet_dense_resource.h:276->firmware/nnet_utils/nnet_dense_stream.h:24]   --->   Operation 59 'phi' 'res_4_V_write_assign26' <Predicate = true> <Delay = 0.00>
ST_4 : Operation 60 [1/1] (0.00ns)   --->   "%sext_ln1116 = sext i6 %tmp_6 to i12" [firmware/nnet_utils/nnet_mult.h:67->firmware/nnet_utils/nnet_dense_resource.h:160->firmware/nnet_utils/nnet_dense_resource.h:276->firmware/nnet_utils/nnet_dense_stream.h:24]   --->   Operation 60 'sext' 'sext_ln1116' <Predicate = true> <Delay = 0.00>
ST_4 : Operation 61 [1/1] (0.00ns)   --->   "%sext_ln1118 = sext i6 %trunc_ln160_1 to i12" [firmware/nnet_utils/nnet_mult.h:67->firmware/nnet_utils/nnet_dense_resource.h:160->firmware/nnet_utils/nnet_dense_resource.h:276->firmware/nnet_utils/nnet_dense_stream.h:24]   --->   Operation 61 'sext' 'sext_ln1118' <Predicate = true> <Delay = 0.00>
ST_4 : Operation 62 [1/1] (3.78ns)   --->   "%mul_ln1118 = mul i12 %sext_ln1118, %sext_ln1116" [firmware/nnet_utils/nnet_mult.h:67->firmware/nnet_utils/nnet_dense_resource.h:160->firmware/nnet_utils/nnet_dense_resource.h:276->firmware/nnet_utils/nnet_dense_stream.h:24]   --->   Operation 62 'mul' 'mul_ln1118' <Predicate = true> <Delay = 3.78> <Core = "Mul">   --->   Core 16 'Mul' <Latency = 0> <II = 1> <Delay = 3.78> <FuncUnit> <Opcode : 'mul'> <InPorts = 2> <OutPorts = 1>
ST_4 : Operation 63 [1/1] (0.00ns)   --->   "%trunc_ln8 = call i10 @_ssdm_op_PartSelect.i10.i12.i32.i32(i12 %mul_ln1118, i32 2, i32 11)" [firmware/nnet_utils/nnet_mult.h:67->firmware/nnet_utils/nnet_dense_resource.h:160->firmware/nnet_utils/nnet_dense_resource.h:276->firmware/nnet_utils/nnet_dense_stream.h:24]   --->   Operation 63 'partselect' 'trunc_ln8' <Predicate = true> <Delay = 0.00>
ST_4 : Operation 64 [1/1] (0.00ns)   --->   "%zext_ln1265 = zext i2 %out_index to i4" [firmware/nnet_utils/nnet_dense_resource.h:160->firmware/nnet_utils/nnet_dense_resource.h:276->firmware/nnet_utils/nnet_dense_stream.h:24]   --->   Operation 64 'zext' 'zext_ln1265' <Predicate = true> <Delay = 0.00>
ST_4 : Operation 65 [1/1] (0.00ns)   --->   "%sext_ln1118_1 = sext i6 %tmp_2 to i12" [firmware/nnet_utils/nnet_mult.h:67->firmware/nnet_utils/nnet_dense_resource.h:160->firmware/nnet_utils/nnet_dense_resource.h:276->firmware/nnet_utils/nnet_dense_stream.h:24]   --->   Operation 65 'sext' 'sext_ln1118_1' <Predicate = true> <Delay = 0.00>
ST_4 : Operation 66 [1/1] (3.78ns)   --->   "%mul_ln1118_24 = mul i12 %sext_ln1116, %sext_ln1118_1" [firmware/nnet_utils/nnet_mult.h:67->firmware/nnet_utils/nnet_dense_resource.h:160->firmware/nnet_utils/nnet_dense_resource.h:276->firmware/nnet_utils/nnet_dense_stream.h:24]   --->   Operation 66 'mul' 'mul_ln1118_24' <Predicate = true> <Delay = 3.78> <Core = "Mul">   --->   Core 16 'Mul' <Latency = 0> <II = 1> <Delay = 3.78> <FuncUnit> <Opcode : 'mul'> <InPorts = 2> <OutPorts = 1>
ST_4 : Operation 67 [1/1] (0.00ns)   --->   "%trunc_ln708_s = call i10 @_ssdm_op_PartSelect.i10.i12.i32.i32(i12 %mul_ln1118_24, i32 2, i32 11)" [firmware/nnet_utils/nnet_mult.h:67->firmware/nnet_utils/nnet_dense_resource.h:160->firmware/nnet_utils/nnet_dense_resource.h:276->firmware/nnet_utils/nnet_dense_stream.h:24]   --->   Operation 67 'partselect' 'trunc_ln708_s' <Predicate = true> <Delay = 0.00>
ST_4 : Operation 68 [1/1] (0.00ns)   --->   "%sext_ln708_1 = sext i10 %trunc_ln708_s to i14" [firmware/nnet_utils/nnet_mult.h:67->firmware/nnet_utils/nnet_dense_resource.h:160->firmware/nnet_utils/nnet_dense_resource.h:276->firmware/nnet_utils/nnet_dense_stream.h:24]   --->   Operation 68 'sext' 'sext_ln708_1' <Predicate = true> <Delay = 0.00>
ST_4 : Operation 69 [1/1] (2.06ns)   --->   "%phi_ln1265_1 = call i14 @_ssdm_op_Mux.ap_auto.16i14.i4(i14 %res_4_V_write_assign26, i14 %res_5_V_write_assign28, i14 %res_6_V_write_assign30, i14 %res_7_V_write_assign32, i14 %res_7_V_write_assign32, i14 %res_7_V_write_assign32, i14 %res_7_V_write_assign32, i14 %res_7_V_write_assign32, i14 %res_7_V_write_assign32, i14 %res_7_V_write_assign32, i14 %res_7_V_write_assign32, i14 %res_7_V_write_assign32, i14 %res_7_V_write_assign32, i14 %res_7_V_write_assign32, i14 %res_7_V_write_assign32, i14 %res_7_V_write_assign32, i4 %zext_ln1265)" [firmware/nnet_utils/nnet_dense_resource.h:160->firmware/nnet_utils/nnet_dense_resource.h:276->firmware/nnet_utils/nnet_dense_stream.h:24]   --->   Operation 69 'mux' 'phi_ln1265_1' <Predicate = true> <Delay = 2.06> <Core = "MuxnS">   --->   Core 31 'MuxnS' <Latency = 0> <II = 1> <Delay = 2.06> <FuncUnit> <Opcode : 'mux'> <InPorts = 2> <OutPorts = 1>
ST_4 : Operation 70 [1/1] (1.81ns)   --->   "%acc_4_V = add i14 %phi_ln1265_1, %sext_ln708_1" [firmware/nnet_utils/nnet_dense_resource.h:160->firmware/nnet_utils/nnet_dense_resource.h:276->firmware/nnet_utils/nnet_dense_stream.h:24]   --->   Operation 70 'add' 'acc_4_V' <Predicate = true> <Delay = 1.81> <Core = "AddSub">   --->   Core 14 'AddSub' <Latency = 0> <II = 1> <Delay = 2.55> <FuncUnit> <Opcode : 'add' 'sub'> <InPorts = 2> <OutPorts = 1>
ST_4 : Operation 71 [1/1] (0.00ns)   --->   "%sext_ln1118_2 = sext i6 %tmp_3 to i12" [firmware/nnet_utils/nnet_mult.h:67->firmware/nnet_utils/nnet_dense_resource.h:160->firmware/nnet_utils/nnet_dense_resource.h:276->firmware/nnet_utils/nnet_dense_stream.h:24]   --->   Operation 71 'sext' 'sext_ln1118_2' <Predicate = true> <Delay = 0.00>
ST_4 : Operation 72 [1/1] (3.78ns)   --->   "%mul_ln1118_25 = mul i12 %sext_ln1118_2, %sext_ln1116" [firmware/nnet_utils/nnet_mult.h:67->firmware/nnet_utils/nnet_dense_resource.h:160->firmware/nnet_utils/nnet_dense_resource.h:276->firmware/nnet_utils/nnet_dense_stream.h:24]   --->   Operation 72 'mul' 'mul_ln1118_25' <Predicate = true> <Delay = 3.78> <Core = "Mul">   --->   Core 16 'Mul' <Latency = 0> <II = 1> <Delay = 3.78> <FuncUnit> <Opcode : 'mul'> <InPorts = 2> <OutPorts = 1>
ST_4 : Operation 73 [1/1] (0.00ns)   --->   "%trunc_ln708_61 = call i10 @_ssdm_op_PartSelect.i10.i12.i32.i32(i12 %mul_ln1118_25, i32 2, i32 11)" [firmware/nnet_utils/nnet_mult.h:67->firmware/nnet_utils/nnet_dense_resource.h:160->firmware/nnet_utils/nnet_dense_resource.h:276->firmware/nnet_utils/nnet_dense_stream.h:24]   --->   Operation 73 'partselect' 'trunc_ln708_61' <Predicate = true> <Delay = 0.00>
ST_4 : Operation 74 [1/1] (0.00ns)   --->   "%sext_ln708_2 = sext i10 %trunc_ln708_61 to i14" [firmware/nnet_utils/nnet_mult.h:67->firmware/nnet_utils/nnet_dense_resource.h:160->firmware/nnet_utils/nnet_dense_resource.h:276->firmware/nnet_utils/nnet_dense_stream.h:24]   --->   Operation 74 'sext' 'sext_ln708_2' <Predicate = true> <Delay = 0.00>
ST_4 : Operation 75 [1/1] (0.00ns)   --->   "%or_ln = call i4 @_ssdm_op_BitConcatenate.i4.i2.i2(i2 -2, i2 %out_index)" [firmware/nnet_utils/nnet_dense_resource.h:160->firmware/nnet_utils/nnet_dense_resource.h:276->firmware/nnet_utils/nnet_dense_stream.h:24]   --->   Operation 75 'bitconcatenate' 'or_ln' <Predicate = true> <Delay = 0.00>
ST_4 : Operation 76 [1/1] (2.06ns)   --->   "%phi_ln1265_2 = call i14 @_ssdm_op_Mux.ap_auto.16i14.i4(i14 %res_11_V_write_assign40, i14 %res_11_V_write_assign40, i14 %res_11_V_write_assign40, i14 %res_11_V_write_assign40, i14 %res_11_V_write_assign40, i14 %res_11_V_write_assign40, i14 %res_11_V_write_assign40, i14 %res_11_V_write_assign40, i14 %res_8_V_write_assign34, i14 %res_9_V_write_assign36, i14 %res_10_V_write_assign38, i14 %res_11_V_write_assign40, i14 %res_11_V_write_assign40, i14 %res_11_V_write_assign40, i14 %res_11_V_write_assign40, i14 %res_11_V_write_assign40, i4 %or_ln)" [firmware/nnet_utils/nnet_dense_resource.h:160->firmware/nnet_utils/nnet_dense_resource.h:276->firmware/nnet_utils/nnet_dense_stream.h:24]   --->   Operation 76 'mux' 'phi_ln1265_2' <Predicate = true> <Delay = 2.06> <Core = "MuxnS">   --->   Core 31 'MuxnS' <Latency = 0> <II = 1> <Delay = 2.06> <FuncUnit> <Opcode : 'mux'> <InPorts = 2> <OutPorts = 1>
ST_4 : Operation 77 [1/1] (1.81ns)   --->   "%acc_8_V = add i14 %phi_ln1265_2, %sext_ln708_2" [firmware/nnet_utils/nnet_dense_resource.h:160->firmware/nnet_utils/nnet_dense_resource.h:276->firmware/nnet_utils/nnet_dense_stream.h:24]   --->   Operation 77 'add' 'acc_8_V' <Predicate = true> <Delay = 1.81> <Core = "AddSub">   --->   Core 14 'AddSub' <Latency = 0> <II = 1> <Delay = 2.55> <FuncUnit> <Opcode : 'add' 'sub'> <InPorts = 2> <OutPorts = 1>
ST_4 : Operation 78 [1/1] (0.00ns)   --->   "%sext_ln1118_3 = sext i6 %tmp_4 to i12" [firmware/nnet_utils/nnet_mult.h:67->firmware/nnet_utils/nnet_dense_resource.h:160->firmware/nnet_utils/nnet_dense_resource.h:276->firmware/nnet_utils/nnet_dense_stream.h:24]   --->   Operation 78 'sext' 'sext_ln1118_3' <Predicate = true> <Delay = 0.00>
ST_4 : Operation 79 [1/1] (3.78ns)   --->   "%mul_ln1118_26 = mul i12 %sext_ln1116, %sext_ln1118_3" [firmware/nnet_utils/nnet_mult.h:67->firmware/nnet_utils/nnet_dense_resource.h:160->firmware/nnet_utils/nnet_dense_resource.h:276->firmware/nnet_utils/nnet_dense_stream.h:24]   --->   Operation 79 'mul' 'mul_ln1118_26' <Predicate = true> <Delay = 3.78> <Core = "Mul">   --->   Core 16 'Mul' <Latency = 0> <II = 1> <Delay = 3.78> <FuncUnit> <Opcode : 'mul'> <InPorts = 2> <OutPorts = 1>
ST_4 : Operation 80 [1/1] (0.00ns)   --->   "%trunc_ln708_62 = call i10 @_ssdm_op_PartSelect.i10.i12.i32.i32(i12 %mul_ln1118_26, i32 2, i32 11)" [firmware/nnet_utils/nnet_mult.h:67->firmware/nnet_utils/nnet_dense_resource.h:160->firmware/nnet_utils/nnet_dense_resource.h:276->firmware/nnet_utils/nnet_dense_stream.h:24]   --->   Operation 80 'partselect' 'trunc_ln708_62' <Predicate = true> <Delay = 0.00>
ST_4 : Operation 81 [1/1] (0.00ns)   --->   "%sext_ln708_3 = sext i10 %trunc_ln708_62 to i14" [firmware/nnet_utils/nnet_mult.h:67->firmware/nnet_utils/nnet_dense_resource.h:160->firmware/nnet_utils/nnet_dense_resource.h:276->firmware/nnet_utils/nnet_dense_stream.h:24]   --->   Operation 81 'sext' 'sext_ln708_3' <Predicate = true> <Delay = 0.00>
ST_4 : Operation 82 [1/1] (2.06ns)   --->   "%phi_ln1265_3 = call i14 @_ssdm_op_Mux.ap_auto.16i14.i4(i14 %res_12_V_write_assign42, i14 %res_13_V_write_assign44, i14 %res_14_V_write_assign46, i14 %res_15_V_write_assign48, i14 %res_15_V_write_assign48, i14 %res_15_V_write_assign48, i14 %res_15_V_write_assign48, i14 %res_15_V_write_assign48, i14 %res_15_V_write_assign48, i14 %res_15_V_write_assign48, i14 %res_15_V_write_assign48, i14 %res_15_V_write_assign48, i14 %res_15_V_write_assign48, i14 %res_15_V_write_assign48, i14 %res_15_V_write_assign48, i14 %res_15_V_write_assign48, i4 %zext_ln1265)" [firmware/nnet_utils/nnet_dense_resource.h:160->firmware/nnet_utils/nnet_dense_resource.h:276->firmware/nnet_utils/nnet_dense_stream.h:24]   --->   Operation 82 'mux' 'phi_ln1265_3' <Predicate = true> <Delay = 2.06> <Core = "MuxnS">   --->   Core 31 'MuxnS' <Latency = 0> <II = 1> <Delay = 2.06> <FuncUnit> <Opcode : 'mux'> <InPorts = 2> <OutPorts = 1>
ST_4 : Operation 83 [1/1] (1.81ns)   --->   "%acc_12_V = add i14 %phi_ln1265_3, %sext_ln708_3" [firmware/nnet_utils/nnet_dense_resource.h:160->firmware/nnet_utils/nnet_dense_resource.h:276->firmware/nnet_utils/nnet_dense_stream.h:24]   --->   Operation 83 'add' 'acc_12_V' <Predicate = true> <Delay = 1.81> <Core = "AddSub">   --->   Core 14 'AddSub' <Latency = 0> <II = 1> <Delay = 2.55> <FuncUnit> <Opcode : 'add' 'sub'> <InPorts = 2> <OutPorts = 1>

State 5 <SV = 4> <Delay = 5.64>
ST_5 : Operation 84 [1/1] (0.00ns)   --->   "%res_3_V_write_assign24 = phi i14 [ 0, %"nnet::dense_resource<ap_fixed<6, 1, (ap_q_mode)0, (ap_o_mode)0, 0>, ap_fixed<14, 6, (ap_q_mode)5, (ap_o_mode)3, 0>, config22>.region_begin" ], [ %acc_V_3_1, %ReuseLoop_end ], [ 0, %"nnet::dense_resource<ap_fixed<6, 1, (ap_q_mode)0, (ap_o_mode)0, 0>, ap_fixed<14, 6, (ap_q_mode)5, (ap_o_mode)3, 0>, config22>.region_end" ]" [firmware/nnet_utils/nnet_dense_resource.h:160->firmware/nnet_utils/nnet_dense_resource.h:276->firmware/nnet_utils/nnet_dense_stream.h:24]   --->   Operation 84 'phi' 'res_3_V_write_assign24' <Predicate = true> <Delay = 0.00>
ST_5 : Operation 85 [1/1] (0.00ns)   --->   "%res_2_V_write_assign22 = phi i14 [ 0, %"nnet::dense_resource<ap_fixed<6, 1, (ap_q_mode)0, (ap_o_mode)0, 0>, ap_fixed<14, 6, (ap_q_mode)5, (ap_o_mode)3, 0>, config22>.region_begin" ], [ %acc_V_2_1, %ReuseLoop_end ], [ 0, %"nnet::dense_resource<ap_fixed<6, 1, (ap_q_mode)0, (ap_o_mode)0, 0>, ap_fixed<14, 6, (ap_q_mode)5, (ap_o_mode)3, 0>, config22>.region_end" ]" [firmware/nnet_utils/nnet_dense_resource.h:160->firmware/nnet_utils/nnet_dense_resource.h:276->firmware/nnet_utils/nnet_dense_stream.h:24]   --->   Operation 85 'phi' 'res_2_V_write_assign22' <Predicate = true> <Delay = 0.00>
ST_5 : Operation 86 [1/1] (0.00ns)   --->   "%res_1_V_write_assign20 = phi i14 [ 0, %"nnet::dense_resource<ap_fixed<6, 1, (ap_q_mode)0, (ap_o_mode)0, 0>, ap_fixed<14, 6, (ap_q_mode)5, (ap_o_mode)3, 0>, config22>.region_begin" ], [ %acc_V_1_1, %ReuseLoop_end ], [ 0, %"nnet::dense_resource<ap_fixed<6, 1, (ap_q_mode)0, (ap_o_mode)0, 0>, ap_fixed<14, 6, (ap_q_mode)5, (ap_o_mode)3, 0>, config22>.region_end" ]" [firmware/nnet_utils/nnet_dense_resource.h:160->firmware/nnet_utils/nnet_dense_resource.h:276->firmware/nnet_utils/nnet_dense_stream.h:24]   --->   Operation 86 'phi' 'res_1_V_write_assign20' <Predicate = true> <Delay = 0.00>
ST_5 : Operation 87 [1/1] (0.00ns)   --->   "%res_0_V_write_assign18 = phi i14 [ 0, %"nnet::dense_resource<ap_fixed<6, 1, (ap_q_mode)0, (ap_o_mode)0, 0>, ap_fixed<14, 6, (ap_q_mode)5, (ap_o_mode)3, 0>, config22>.region_begin" ], [ %acc_V_0_1, %ReuseLoop_end ], [ 0, %"nnet::dense_resource<ap_fixed<6, 1, (ap_q_mode)0, (ap_o_mode)0, 0>, ap_fixed<14, 6, (ap_q_mode)5, (ap_o_mode)3, 0>, config22>.region_end" ]" [firmware/nnet_utils/nnet_dense_resource.h:160->firmware/nnet_utils/nnet_dense_resource.h:276->firmware/nnet_utils/nnet_dense_stream.h:24]   --->   Operation 87 'phi' 'res_0_V_write_assign18' <Predicate = true> <Delay = 0.00>
ST_5 : Operation 88 [1/1] (0.00ns)   --->   "call void (...)* @_ssdm_op_SpecLoopName([10 x i8]* @p_str64) nounwind" [firmware/nnet_utils/nnet_dense_resource.h:151->firmware/nnet_utils/nnet_dense_resource.h:276->firmware/nnet_utils/nnet_dense_stream.h:24]   --->   Operation 88 'specloopname' <Predicate = true> <Delay = 0.00>
ST_5 : Operation 89 [1/1] (0.00ns)   --->   "%tmp = call i32 (...)* @_ssdm_op_SpecRegionBegin([10 x i8]* @p_str64)" [firmware/nnet_utils/nnet_dense_resource.h:151->firmware/nnet_utils/nnet_dense_resource.h:276->firmware/nnet_utils/nnet_dense_stream.h:24]   --->   Operation 89 'specregionbegin' 'tmp' <Predicate = true> <Delay = 0.00>
ST_5 : Operation 90 [1/1] (0.00ns)   --->   "call void (...)* @_ssdm_op_SpecPipeline(i32 1, i32 1, i32 1, i32 0, [1 x i8]* @p_str24) nounwind" [firmware/nnet_utils/nnet_dense_resource.h:152->firmware/nnet_utils/nnet_dense_resource.h:276->firmware/nnet_utils/nnet_dense_stream.h:24]   --->   Operation 90 'specpipeline' <Predicate = true> <Delay = 0.00>
ST_5 : Operation 91 [1/1] (0.00ns)   --->   "%sext_ln708 = sext i10 %trunc_ln8 to i14" [firmware/nnet_utils/nnet_mult.h:67->firmware/nnet_utils/nnet_dense_resource.h:160->firmware/nnet_utils/nnet_dense_resource.h:276->firmware/nnet_utils/nnet_dense_stream.h:24]   --->   Operation 91 'sext' 'sext_ln708' <Predicate = true> <Delay = 0.00>
ST_5 : Operation 92 [1/1] (1.95ns)   --->   "%phi_ln = call i14 @_ssdm_op_Mux.ap_auto.4i14.i2(i14 %res_0_V_write_assign18, i14 %res_1_V_write_assign20, i14 %res_2_V_write_assign22, i14 %res_3_V_write_assign24, i2 %out_index)" [firmware/nnet_utils/nnet_dense_resource.h:160->firmware/nnet_utils/nnet_dense_resource.h:276->firmware/nnet_utils/nnet_dense_stream.h:24]   --->   Operation 92 'mux' 'phi_ln' <Predicate = true> <Delay = 1.95> <Core = "MuxnS">   --->   Core 31 'MuxnS' <Latency = 0> <II = 1> <Delay = 2.06> <FuncUnit> <Opcode : 'mux'> <InPorts = 2> <OutPorts = 1>
ST_5 : Operation 93 [1/1] (1.81ns)   --->   "%acc_0_V = add i14 %phi_ln, %sext_ln708" [firmware/nnet_utils/nnet_dense_resource.h:160->firmware/nnet_utils/nnet_dense_resource.h:276->firmware/nnet_utils/nnet_dense_stream.h:24]   --->   Operation 93 'add' 'acc_0_V' <Predicate = true> <Delay = 1.81> <Core = "AddSub">   --->   Core 14 'AddSub' <Latency = 0> <II = 1> <Delay = 2.55> <FuncUnit> <Opcode : 'add' 'sub'> <InPorts = 2> <OutPorts = 1>
ST_5 : Operation 94 [1/1] (1.76ns)   --->   "switch i2 %out_index, label %branch99 [
    i2 0, label %_ZN13ap_fixed_baseILi15ELi7ELb1EL9ap_q_mode5EL9ap_o_mode3ELi0EEC1ILi14ELi6ELb1ELS0_5ELS1_3ELi0EEERKS_IXT_EXT0_EXT1_EXT2_EXT3_EXT4_EE.exit9.i.i.i.i.0126
    i2 1, label %branch97
    i2 -2, label %branch98
  ]" [firmware/nnet_utils/nnet_dense_resource.h:160->firmware/nnet_utils/nnet_dense_resource.h:276->firmware/nnet_utils/nnet_dense_stream.h:24]   --->   Operation 94 'switch' <Predicate = true> <Delay = 1.76>
ST_5 : Operation 95 [1/1] (1.76ns)   --->   "br label %_ZN13ap_fixed_baseILi15ELi7ELb1EL9ap_q_mode5EL9ap_o_mode3ELi0EEC1ILi14ELi6ELb1ELS0_5ELS1_3ELi0EEERKS_IXT_EXT0_EXT1_EXT2_EXT3_EXT4_EE.exit9.i.i.i.i.0126" [firmware/nnet_utils/nnet_dense_resource.h:160->firmware/nnet_utils/nnet_dense_resource.h:276->firmware/nnet_utils/nnet_dense_stream.h:24]   --->   Operation 95 'br' <Predicate = (out_index == 2)> <Delay = 1.76>
ST_5 : Operation 96 [1/1] (1.76ns)   --->   "br label %_ZN13ap_fixed_baseILi15ELi7ELb1EL9ap_q_mode5EL9ap_o_mode3ELi0EEC1ILi14ELi6ELb1ELS0_5ELS1_3ELi0EEERKS_IXT_EXT0_EXT1_EXT2_EXT3_EXT4_EE.exit9.i.i.i.i.0126" [firmware/nnet_utils/nnet_dense_resource.h:160->firmware/nnet_utils/nnet_dense_resource.h:276->firmware/nnet_utils/nnet_dense_stream.h:24]   --->   Operation 96 'br' <Predicate = (out_index == 1)> <Delay = 1.76>
ST_5 : Operation 97 [1/1] (1.76ns)   --->   "br label %_ZN13ap_fixed_baseILi15ELi7ELb1EL9ap_q_mode5EL9ap_o_mode3ELi0EEC1ILi14ELi6ELb1ELS0_5ELS1_3ELi0EEERKS_IXT_EXT0_EXT1_EXT2_EXT3_EXT4_EE.exit9.i.i.i.i.0126" [firmware/nnet_utils/nnet_dense_resource.h:160->firmware/nnet_utils/nnet_dense_resource.h:276->firmware/nnet_utils/nnet_dense_stream.h:24]   --->   Operation 97 'br' <Predicate = (out_index == 3)> <Delay = 1.76>
ST_5 : Operation 98 [1/1] (0.00ns)   --->   "%acc_V_0_1 = phi i14 [ %res_0_V_write_assign18, %branch99 ], [ %res_0_V_write_assign18, %branch98 ], [ %res_0_V_write_assign18, %branch97 ], [ %acc_0_V, %ReuseLoop_begin ]"   --->   Operation 98 'phi' 'acc_V_0_1' <Predicate = true> <Delay = 0.00>
ST_5 : Operation 99 [1/1] (0.00ns)   --->   "%acc_V_1_1 = phi i14 [ %res_1_V_write_assign20, %branch99 ], [ %res_1_V_write_assign20, %branch98 ], [ %acc_0_V, %branch97 ], [ %res_1_V_write_assign20, %ReuseLoop_begin ]"   --->   Operation 99 'phi' 'acc_V_1_1' <Predicate = true> <Delay = 0.00>
ST_5 : Operation 100 [1/1] (0.00ns)   --->   "%acc_V_2_1 = phi i14 [ %res_2_V_write_assign22, %branch99 ], [ %acc_0_V, %branch98 ], [ %res_2_V_write_assign22, %branch97 ], [ %res_2_V_write_assign22, %ReuseLoop_begin ]"   --->   Operation 100 'phi' 'acc_V_2_1' <Predicate = true> <Delay = 0.00>
ST_5 : Operation 101 [1/1] (0.00ns)   --->   "%acc_V_3_1 = phi i14 [ %acc_0_V, %branch99 ], [ %res_3_V_write_assign24, %branch98 ], [ %res_3_V_write_assign24, %branch97 ], [ %res_3_V_write_assign24, %ReuseLoop_begin ]"   --->   Operation 101 'phi' 'acc_V_3_1' <Predicate = true> <Delay = 0.00>
ST_5 : Operation 102 [1/1] (1.76ns)   --->   "switch i2 %out_index, label %branch71 [
    i2 0, label %_ZN13ap_fixed_baseILi15ELi7ELb1EL9ap_q_mode5EL9ap_o_mode3ELi0EEC1ILi14ELi6ELb1ELS0_5ELS1_3ELi0EEERKS_IXT_EXT0_EXT1_EXT2_EXT3_EXT4_EE.exit9.i.i.i.i.092
    i2 1, label %branch69
    i2 -2, label %branch70
  ]" [firmware/nnet_utils/nnet_dense_resource.h:160->firmware/nnet_utils/nnet_dense_resource.h:276->firmware/nnet_utils/nnet_dense_stream.h:24]   --->   Operation 102 'switch' <Predicate = true> <Delay = 1.76>
ST_5 : Operation 103 [1/1] (1.76ns)   --->   "br label %_ZN13ap_fixed_baseILi15ELi7ELb1EL9ap_q_mode5EL9ap_o_mode3ELi0EEC1ILi14ELi6ELb1ELS0_5ELS1_3ELi0EEERKS_IXT_EXT0_EXT1_EXT2_EXT3_EXT4_EE.exit9.i.i.i.i.092" [firmware/nnet_utils/nnet_dense_resource.h:160->firmware/nnet_utils/nnet_dense_resource.h:276->firmware/nnet_utils/nnet_dense_stream.h:24]   --->   Operation 103 'br' <Predicate = (out_index == 2)> <Delay = 1.76>
ST_5 : Operation 104 [1/1] (1.76ns)   --->   "br label %_ZN13ap_fixed_baseILi15ELi7ELb1EL9ap_q_mode5EL9ap_o_mode3ELi0EEC1ILi14ELi6ELb1ELS0_5ELS1_3ELi0EEERKS_IXT_EXT0_EXT1_EXT2_EXT3_EXT4_EE.exit9.i.i.i.i.092" [firmware/nnet_utils/nnet_dense_resource.h:160->firmware/nnet_utils/nnet_dense_resource.h:276->firmware/nnet_utils/nnet_dense_stream.h:24]   --->   Operation 104 'br' <Predicate = (out_index == 1)> <Delay = 1.76>
ST_5 : Operation 105 [1/1] (1.76ns)   --->   "br label %_ZN13ap_fixed_baseILi15ELi7ELb1EL9ap_q_mode5EL9ap_o_mode3ELi0EEC1ILi14ELi6ELb1ELS0_5ELS1_3ELi0EEERKS_IXT_EXT0_EXT1_EXT2_EXT3_EXT4_EE.exit9.i.i.i.i.092" [firmware/nnet_utils/nnet_dense_resource.h:160->firmware/nnet_utils/nnet_dense_resource.h:276->firmware/nnet_utils/nnet_dense_stream.h:24]   --->   Operation 105 'br' <Predicate = (out_index == 3)> <Delay = 1.76>
ST_5 : Operation 106 [1/1] (0.00ns)   --->   "%acc_V_4_1 = phi i14 [ %res_4_V_write_assign26, %branch71 ], [ %res_4_V_write_assign26, %branch70 ], [ %res_4_V_write_assign26, %branch69 ], [ %acc_4_V, %_ZN13ap_fixed_baseILi15ELi7ELb1EL9ap_q_mode5EL9ap_o_mode3ELi0EEC1ILi14ELi6ELb1ELS0_5ELS1_3ELi0EEERKS_IXT_EXT0_EXT1_EXT2_EXT3_EXT4_EE.exit9.i.i.i.i.0126 ]"   --->   Operation 106 'phi' 'acc_V_4_1' <Predicate = true> <Delay = 0.00>
ST_5 : Operation 107 [1/1] (0.00ns)   --->   "%acc_V_5_1 = phi i14 [ %res_5_V_write_assign28, %branch71 ], [ %res_5_V_write_assign28, %branch70 ], [ %acc_4_V, %branch69 ], [ %res_5_V_write_assign28, %_ZN13ap_fixed_baseILi15ELi7ELb1EL9ap_q_mode5EL9ap_o_mode3ELi0EEC1ILi14ELi6ELb1ELS0_5ELS1_3ELi0EEERKS_IXT_EXT0_EXT1_EXT2_EXT3_EXT4_EE.exit9.i.i.i.i.0126 ]"   --->   Operation 107 'phi' 'acc_V_5_1' <Predicate = true> <Delay = 0.00>
ST_5 : Operation 108 [1/1] (0.00ns)   --->   "%acc_V_6_1 = phi i14 [ %res_6_V_write_assign30, %branch71 ], [ %acc_4_V, %branch70 ], [ %res_6_V_write_assign30, %branch69 ], [ %res_6_V_write_assign30, %_ZN13ap_fixed_baseILi15ELi7ELb1EL9ap_q_mode5EL9ap_o_mode3ELi0EEC1ILi14ELi6ELb1ELS0_5ELS1_3ELi0EEERKS_IXT_EXT0_EXT1_EXT2_EXT3_EXT4_EE.exit9.i.i.i.i.0126 ]"   --->   Operation 108 'phi' 'acc_V_6_1' <Predicate = true> <Delay = 0.00>
ST_5 : Operation 109 [1/1] (0.00ns)   --->   "%acc_V_7_1 = phi i14 [ %acc_4_V, %branch71 ], [ %res_7_V_write_assign32, %branch70 ], [ %res_7_V_write_assign32, %branch69 ], [ %res_7_V_write_assign32, %_ZN13ap_fixed_baseILi15ELi7ELb1EL9ap_q_mode5EL9ap_o_mode3ELi0EEC1ILi14ELi6ELb1ELS0_5ELS1_3ELi0EEERKS_IXT_EXT0_EXT1_EXT2_EXT3_EXT4_EE.exit9.i.i.i.i.0126 ]"   --->   Operation 109 'phi' 'acc_V_7_1' <Predicate = true> <Delay = 0.00>
ST_5 : Operation 110 [1/1] (1.76ns)   --->   "switch i4 %or_ln, label %branch43 [
    i4 -8, label %_ZN13ap_fixed_baseILi15ELi7ELb1EL9ap_q_mode5EL9ap_o_mode3ELi0EEC1ILi14ELi6ELb1ELS0_5ELS1_3ELi0EEERKS_IXT_EXT0_EXT1_EXT2_EXT3_EXT4_EE.exit9.i.i.i.i.058
    i4 -7, label %branch41
    i4 -6, label %branch42
  ]" [firmware/nnet_utils/nnet_dense_resource.h:160->firmware/nnet_utils/nnet_dense_resource.h:276->firmware/nnet_utils/nnet_dense_stream.h:24]   --->   Operation 110 'switch' <Predicate = true> <Delay = 1.76>
ST_5 : Operation 111 [1/1] (1.76ns)   --->   "br label %_ZN13ap_fixed_baseILi15ELi7ELb1EL9ap_q_mode5EL9ap_o_mode3ELi0EEC1ILi14ELi6ELb1ELS0_5ELS1_3ELi0EEERKS_IXT_EXT0_EXT1_EXT2_EXT3_EXT4_EE.exit9.i.i.i.i.058" [firmware/nnet_utils/nnet_dense_resource.h:160->firmware/nnet_utils/nnet_dense_resource.h:276->firmware/nnet_utils/nnet_dense_stream.h:24]   --->   Operation 111 'br' <Predicate = (or_ln == 10)> <Delay = 1.76>
ST_5 : Operation 112 [1/1] (1.76ns)   --->   "br label %_ZN13ap_fixed_baseILi15ELi7ELb1EL9ap_q_mode5EL9ap_o_mode3ELi0EEC1ILi14ELi6ELb1ELS0_5ELS1_3ELi0EEERKS_IXT_EXT0_EXT1_EXT2_EXT3_EXT4_EE.exit9.i.i.i.i.058" [firmware/nnet_utils/nnet_dense_resource.h:160->firmware/nnet_utils/nnet_dense_resource.h:276->firmware/nnet_utils/nnet_dense_stream.h:24]   --->   Operation 112 'br' <Predicate = (or_ln == 9)> <Delay = 1.76>
ST_5 : Operation 113 [1/1] (1.76ns)   --->   "br label %_ZN13ap_fixed_baseILi15ELi7ELb1EL9ap_q_mode5EL9ap_o_mode3ELi0EEC1ILi14ELi6ELb1ELS0_5ELS1_3ELi0EEERKS_IXT_EXT0_EXT1_EXT2_EXT3_EXT4_EE.exit9.i.i.i.i.058" [firmware/nnet_utils/nnet_dense_resource.h:160->firmware/nnet_utils/nnet_dense_resource.h:276->firmware/nnet_utils/nnet_dense_stream.h:24]   --->   Operation 113 'br' <Predicate = (or_ln != 8 & or_ln != 9 & or_ln != 10)> <Delay = 1.76>
ST_5 : Operation 114 [1/1] (0.00ns)   --->   "%acc_V_8_1 = phi i14 [ %res_8_V_write_assign34, %branch43 ], [ %res_8_V_write_assign34, %branch42 ], [ %res_8_V_write_assign34, %branch41 ], [ %acc_8_V, %_ZN13ap_fixed_baseILi15ELi7ELb1EL9ap_q_mode5EL9ap_o_mode3ELi0EEC1ILi14ELi6ELb1ELS0_5ELS1_3ELi0EEERKS_IXT_EXT0_EXT1_EXT2_EXT3_EXT4_EE.exit9.i.i.i.i.092 ]"   --->   Operation 114 'phi' 'acc_V_8_1' <Predicate = true> <Delay = 0.00>
ST_5 : Operation 115 [1/1] (0.00ns)   --->   "%acc_V_9_1 = phi i14 [ %res_9_V_write_assign36, %branch43 ], [ %res_9_V_write_assign36, %branch42 ], [ %acc_8_V, %branch41 ], [ %res_9_V_write_assign36, %_ZN13ap_fixed_baseILi15ELi7ELb1EL9ap_q_mode5EL9ap_o_mode3ELi0EEC1ILi14ELi6ELb1ELS0_5ELS1_3ELi0EEERKS_IXT_EXT0_EXT1_EXT2_EXT3_EXT4_EE.exit9.i.i.i.i.092 ]"   --->   Operation 115 'phi' 'acc_V_9_1' <Predicate = true> <Delay = 0.00>
ST_5 : Operation 116 [1/1] (0.00ns)   --->   "%acc_V_10_1 = phi i14 [ %res_10_V_write_assign38, %branch43 ], [ %acc_8_V, %branch42 ], [ %res_10_V_write_assign38, %branch41 ], [ %res_10_V_write_assign38, %_ZN13ap_fixed_baseILi15ELi7ELb1EL9ap_q_mode5EL9ap_o_mode3ELi0EEC1ILi14ELi6ELb1ELS0_5ELS1_3ELi0EEERKS_IXT_EXT0_EXT1_EXT2_EXT3_EXT4_EE.exit9.i.i.i.i.092 ]"   --->   Operation 116 'phi' 'acc_V_10_1' <Predicate = true> <Delay = 0.00>
ST_5 : Operation 117 [1/1] (0.00ns)   --->   "%acc_V_11_1 = phi i14 [ %acc_8_V, %branch43 ], [ %res_11_V_write_assign40, %branch42 ], [ %res_11_V_write_assign40, %branch41 ], [ %res_11_V_write_assign40, %_ZN13ap_fixed_baseILi15ELi7ELb1EL9ap_q_mode5EL9ap_o_mode3ELi0EEC1ILi14ELi6ELb1ELS0_5ELS1_3ELi0EEERKS_IXT_EXT0_EXT1_EXT2_EXT3_EXT4_EE.exit9.i.i.i.i.092 ]"   --->   Operation 117 'phi' 'acc_V_11_1' <Predicate = true> <Delay = 0.00>
ST_5 : Operation 118 [1/1] (1.76ns)   --->   "switch i2 %out_index, label %branch15 [
    i2 0, label %ReuseLoop_end
    i2 1, label %branch13
    i2 -2, label %branch14
  ]" [firmware/nnet_utils/nnet_dense_resource.h:160->firmware/nnet_utils/nnet_dense_resource.h:276->firmware/nnet_utils/nnet_dense_stream.h:24]   --->   Operation 118 'switch' <Predicate = true> <Delay = 1.76>
ST_5 : Operation 119 [1/1] (1.76ns)   --->   "br label %ReuseLoop_end" [firmware/nnet_utils/nnet_dense_resource.h:160->firmware/nnet_utils/nnet_dense_resource.h:276->firmware/nnet_utils/nnet_dense_stream.h:24]   --->   Operation 119 'br' <Predicate = (out_index == 2)> <Delay = 1.76>
ST_5 : Operation 120 [1/1] (1.76ns)   --->   "br label %ReuseLoop_end" [firmware/nnet_utils/nnet_dense_resource.h:160->firmware/nnet_utils/nnet_dense_resource.h:276->firmware/nnet_utils/nnet_dense_stream.h:24]   --->   Operation 120 'br' <Predicate = (out_index == 1)> <Delay = 1.76>
ST_5 : Operation 121 [1/1] (1.76ns)   --->   "br label %ReuseLoop_end" [firmware/nnet_utils/nnet_dense_resource.h:160->firmware/nnet_utils/nnet_dense_resource.h:276->firmware/nnet_utils/nnet_dense_stream.h:24]   --->   Operation 121 'br' <Predicate = (out_index == 3)> <Delay = 1.76>
ST_5 : Operation 122 [1/1] (0.00ns)   --->   "%acc_V_12_1 = phi i14 [ %res_12_V_write_assign42, %branch15 ], [ %res_12_V_write_assign42, %branch14 ], [ %res_12_V_write_assign42, %branch13 ], [ %acc_12_V, %_ZN13ap_fixed_baseILi15ELi7ELb1EL9ap_q_mode5EL9ap_o_mode3ELi0EEC1ILi14ELi6ELb1ELS0_5ELS1_3ELi0EEERKS_IXT_EXT0_EXT1_EXT2_EXT3_EXT4_EE.exit9.i.i.i.i.058 ]"   --->   Operation 122 'phi' 'acc_V_12_1' <Predicate = true> <Delay = 0.00>
ST_5 : Operation 123 [1/1] (0.00ns)   --->   "%acc_V_13_1 = phi i14 [ %res_13_V_write_assign44, %branch15 ], [ %res_13_V_write_assign44, %branch14 ], [ %acc_12_V, %branch13 ], [ %res_13_V_write_assign44, %_ZN13ap_fixed_baseILi15ELi7ELb1EL9ap_q_mode5EL9ap_o_mode3ELi0EEC1ILi14ELi6ELb1ELS0_5ELS1_3ELi0EEERKS_IXT_EXT0_EXT1_EXT2_EXT3_EXT4_EE.exit9.i.i.i.i.058 ]"   --->   Operation 123 'phi' 'acc_V_13_1' <Predicate = true> <Delay = 0.00>
ST_5 : Operation 124 [1/1] (0.00ns)   --->   "%acc_V_14_1 = phi i14 [ %res_14_V_write_assign46, %branch15 ], [ %acc_12_V, %branch14 ], [ %res_14_V_write_assign46, %branch13 ], [ %res_14_V_write_assign46, %_ZN13ap_fixed_baseILi15ELi7ELb1EL9ap_q_mode5EL9ap_o_mode3ELi0EEC1ILi14ELi6ELb1ELS0_5ELS1_3ELi0EEERKS_IXT_EXT0_EXT1_EXT2_EXT3_EXT4_EE.exit9.i.i.i.i.058 ]"   --->   Operation 124 'phi' 'acc_V_14_1' <Predicate = true> <Delay = 0.00>
ST_5 : Operation 125 [1/1] (0.00ns)   --->   "%acc_V_15_1 = phi i14 [ %acc_12_V, %branch15 ], [ %res_15_V_write_assign48, %branch14 ], [ %res_15_V_write_assign48, %branch13 ], [ %res_15_V_write_assign48, %_ZN13ap_fixed_baseILi15ELi7ELb1EL9ap_q_mode5EL9ap_o_mode3ELi0EEC1ILi14ELi6ELb1ELS0_5ELS1_3ELi0EEERKS_IXT_EXT0_EXT1_EXT2_EXT3_EXT4_EE.exit9.i.i.i.i.058 ]"   --->   Operation 125 'phi' 'acc_V_15_1' <Predicate = true> <Delay = 0.00>
ST_5 : Operation 126 [1/1] (0.00ns)   --->   "%empty = call i32 (...)* @_ssdm_op_SpecRegionEnd([10 x i8]* @p_str64, i32 %tmp)" [firmware/nnet_utils/nnet_dense_resource.h:172->firmware/nnet_utils/nnet_dense_resource.h:276->firmware/nnet_utils/nnet_dense_stream.h:24]   --->   Operation 126 'specregionend' 'empty' <Predicate = true> <Delay = 0.00>
ST_5 : Operation 127 [1/1] (0.00ns)   --->   "%empty_689 = call i32 (...)* @_ssdm_op_SpecLoopTripCount(i64 20, i64 20, i64 20)"   --->   Operation 127 'speclooptripcount' 'empty_689' <Predicate = true> <Delay = 0.00>
ST_5 : Operation 128 [1/1] (0.00ns)   --->   "%rend = call i32 (...)* @_ssdm_op_SpecRegionEnd([133 x i8]* @nnet_KD_KD_dense_resource_MD_ap_fixed_MD_6_MC_AC_1_MC_AC_2, i32 %rbegin) nounwind" [firmware/nnet_utils/nnet_dense_stream.h:26]   --->   Operation 128 'specregionend' 'rend' <Predicate = (icmp_ln151)> <Delay = 0.00>
ST_5 : Operation 129 [1/1] (0.00ns)   --->   "%mrv = insertvalue { i14, i14, i14, i14, i14, i14, i14, i14, i14, i14, i14, i14, i14, i14, i14, i14 } undef, i14 %acc_V_0_1, 0" [firmware/nnet_utils/nnet_dense_stream.h:26]   --->   Operation 129 'insertvalue' 'mrv' <Predicate = (icmp_ln151)> <Delay = 0.00>
ST_5 : Operation 130 [1/1] (0.00ns)   --->   "%mrv_1 = insertvalue { i14, i14, i14, i14, i14, i14, i14, i14, i14, i14, i14, i14, i14, i14, i14, i14 } %mrv, i14 %acc_V_1_1, 1" [firmware/nnet_utils/nnet_dense_stream.h:26]   --->   Operation 130 'insertvalue' 'mrv_1' <Predicate = (icmp_ln151)> <Delay = 0.00>
ST_5 : Operation 131 [1/1] (0.00ns)   --->   "%mrv_2 = insertvalue { i14, i14, i14, i14, i14, i14, i14, i14, i14, i14, i14, i14, i14, i14, i14, i14 } %mrv_1, i14 %acc_V_2_1, 2" [firmware/nnet_utils/nnet_dense_stream.h:26]   --->   Operation 131 'insertvalue' 'mrv_2' <Predicate = (icmp_ln151)> <Delay = 0.00>
ST_5 : Operation 132 [1/1] (0.00ns)   --->   "%mrv_3 = insertvalue { i14, i14, i14, i14, i14, i14, i14, i14, i14, i14, i14, i14, i14, i14, i14, i14 } %mrv_2, i14 %acc_V_3_1, 3" [firmware/nnet_utils/nnet_dense_stream.h:26]   --->   Operation 132 'insertvalue' 'mrv_3' <Predicate = (icmp_ln151)> <Delay = 0.00>
ST_5 : Operation 133 [1/1] (0.00ns)   --->   "%mrv_4 = insertvalue { i14, i14, i14, i14, i14, i14, i14, i14, i14, i14, i14, i14, i14, i14, i14, i14 } %mrv_3, i14 %acc_V_4_1, 4" [firmware/nnet_utils/nnet_dense_stream.h:26]   --->   Operation 133 'insertvalue' 'mrv_4' <Predicate = (icmp_ln151)> <Delay = 0.00>
ST_5 : Operation 134 [1/1] (0.00ns)   --->   "%mrv_5 = insertvalue { i14, i14, i14, i14, i14, i14, i14, i14, i14, i14, i14, i14, i14, i14, i14, i14 } %mrv_4, i14 %acc_V_5_1, 5" [firmware/nnet_utils/nnet_dense_stream.h:26]   --->   Operation 134 'insertvalue' 'mrv_5' <Predicate = (icmp_ln151)> <Delay = 0.00>
ST_5 : Operation 135 [1/1] (0.00ns)   --->   "%mrv_6 = insertvalue { i14, i14, i14, i14, i14, i14, i14, i14, i14, i14, i14, i14, i14, i14, i14, i14 } %mrv_5, i14 %acc_V_6_1, 6" [firmware/nnet_utils/nnet_dense_stream.h:26]   --->   Operation 135 'insertvalue' 'mrv_6' <Predicate = (icmp_ln151)> <Delay = 0.00>
ST_5 : Operation 136 [1/1] (0.00ns)   --->   "%mrv_7 = insertvalue { i14, i14, i14, i14, i14, i14, i14, i14, i14, i14, i14, i14, i14, i14, i14, i14 } %mrv_6, i14 %acc_V_7_1, 7" [firmware/nnet_utils/nnet_dense_stream.h:26]   --->   Operation 136 'insertvalue' 'mrv_7' <Predicate = (icmp_ln151)> <Delay = 0.00>
ST_5 : Operation 137 [1/1] (0.00ns)   --->   "%mrv_8 = insertvalue { i14, i14, i14, i14, i14, i14, i14, i14, i14, i14, i14, i14, i14, i14, i14, i14 } %mrv_7, i14 %acc_V_8_1, 8" [firmware/nnet_utils/nnet_dense_stream.h:26]   --->   Operation 137 'insertvalue' 'mrv_8' <Predicate = (icmp_ln151)> <Delay = 0.00>
ST_5 : Operation 138 [1/1] (0.00ns)   --->   "%mrv_9 = insertvalue { i14, i14, i14, i14, i14, i14, i14, i14, i14, i14, i14, i14, i14, i14, i14, i14 } %mrv_8, i14 %acc_V_9_1, 9" [firmware/nnet_utils/nnet_dense_stream.h:26]   --->   Operation 138 'insertvalue' 'mrv_9' <Predicate = (icmp_ln151)> <Delay = 0.00>
ST_5 : Operation 139 [1/1] (0.00ns)   --->   "%mrv_10 = insertvalue { i14, i14, i14, i14, i14, i14, i14, i14, i14, i14, i14, i14, i14, i14, i14, i14 } %mrv_9, i14 %acc_V_10_1, 10" [firmware/nnet_utils/nnet_dense_stream.h:26]   --->   Operation 139 'insertvalue' 'mrv_10' <Predicate = (icmp_ln151)> <Delay = 0.00>
ST_5 : Operation 140 [1/1] (0.00ns)   --->   "%mrv_11 = insertvalue { i14, i14, i14, i14, i14, i14, i14, i14, i14, i14, i14, i14, i14, i14, i14, i14 } %mrv_10, i14 %acc_V_11_1, 11" [firmware/nnet_utils/nnet_dense_stream.h:26]   --->   Operation 140 'insertvalue' 'mrv_11' <Predicate = (icmp_ln151)> <Delay = 0.00>
ST_5 : Operation 141 [1/1] (0.00ns)   --->   "%mrv_12 = insertvalue { i14, i14, i14, i14, i14, i14, i14, i14, i14, i14, i14, i14, i14, i14, i14, i14 } %mrv_11, i14 %acc_V_12_1, 12" [firmware/nnet_utils/nnet_dense_stream.h:26]   --->   Operation 141 'insertvalue' 'mrv_12' <Predicate = (icmp_ln151)> <Delay = 0.00>
ST_5 : Operation 142 [1/1] (0.00ns)   --->   "%mrv_13 = insertvalue { i14, i14, i14, i14, i14, i14, i14, i14, i14, i14, i14, i14, i14, i14, i14, i14 } %mrv_12, i14 %acc_V_13_1, 13" [firmware/nnet_utils/nnet_dense_stream.h:26]   --->   Operation 142 'insertvalue' 'mrv_13' <Predicate = (icmp_ln151)> <Delay = 0.00>
ST_5 : Operation 143 [1/1] (0.00ns)   --->   "%mrv_14 = insertvalue { i14, i14, i14, i14, i14, i14, i14, i14, i14, i14, i14, i14, i14, i14, i14, i14 } %mrv_13, i14 %acc_V_14_1, 14" [firmware/nnet_utils/nnet_dense_stream.h:26]   --->   Operation 143 'insertvalue' 'mrv_14' <Predicate = (icmp_ln151)> <Delay = 0.00>
ST_5 : Operation 144 [1/1] (0.00ns)   --->   "%mrv_15 = insertvalue { i14, i14, i14, i14, i14, i14, i14, i14, i14, i14, i14, i14, i14, i14, i14, i14 } %mrv_14, i14 %acc_V_15_1, 15" [firmware/nnet_utils/nnet_dense_stream.h:26]   --->   Operation 144 'insertvalue' 'mrv_15' <Predicate = (icmp_ln151)> <Delay = 0.00>
ST_5 : Operation 145 [1/1] (0.00ns)   --->   "call void (...)* @_ssdm_op_Return({ i14, i14, i14, i14, i14, i14, i14, i14, i14, i14, i14, i14, i14, i14, i14, i14 } %mrv_15)" [firmware/nnet_utils/nnet_dense_stream.h:26]   --->   Operation 145 'return' <Predicate = (icmp_ln151)> <Delay = 0.00>


============================================================
+ Verbose Summary: Timing violations
============================================================
Target clock period: 5ns, clock uncertainty: 0.625ns.

 <State 1>: 1.77ns
The critical path consists of the following:
	multiplexor before 'phi' operation ('do_init') [11]  (1.77 ns)

 <State 2>: 5.03ns
The critical path consists of the following:
	'phi' operation ('in_index_0_i_i50', firmware/nnet_utils/nnet_dense_resource.h:168->firmware/nnet_utils/nnet_dense_resource.h:276->firmware/nnet_utils/nnet_dense_stream.h:24) with incoming values : ('select_ln168', firmware/nnet_utils/nnet_dense_resource.h:168->firmware/nnet_utils/nnet_dense_resource.h:276->firmware/nnet_utils/nnet_dense_stream.h:24) [17]  (0 ns)
	'add' operation ('in_index', firmware/nnet_utils/nnet_dense_resource.h:167->firmware/nnet_utils/nnet_dense_resource.h:276->firmware/nnet_utils/nnet_dense_stream.h:24) [139]  (2.55 ns)
	'icmp' operation ('icmp_ln168', firmware/nnet_utils/nnet_dense_resource.h:168->firmware/nnet_utils/nnet_dense_resource.h:276->firmware/nnet_utils/nnet_dense_stream.h:24) [140]  (2.47 ns)

 <State 3>: 5.72ns
The critical path consists of the following:
	'select' operation ('select_ln168', firmware/nnet_utils/nnet_dense_resource.h:168->firmware/nnet_utils/nnet_dense_resource.h:276->firmware/nnet_utils/nnet_dense_stream.h:24) [141]  (0.698 ns)
	'phi' operation ('in_index_0_i_i50', firmware/nnet_utils/nnet_dense_resource.h:168->firmware/nnet_utils/nnet_dense_resource.h:276->firmware/nnet_utils/nnet_dense_stream.h:24) with incoming values : ('select_ln168', firmware/nnet_utils/nnet_dense_resource.h:168->firmware/nnet_utils/nnet_dense_resource.h:276->firmware/nnet_utils/nnet_dense_stream.h:24) [17]  (0 ns)
	'add' operation ('in_index', firmware/nnet_utils/nnet_dense_resource.h:167->firmware/nnet_utils/nnet_dense_resource.h:276->firmware/nnet_utils/nnet_dense_stream.h:24) [139]  (2.55 ns)
	'icmp' operation ('icmp_ln168', firmware/nnet_utils/nnet_dense_resource.h:168->firmware/nnet_utils/nnet_dense_resource.h:276->firmware/nnet_utils/nnet_dense_stream.h:24) [140]  (2.47 ns)

 <State 4>: 5.59ns
The critical path consists of the following:
	'mul' operation ('mul_ln1118_26', firmware/nnet_utils/nnet_mult.h:67->firmware/nnet_utils/nnet_dense_resource.h:160->firmware/nnet_utils/nnet_dense_resource.h:276->firmware/nnet_utils/nnet_dense_stream.h:24) [122]  (3.78 ns)
	'add' operation ('acc[12].V', firmware/nnet_utils/nnet_dense_resource.h:160->firmware/nnet_utils/nnet_dense_resource.h:276->firmware/nnet_utils/nnet_dense_stream.h:24) [126]  (1.81 ns)

 <State 5>: 5.64ns
The critical path consists of the following:
	multiplexor before 'phi' operation ('acc[5].V') with incoming values : ('acc[4].V', firmware/nnet_utils/nnet_dense_resource.h:160->firmware/nnet_utils/nnet_dense_resource.h:276->firmware/nnet_utils/nnet_dense_stream.h:24) [97]  (1.77 ns)
	'phi' operation ('acc[5].V') with incoming values : ('acc[4].V', firmware/nnet_utils/nnet_dense_resource.h:160->firmware/nnet_utils/nnet_dense_resource.h:276->firmware/nnet_utils/nnet_dense_stream.h:24) [97]  (0 ns)
	'phi' operation ('res_5_V_write_assign28', firmware/nnet_utils/nnet_dense_resource.h:160->firmware/nnet_utils/nnet_dense_resource.h:276->firmware/nnet_utils/nnet_dense_stream.h:24) with incoming values : ('acc[4].V', firmware/nnet_utils/nnet_dense_resource.h:160->firmware/nnet_utils/nnet_dense_resource.h:276->firmware/nnet_utils/nnet_dense_stream.h:24) [29]  (0 ns)
	'mux' operation ('phi_ln1265_1', firmware/nnet_utils/nnet_dense_resource.h:160->firmware/nnet_utils/nnet_dense_resource.h:276->firmware/nnet_utils/nnet_dense_stream.h:24) [86]  (2.06 ns)
	'add' operation ('acc[4].V', firmware/nnet_utils/nnet_dense_resource.h:160->firmware/nnet_utils/nnet_dense_resource.h:276->firmware/nnet_utils/nnet_dense_stream.h:24) [87]  (1.81 ns)


============================================================
+ Verbose Summary: Binding
============================================================
N/A
* FSMD analyzer results:
  - Output states:
 - Input state : 
  - Chain level:
	State 1
	State 2
	State 3
	State 4
	State 5


============================================================
+ Verbose Summary: Datapath Resource usage 
============================================================
N/A
